=== emitter attempt: pnpm uc018:abandon:prove | HEAD=51568d28c55f2b53e7104305a8b14fbc6a5de289 | start=2026-10-03T05:12:25.938Z ===

> meetwise@0.1.0 uc018:abandon:prove /Users/miaole/Desktop/golucky/meetwise-line-d
> node scripts/run-e2e-isolated.mjs uc018:abandon:prove:raw

E2E_POSTGRES_READY label=boot consecutive=3 attempt=4
E2E isolated PostgreSQL: meetwise-e2e-52219-1791004346224 on 127.0.0.1:65295

> @meetwise/db@0.0.0 migrate /Users/miaole/Desktop/golucky/meetwise-line-d/packages/db
> tsx src/migrate-cli.ts

migrations: applied=134 skipped=0 rag_control_manifest=not_requested qbank_control_manifest=not_requested runtime_login=not_requested qbank_control_login=not_requested privacy_worker_login=not_requested
E2E_POSTGRES_READY label=post-migrate consecutive=3 attempt=3
E2E_POSTGRES_READY label=pre-prove consecutive=3 attempt=3

> @meetwise/db@0.0.0 prove:uc018-abandon /Users/miaole/Desktop/golucky/meetwise-line-d/packages/db
> tsx test/uc-e2e-018-user-abandon.proof.ts

UC-E2E-018 user-abandon prove · releaseEvidence=false · Not HA
NOTE: 本绿≠全链路 E2E covered；integration assert only；≠ matrix covered
NOTE: fixture=pgvector via isolated → green-risk / R5；≠ sole-stack migrated

──────── A1 · active 预留后放弃：abandoned + released + 额度净变 0 ────────
PASS  A1 reserve → reserved
PASS  A1 额度扣 1.0（5→4）
PASS  A1 abandon → abandoned
PASS  A1 released=released
PASS  A1 interview=abandoned
PASS  A1 consumption=released
PASS  A1 额度全回补（4→5，净变 0）

──────── A1-shell · created 无预留空壳放弃 → abandoned + released=noop ────────
PASS  A1-shell → abandoned
PASS  A1-shell released=noop
PASS  A1-shell interview=abandoned
PASS  A1-shell 额度不变

──────── A2 · abandoned 终态：二次 abandon 幂等；complete 冲突；不可复活 ────────
PASS  A2 setup interview=abandoned
PASS  A2 setup consumption=released
PASS  A2 二次 abandon → already_abandoned
PASS  A2 二次 released=noop（不双退）
PASS  A2 额度仍满（净变 0，不二次回补）
PASS  A2 complete 对 abandoned 拒（settlement_failed/terminal；不可复活）
PASS  A2 complete 错误码可解释
PASS  A2 仍为 abandoned（未复活）

──────── A3 · abandoned 不在 in-progress（create 复用 / 进行中列表口径） ────────
PASS  A3 live created 仍在进行中
PASS  A3 abandoned 不在进行中
PASS  A3 abandoned 行仍可读为终态

──────── A-created-reserved · created+reserved 放弃（begin 后 worker 前） ────────
PASS  A-created-reserved → abandoned
PASS  A-created-reserved released
PASS  A-created-reserved 额度净变 0

──────── A-waiting-user · waiting_user+reserved 放弃 → abandoned + released ────────
PASS  A-waiting-user reserve → reserved
PASS  A-waiting-user 额度扣 1.0（5→4）
PASS  A-waiting-user abandon → abandoned
PASS  A-waiting-user released=released
PASS  A-waiting-user interview=abandoned
PASS  A-waiting-user consumption=released
PASS  A-waiting-user 额度全回补（4→5，净变 0）
PASS  A-waiting-user abandoned ∉ in-progress

✓ UC-E2E-018 A1–A3 + A-waiting-user integration asserts passed (partial ladder only; ≠ covered; ≠ e2e:isolated; ≠ HTTP abandon)
CLOSED: GAP-UC018-WAITING-USER — abandon CAS now created|active|waiting_user + A-waiting-user prove
CLOSED_GAP_UC018_FULL_E2E: see pnpm uc018:abandon:full-e2e:prove / e2e/full.e2e.ts；GRAPH via uc018:graph:prove；TTL via uc018:ttl:prove；UI + sole-stack still gap → matrix partial ≠ covered
CLOSED_GAP_UC018_GRAPH: see pnpm uc018:graph:prove；AiGraphRun safely_terminated + 业务事实保全已钉；TTL closed via uc018:ttl:prove；UI+sole-stack still gap → matrix partial ≠ covered
CLOSED_GAP_UC018_TTL: see pnpm uc018:ttl:prove；TTL sweeper→abandoned+released 已钉；本 prove 仍 ≠ TTL dedicated；UI+sole-stack still gap → matrix partial ≠ covered
LOCAL_ISOLATED_PROOF_RECEIPT file=.tmp/isolated-proof-receipts/2026-10-03T05-12-33-129Z-52219-c6901e95-52de-4fb8-9e77-cf64b86bd44c.json release_evidence=false

[R5-MARKED-RED] E2E_ISOLATION_STACK=pgvector-legacy (dual-track; intended sole default=mysql-qdrant-redis) E2E_PG_IMAGE=pgvector/pgvector:pg16 is a legacy pgvector isolation fixture — NOT sole-stack truth (sole stack = MySQL+Qdrant+Redis). Local green ≠ RAG migrated. releaseEvidence=false · Not HA · 本绿≠已迁 · local green ≠ HA · need multi-instance + fault-inject for releaseEvidence.

=== pnpm uc018:abandon:prove EXIT=0 ===
