
> meetwise@0.1.0 uc018:perf-load:prove /workspace/meetwise-wt-an-perf-coding
> node scripts/run-e2e-isolated.mjs uc018:perf-load:prove:raw

[R5-MARKED-RED] E2E_ISOLATION_STACK=pgvector-legacy (dual-track; SOLE_STACK=mysql-qdrant-redis is a dual-track code-path label ≠ product stack truth) E2E_PG_IMAGE=pgvector/pgvector:pg16 is a legacy pgvector isolation fixture — isolated test infra narration, NOT stack truth / NOT cutover evidence (product stack pin = ai-docs/delivery/adr-postgres-retained.md: Postgres · PostgresSaver · pgvector). Local green ≠ RAG migrated. releaseEvidence=false · Not HA · 本绿≠已迁 · local green ≠ HA · need multi-instance + fault-inject for releaseEvidence.
E2E_RESOURCE_CAPS target=uc018:perf-load:prove:raw docker_args=--cpus 2 --memory 4g
E2E_POSTGRES_READY label=boot consecutive=3 attempt=4
E2E isolated PostgreSQL: meetwise-e2e-1395233-1791295189141 on 127.0.0.1:32987
E2E_ISO_STACK_NOTE isolated shell = test infrastructure only: isolated test PG ≠ product stack change ≠ cutover evidence; product stack pin = ai-docs/delivery/adr-postgres-retained.md (Postgres retained · PostgresSaver · pgvector). releaseEvidence=false · Not HA.
E2E_POSTGRES_READY label=pre-prove consecutive=3 attempt=3
UC018_CAPS pg container=meetwise-e2e-1395233-1791295189141 NanoCpus=2000000000 Memory=4294967296 ok=true
UC018_CAPS written enforced=true api NanoCpus=2000000000 Memory=4294967296
UC-E2E-018 PERF/LOAD prove · NHP-018-PERF-01 + NHP-018-LOAD-01
NOTE: Method freeze nearest-rank · timeout=10s=error · warmup=10 · runs=3 · caps Docker 2cpu/4GiB
NOTE: local ≠ production capacity ≠ HA · PERF/LOAD partial ≠ UC covered · §1.1 stays partial
fatal: not a git repository: /workspace/projects/meetwise/.git/worktrees/meetwise-wt-an-perf-coding
PERF run1: p50=27.2 p95=81.8 p99=86.2 err=0 timeout=0 passed=true
LOAD run1: p50=52.7 p95=144.6 p99=172.5 err=0 timeout=0 dblRel=0 stuck=0 stuckGraph=0 passed=true
PERF run2: p50=19.2 p95=58.0 p99=76.5 err=0 timeout=0 passed=true
LOAD run2: p50=31.6 p95=112.4 p99=119.8 err=0 timeout=0 dblRel=0 stuck=0 stuckGraph=0 passed=true
node:events:502
      throw er; // Unhandled 'error' event
      ^

Error: Connection terminated unexpectedly
    at Connection.<anonymous> (node_modules/.pnpm/pg@8.22.0/node_modules/pg/lib/client.js:199:73)
    at Object.onceWrapper (node:events:638:28)
    at Connection.emit (node:events:524:28)
    at Socket.<anonymous> (node_modules/.pnpm/pg@8.22.0/node_modules/pg/lib/connection.js:63:12)
    at Socket.emit (node:events:524:28)
    at TCP.<anonymous> (node:net:343:12)
Emitted 'error' event on Client instance at:
    at Client._handleErrorEvent (node_modules/.pnpm/pg@8.22.0/node_modules/pg/lib/client.js:417:10)
    at Connection.<anonymous> (node_modules/.pnpm/pg@8.22.0/node_modules/pg/lib/client.js:217:16)
    at Object.onceWrapper (node:events:638:28)
    [... lines matching original stack trace ...]
    at TCP.<anonymous> (node:net:343:12)

Node.js v20.20.2
ISOLATED_POSTGRES_OUTPUT_WITHHELD container=meetwise-e2e-1395233-1791295189141 state_bytes=219 logs_bytes=2369
LOCAL_ISOLATED_PROOF_RECEIPT file=.tmp/isolated-proof-receipts/2026-10-06T14-00-04-720Z-1395233-e851c0cf-c157-40a0-8725-3da519092c30.json release_evidence=false
 ELIFECYCLE  Command failed with exit code 1.
RAW_EXIT=1
