[sidecar 2026-10-08T06:13:51.363Z] sidecar v2 start; wrapperLog=/Users/miaole/Desktop/golucky/meetwise-line-g7y/.tmp/g7y-cmd2full/wrapper.log; discipline: post-migrate anchor / 42P01 pending / stop-needle armed post-first-ok (>=5) / per-query guarded / SELECT-only aggregates only
[sidecar 2026-10-08T06:13:54.381Z] CONTAINER BIND exact=meetwise-e2e-27253-1791440031724 port=56158 (rebind; per-container state reset)
[sidecar 2026-10-08T06:13:56.365Z] first-ok tick (stop-needle ARMED post-first-ok)
[sidecar 2026-10-08T06:13:57.371Z] ANCHOR post-migrate seen (v2 anchor; Ban container_found anchor) container=meetwise-e2e-27253-1791440031724
[sidecar 2026-10-08T06:13:57.770Z] tick 6 ok: ij=[] inv=[]
[sidecar 2026-10-08T06:13:59.232Z] tick 7 ok: ij=[] inv=[]
[sidecar 2026-10-08T06:14:00.877Z] tick 8 ok: ij=[] inv=[]
[sidecar 2026-10-08T06:14:02.388Z] tick 9 ok: ij=[] inv=[]
[sidecar 2026-10-08T06:14:03.872Z] tick 10 ok: ij=[] inv=[]
[sidecar 2026-10-08T06:14:05.432Z] tick 11 ok: ij=[] inv=[]
[sidecar 2026-10-08T06:14:06.950Z] tick 12 ok: ij=[] inv=[]
[sidecar 2026-10-08T06:14:08.403Z] tick 13 ok: ij=[] inv=[]
[sidecar 2026-10-08T06:14:09.993Z] tick 14 ok: ij=[] inv=[]
[sidecar 2026-10-08T06:14:11.520Z] tick 15 ok: ij=[] inv=[]
[sidecar 2026-10-08T06:14:12.959Z] tick 16 ok: ij=[] inv=[]
[sidecar 2026-10-08T06:14:14.531Z] tick 17 ok: ij=[] inv=["dispatching|1"]
[sidecar 2026-10-08T06:14:16.075Z] tick 18 ok: ij=[] inv=["dispatching|1"]
[sidecar 2026-10-08T06:14:17.517Z] tick 19 ok: ij=[] inv=["succeeded|1"]
[sidecar 2026-10-08T06:14:18.952Z] tick 20 ok: ij=["running|1|1|1"] inv=["dispatching|1","succeeded|1"]
[sidecar 2026-10-08T06:14:20.413Z] tick 21 ok: ij=["running|1|1|1"] inv=["dispatching|1","failed|1","succeeded|1"]
[sidecar 2026-10-08T06:14:21.919Z] tick 22 ok: ij=["done|1|1|1","running|1|1|1"] inv=["failed|1","succeeded|3"]
[sidecar 2026-10-08T06:14:23.396Z] tick 23 ok: ij=["done|2|1|1"] inv=["failed|1","succeeded|3"]
[sidecar 2026-10-08T06:14:24.862Z] tick 24 ok: ij=["done|2|1|1"] inv=["failed|1","succeeded|3"]
[sidecar 2026-10-08T06:14:26.362Z] tick 25 ok: ij=["done|2|1|1"] inv=["failed|1","succeeded|3"]
[sidecar 2026-10-08T06:14:27.804Z] tick 26 ok: ij=["done|2|1|1"] inv=["failed|1","succeeded|3"]
[sidecar 2026-10-08T06:14:29.263Z] tick 27 ok: ij=["done|2|1|1"] inv=["failed|1","succeeded|3"]
[sidecar 2026-10-08T06:14:30.792Z] tick 28 ok: ij=["done|2|1|1"] inv=["failed|1","succeeded|3"]
[sidecar 2026-10-08T06:14:32.230Z] tick 29 ok: ij=["done|2|1|1"] inv=["failed|1","succeeded|3"]
[sidecar 2026-10-08T06:14:33.682Z] tick 30 ok: ij=["done|2|1|1"] inv=["failed|1","succeeded|3"]
[sidecar 2026-10-08T06:14:35.178Z] tick 31 ok: ij=["done|2|1|1"] inv=["failed|1","succeeded|3"]
[sidecar 2026-10-08T06:14:36.618Z] tick 32 ok: ij=["done|2|1|1"] inv=["failed|1","succeeded|3"]
[sidecar 2026-10-08T06:14:38.055Z] tick 33 ok: ij=["done|2|1|1"] inv=["failed|1","succeeded|3"]
[sidecar 2026-10-08T06:14:39.495Z] tick 34 ok: ij=["done|2|1|1"] inv=["failed|1","succeeded|3"]
[sidecar 2026-10-08T06:14:40.946Z] tick 35 ok: ij=["done|2|1|1"] inv=["failed|1","succeeded|3"]
[sidecar 2026-10-08T06:14:42.483Z] tick 36 ok: ij=["done|2|1|1"] inv=["failed|1","succeeded|3"]
[sidecar 2026-10-08T06:14:43.932Z] tick 37 ok: ij=["done|2|1|1"] inv=["failed|1","succeeded|3"]
[sidecar 2026-10-08T06:14:45.367Z] tick 38 ok: ij=["done|2|1|1"] inv=["failed|1","succeeded|3"]
[sidecar 2026-10-08T06:14:46.855Z] tick 39 ok: ij=["done|2|1|1"] inv=["failed|1","succeeded|3"]
[sidecar 2026-10-08T06:14:48.280Z] tick 40 ok: ij=["done|2|1|1"] inv=["failed|1","succeeded|3"]
[sidecar 2026-10-08T06:14:49.749Z] tick 41 ok: ij=["done|2|1|1"] inv=["failed|1","succeeded|3"]
[sidecar 2026-10-08T06:14:51.207Z] tick 42 ok: ij=["done|2|1|1"] inv=["failed|1","succeeded|3"]
[sidecar 2026-10-08T06:14:52.655Z] tick 43 ok: ij=["done|2|1|1","running|1|1|1"] inv=["dispatching|1","failed|1","succeeded|4"]
[sidecar 2026-10-08T06:14:54.163Z] tick 44 ok: ij=["done|2|1|1","running|1|1|1"] inv=["dispatching|1","failed|1","succeeded|4"]
[sidecar 2026-10-08T06:14:55.608Z] tick 45 ok: ij=["done|3|1|1","running|1|1|1"] inv=["dispatching|1","failed|1","succeeded|5"]
[sidecar 2026-10-08T06:14:57.051Z] tick 46 ok: ij=["done|4|1|1"] inv=["failed|1","succeeded|6"]
[sidecar 2026-10-08T06:14:58.579Z] tick 47 ok: ij=["done|4|1|1"] inv=["failed|1","succeeded|6"]
[sidecar 2026-10-08T06:15:00.033Z] tick 48 ok: ij=["done|4|1|1"] inv=["failed|1","succeeded|6"]
[sidecar 2026-10-08T06:15:01.643Z] tick 49 ok: ij=["done|4|1|1"] inv=["failed|1","succeeded|6"]
[sidecar 2026-10-08T06:15:03.149Z] tick 50 ok: ij=["done|4|1|1"] inv=["failed|1","succeeded|6"]
[sidecar 2026-10-08T06:15:04.591Z] tick 51 ok: ij=["done|4|1|1"] inv=["failed|1","succeeded|6"]
[sidecar 2026-10-08T06:15:06.065Z] tick 52 ok: ij=["done|4|1|1"] inv=["failed|1","succeeded|6"]
[sidecar 2026-10-08T06:15:07.531Z] tick 53 ok: ij=["done|4|1|1"] inv=["failed|1","succeeded|6"]
[sidecar 2026-10-08T06:15:08.996Z] tick 54 ok: ij=["done|4|1|1"] inv=["failed|1","succeeded|6"]
[sidecar 2026-10-08T06:15:10.545Z] tick 55 ok: ij=["done|4|1|1"] inv=["failed|1","succeeded|6"]
[sidecar 2026-10-08T06:15:12.004Z] tick 56 ok: ij=["done|4|1|1"] inv=["failed|1","succeeded|6"]
[sidecar 2026-10-08T06:15:13.457Z] tick 57 ok: ij=["done|4|1|1"] inv=["failed|1","succeeded|6"]
[sidecar 2026-10-08T06:15:14.987Z] tick 58 ok: ij=["done|4|1|1"] inv=["failed|1","succeeded|6"]
[sidecar 2026-10-08T06:15:16.415Z] tick 59 ok: ij=["done|4|1|1"] inv=["failed|1","succeeded|6"]
[sidecar 2026-10-08T06:15:17.865Z] tick 60 ok: ij=["done|4|1|1"] inv=["failed|1","succeeded|6"]
[sidecar 2026-10-08T06:15:19.297Z] tick 61 ok: ij=["done|4|1|1"] inv=["failed|1","succeeded|6"]
[sidecar 2026-10-08T06:15:20.755Z] tick 62 ok: ij=["done|4|1|1"] inv=["failed|1","succeeded|6"]
[sidecar 2026-10-08T06:15:22.194Z] tick 63 ok: ij=["done|4|1|1"] inv=["failed|1","succeeded|6"]
[sidecar 2026-10-08T06:15:23.655Z] tick 64 ok: ij=["done|4|1|1"] inv=["failed|1","succeeded|6"]
[sidecar 2026-10-08T06:15:25.136Z] tick 65 ok: ij=["done|4|1|1"] inv=["failed|1","succeeded|6"]
[sidecar 2026-10-08T06:15:26.643Z] tick 66 ok: ij=["done|4|1|1","running|1|1|1"] inv=["dispatching|1","failed|1","succeeded|6"]
[sidecar 2026-10-08T06:15:28.107Z] tick 67 ok: ij=["done|5|1|1"] inv=["failed|1","succeeded|8"]
[sidecar 2026-10-08T06:15:29.507Z] tick 68 ok: ij=["done|5|1|1","running|1|1|1"] inv=["dispatching|1","failed|1","succeeded|8"]
[sidecar 2026-10-08T06:15:30.998Z] tick 69 ok: ij=["done|6|1|1"] inv=["failed|1","succeeded|9"]
[sidecar 2026-10-08T06:15:32.444Z] tick 70 ok: ij=["done|6|1|1"] inv=["failed|1","succeeded|9"]
[sidecar 2026-10-08T06:15:33.923Z] tick 71 ok: ij=["done|6|1|1"] inv=["failed|1","succeeded|9"]
[sidecar 2026-10-08T06:15:35.373Z] tick 72 ok: ij=["done|6|1|1"] inv=["failed|1","succeeded|9"]
[sidecar 2026-10-08T06:15:36.813Z] tick 73 ok: ij=["done|6|1|1"] inv=["failed|1","succeeded|9"]
[sidecar 2026-10-08T06:15:38.334Z] tick 74 ok: ij=["done|6|1|1"] inv=["failed|1","succeeded|9"]
[sidecar 2026-10-08T06:15:39.794Z] tick 75 ok: ij=["done|6|1|1"] inv=["failed|1","succeeded|9"]
[sidecar 2026-10-08T06:15:41.255Z] tick 76 ok: ij=["done|6|1|1"] inv=["failed|1","succeeded|9"]
[sidecar 2026-10-08T06:15:42.789Z] tick 77 ok: ij=["done|6|1|1"] inv=["failed|1","succeeded|9"]
[sidecar 2026-10-08T06:15:44.224Z] tick 78 ok: ij=["done|6|1|1"] inv=["failed|1","succeeded|9"]
[sidecar 2026-10-08T06:15:45.664Z] tick 79 ok: ij=["done|6|1|1"] inv=["failed|1","succeeded|9"]
[sidecar 2026-10-08T06:15:47.127Z] tick 80 ok: ij=["done|6|1|1"] inv=["failed|1","succeeded|9"]
[sidecar 2026-10-08T06:15:48.599Z] tick 81 ok: ij=["done|6|1|1"] inv=["failed|1","succeeded|9"]
[sidecar 2026-10-08T06:15:50.107Z] tick 82 ok: ij=["done|6|1|1"] inv=["failed|1","succeeded|9"]
[sidecar 2026-10-08T06:15:51.558Z] tick 83 ok: ij=["done|6|1|1"] inv=["failed|1","succeeded|9"]
[sidecar 2026-10-08T06:15:52.994Z] tick 84 ok: ij=["done|6|1|1"] inv=["failed|1","succeeded|9"]
[sidecar 2026-10-08T06:15:54.466Z] tick 85 ok: ij=["done|6|1|1"] inv=["failed|1","succeeded|9"]
[sidecar 2026-10-08T06:15:55.920Z] tick 86 ok: ij=["done|6|1|1"] inv=["failed|1","succeeded|9"]
[sidecar 2026-10-08T06:15:57.372Z] tick 87 ok: ij=["done|6|1|1"] inv=["failed|1","succeeded|9"]
[sidecar 2026-10-08T06:15:58.804Z] tick 88 ok: ij=["done|6|1|1"] inv=["failed|1","succeeded|9"]
[sidecar 2026-10-08T06:16:00.248Z] tick 89 ok: ij=["done|6|1|1","running|1|1|1"] inv=["dispatching|1","failed|1","succeeded|9"]
[sidecar 2026-10-08T06:16:01.909Z] tick 90 ok: ij=["done|7|1|1"] inv=["failed|1","succeeded|10"]
[sidecar 2026-10-08T06:16:03.364Z] tick 91 ok: ij=["done|7|1|1"] inv=["failed|1","succeeded|10"]
[sidecar 2026-10-08T06:16:04.828Z] tick 92 ok: ij=["done|7|1|1"] inv=["failed|1","succeeded|10"]
[sidecar 2026-10-08T06:16:06.288Z] tick 93 ok: ij=["done|7|1|1"] inv=["failed|1","succeeded|10"]
[sidecar 2026-10-08T06:16:07.732Z] tick 94 ok: ij=["done|7|1|1"] inv=["failed|1","succeeded|10"]
[sidecar 2026-10-08T06:16:09.202Z] tick 95 ok: ij=["done|7|1|1"] inv=["failed|1","succeeded|10"]
[sidecar 2026-10-08T06:16:10.665Z] tick 96 ok: ij=["done|7|1|1"] inv=["failed|1","succeeded|10"]
[sidecar 2026-10-08T06:16:12.173Z] tick 97 ok: ij=["done|7|1|1"] inv=["failed|1","succeeded|10"]
[sidecar 2026-10-08T06:16:13.788Z] tick 98 ok: ij=["done|7|1|1"] inv=["failed|1","succeeded|10"]
[sidecar 2026-10-08T06:16:15.238Z] tick 99 ok: ij=["done|7|1|1"] inv=["failed|1","succeeded|10"]
[sidecar 2026-10-08T06:16:16.790Z] tick 100 ok: ij=["done|7|1|1"] inv=["failed|1","succeeded|10"]
[sidecar 2026-10-08T06:16:18.476Z] tick 101 ok: ij=["done|7|1|1"] inv=["failed|1","succeeded|10"]
[sidecar 2026-10-08T06:16:20.030Z] tick 102 ok: ij=["done|7|1|1"] inv=["failed|1","succeeded|10"]
[sidecar 2026-10-08T06:16:21.555Z] tick 103 ok: ij=["done|7|1|1"] inv=["failed|1","succeeded|10"]
[sidecar 2026-10-08T06:16:23.189Z] tick 104 ok: ij=["done|7|1|1"] inv=["failed|1","succeeded|10"]
[sidecar 2026-10-08T06:16:24.814Z] tick 105 ok: ij=["done|7|1|1"] inv=["failed|1","succeeded|10"]
[sidecar 2026-10-08T06:16:26.304Z] tick 106 ok: ij=["done|7|1|1"] inv=["failed|1","succeeded|10"]
[sidecar 2026-10-08T06:16:27.901Z] tick 107 ok: ij=["done|7|1|1"] inv=["failed|1","succeeded|10"]
[sidecar 2026-10-08T06:16:29.424Z] tick 108 ok: ij=["done|7|1|1","running|1|1|1"] inv=["dispatching|1","failed|2","succeeded|10"]
[sidecar 2026-10-08T06:16:30.925Z] tick 109 ok: ij=["done|8|1|2"] inv=["failed|2","succeeded|11"]
[sidecar 2026-10-08T06:16:32.573Z] tick 110 ok: ij=["done|8|1|2"] inv=["failed|2","succeeded|11"]
[sidecar 2026-10-08T06:16:34.124Z] tick 111 ok: ij=["done|8|1|2"] inv=["failed|2","succeeded|11"]
[sidecar 2026-10-08T06:16:35.588Z] tick 112 ok: ij=["done|8|1|2"] inv=["failed|2","succeeded|11"]
[sidecar 2026-10-08T06:16:37.157Z] tick 113 ok: ij=["done|8|1|2"] inv=["dispatching|1","failed|2","succeeded|11"]
[sidecar 2026-10-08T06:16:38.648Z] tick 114 ok: ij=["done|8|1|2"] inv=["dispatching|1","failed|2","succeeded|11"]
[sidecar 2026-10-08T06:16:40.167Z] tick 115 ok: ij=["done|8|1|2"] inv=["failed|2","succeeded|12"]
[sidecar 2026-10-08T06:16:41.712Z] tick 116 ok: ij=["done|8|1|2","running|1|1|1"] inv=["dispatching|1","failed|2","succeeded|12"]
[sidecar 2026-10-08T06:16:43.187Z] tick 117 ok: ij=["done|8|1|2","running|1|1|1"] inv=["dispatching|1","failed|3","succeeded|12"]
[sidecar 2026-10-08T06:16:44.665Z] tick 118 ok: ij=["done|9|1|2"] inv=["failed|3","succeeded|13"]
[sidecar 2026-10-08T06:16:46.095Z] tick 119 ok: ij=["done|9|1|2","running|1|1|1"] inv=["dispatching|1","failed|3","succeeded|13"]
[sidecar 2026-10-08T06:16:47.557Z] tick 120 ok: ij=["done|9|1|2","running|1|1|1"] inv=["dispatching|1","failed|3","succeeded|14"]
[sidecar 2026-10-08T06:16:49.100Z] tick 121 ok: ij=["done|10|1|2"] inv=["failed|3","succeeded|15"]
[sidecar 2026-10-08T06:16:50.595Z] tick 122 ok: ij=["done|10|1|2","running|1|1|1"] inv=["dispatching|1","failed|3","succeeded|15"]
[sidecar 2026-10-08T06:16:52.088Z] tick 123 ok: ij=["done|11|1|2"] inv=["failed|3","succeeded|16"]
[sidecar 2026-10-08T06:16:53.673Z] tick 124 ok: ij=["done|11|1|2"] inv=["failed|3","succeeded|16"]
[sidecar 2026-10-08T06:16:55.127Z] tick 125 ok: ij=["done|11|1|2"] inv=["failed|3","succeeded|16"]
[sidecar 2026-10-08T06:16:56.602Z] tick 126 ok: ij=["done|11|1|2"] inv=["failed|3","succeeded|16"]
[sidecar 2026-10-08T06:16:58.414Z] tick 127 ok: ij=["done|11|1|2"] inv=["failed|3","succeeded|16"]
[sidecar 2026-10-08T06:16:59.876Z] tick 128 ok: ij=["done|11|1|2"] inv=["failed|3","succeeded|16"]
[sidecar 2026-10-08T06:17:01.362Z] tick 129 ok: ij=["done|11|1|2"] inv=["failed|3","succeeded|16"]
[sidecar 2026-10-08T06:17:02.980Z] tick 130 ok: ij=["done|11|1|2"] inv=["failed|3","succeeded|16"]
[sidecar 2026-10-08T06:17:04.451Z] tick 131 ok: ij=["done|11|1|2"] inv=["failed|3","succeeded|16"]
[sidecar 2026-10-08T06:17:05.917Z] tick 132 ok: ij=["done|11|1|2"] inv=["failed|3","succeeded|16"]
[sidecar 2026-10-08T06:17:07.461Z] tick 133 ok: ij=["done|11|1|2"] inv=["failed|3","succeeded|16"]
[sidecar 2026-10-08T06:17:08.954Z] tick 134 ok: ij=["done|11|1|2"] inv=["failed|3","succeeded|16"]
[sidecar 2026-10-08T06:17:10.446Z] tick 135 ok: ij=["done|11|1|2"] inv=["failed|3","succeeded|16"]
[sidecar 2026-10-08T06:17:12.028Z] tick 136 ok: ij=["done|11|1|2"] inv=["failed|3","succeeded|16"]
[sidecar 2026-10-08T06:17:13.503Z] tick 137 ok: ij=["done|11|1|2"] inv=["failed|3","succeeded|16"]
[sidecar 2026-10-08T06:17:15.022Z] tick 138 ok: ij=["done|11|1|2"] inv=["failed|3","succeeded|16"]
[sidecar 2026-10-08T06:17:16.500Z] tick 139 ok: ij=["done|11|1|2"] inv=["failed|3","succeeded|16"]
[sidecar 2026-10-08T06:17:17.962Z] tick 140 ok: ij=["done|11|1|2"] inv=["failed|3","succeeded|16"]
[sidecar 2026-10-08T06:17:19.498Z] tick 141 ok: ij=["done|11|1|2"] inv=["failed|3","succeeded|16"]
[sidecar 2026-10-08T06:17:20.952Z] tick 142 ok: ij=["done|11|1|2","running|1|1|1"] inv=["dispatching|1","failed|3","succeeded|16"]
[sidecar 2026-10-08T06:17:22.488Z] tick 143 ok: ij=["done|11|1|2","running|1|1|1"] inv=["dispatching|1","failed|3","succeeded|17"]
[sidecar 2026-10-08T06:17:24.214Z] tick 144 ok: ij=["done|12|1|2"] inv=["dispatching|1","failed|3","succeeded|18"]
[sidecar 2026-10-08T06:17:25.721Z] tick 145 ok: ij=["done|13|1|2"] inv=["failed|3","succeeded|19"]
[sidecar 2026-10-08T06:17:27.204Z] tick 146 ok: ij=["done|13|1|2"] inv=["failed|3","succeeded|19"]
[sidecar 2026-10-08T06:17:28.808Z] tick 147 ok: ij=["done|13|1|2"] inv=["failed|3","succeeded|19"]
[sidecar 2026-10-08T06:17:30.256Z] tick 148 ok: ij=["done|13|1|2"] inv=["failed|3","succeeded|19"]
[sidecar 2026-10-08T06:17:31.732Z] tick 149 ok: ij=["done|13|1|2"] inv=["failed|3","succeeded|19"]
[sidecar 2026-10-08T06:17:33.375Z] tick 150 ok: ij=["done|13|1|2"] inv=["failed|3","succeeded|19"]
[sidecar 2026-10-08T06:17:34.885Z] tick 151 ok: ij=["done|13|1|2"] inv=["failed|3","succeeded|19"]
[sidecar 2026-10-08T06:17:36.372Z] tick 152 ok: ij=["done|13|1|2"] inv=["failed|3","succeeded|19"]
[sidecar 2026-10-08T06:17:37.943Z] tick 153 ok: ij=["done|13|1|2"] inv=["failed|3","succeeded|19"]
[sidecar 2026-10-08T06:17:39.374Z] tick 154 ok: ij=["done|13|1|2"] inv=["failed|3","succeeded|19"]
[sidecar 2026-10-08T06:17:40.903Z] tick 155 ok: ij=["done|13|1|2"] inv=["failed|3","succeeded|19"]
[sidecar 2026-10-08T06:17:42.460Z] tick 156 ok: ij=["done|13|1|2"] inv=["failed|3","succeeded|19"]
[sidecar 2026-10-08T06:17:43.997Z] tick 157 ok: ij=["done|13|1|2"] inv=["failed|3","succeeded|19"]
[sidecar 2026-10-08T06:17:45.519Z] tick 158 ok: ij=["done|13|1|2"] inv=["failed|3","succeeded|19"]
[sidecar 2026-10-08T06:17:47.017Z] tick 159 ok: ij=["done|13|1|2"] inv=["failed|3","succeeded|19"]
[sidecar 2026-10-08T06:17:48.524Z] tick 160 ok: ij=["done|13|1|2"] inv=["failed|3","succeeded|19"]
[sidecar 2026-10-08T06:17:50.028Z] tick 161 ok: ij=["done|13|1|2"] inv=["failed|3","succeeded|19"]
[sidecar 2026-10-08T06:17:51.524Z] tick 162 ok: ij=["done|13|1|2"] inv=["failed|3","succeeded|19"]
[sidecar 2026-10-08T06:17:52.970Z] tick 163 ok: ij=["done|13|1|2"] inv=["failed|3","succeeded|19"]
[sidecar 2026-10-08T06:17:54.691Z] tick 164 ok: ij=["done|13|1|2","running|1|1|1"] inv=["dispatching|1","failed|3","succeeded|19"]
[sidecar 2026-10-08T06:17:56.133Z] tick 165 ok: ij=["done|14|1|2"] inv=["failed|3","succeeded|20"]
[sidecar 2026-10-08T06:17:57.547Z] tick 166 ok: ij=["done|14|1|2"] inv=["failed|3","succeeded|20"]
[sidecar 2026-10-08T06:17:59.048Z] tick 167 ok: ij=["done|14|1|2"] inv=["failed|3","succeeded|20"]
[sidecar 2026-10-08T06:18:00.514Z] tick 168 ok: ij=["done|14|1|2"] inv=["failed|3","succeeded|20"]
[sidecar 2026-10-08T06:18:02.021Z] tick 169 ok: ij=["done|14|1|2"] inv=["failed|3","succeeded|20"]
[sidecar 2026-10-08T06:18:03.523Z] tick 170 ok: ij=["done|14|1|2"] inv=["failed|3","succeeded|20"]
[sidecar 2026-10-08T06:18:04.999Z] tick 171 ok: ij=["done|14|1|2"] inv=["failed|3","succeeded|20"]
[sidecar 2026-10-08T06:18:06.492Z] tick 172 ok: ij=["done|14|1|2"] inv=["failed|3","succeeded|20"]
[sidecar 2026-10-08T06:18:07.950Z] tick 173 ok: ij=["done|14|1|2"] inv=["failed|3","succeeded|20"]
[sidecar 2026-10-08T06:18:09.442Z] tick 174 ok: ij=["done|14|1|2"] inv=["failed|3","succeeded|20"]
[sidecar 2026-10-08T06:18:10.956Z] tick 175 ok: ij=["done|14|1|2"] inv=["failed|3","succeeded|20"]
[sidecar 2026-10-08T06:18:12.422Z] tick 176 ok: ij=["done|14|1|2"] inv=["failed|3","succeeded|20"]
[sidecar 2026-10-08T06:18:13.926Z] tick 177 ok: ij=["done|14|1|2"] inv=["failed|3","succeeded|20"]
[sidecar 2026-10-08T06:18:15.451Z] tick 178 ok: ij=["done|14|1|2"] inv=["failed|3","succeeded|20"]
[sidecar 2026-10-08T06:18:16.979Z] tick 179 ok: ij=["done|14|1|2"] inv=["failed|3","succeeded|20"]
[sidecar 2026-10-08T06:18:18.466Z] tick 180 ok: ij=["done|14|1|2"] inv=["failed|3","succeeded|20"]
[sidecar 2026-10-08T06:18:20.004Z] tick 181 ok: ij=["done|14|1|2"] inv=["failed|3","succeeded|20"]
[sidecar 2026-10-08T06:18:21.498Z] tick 182 ok: ij=["done|14|1|2"] inv=["failed|3","succeeded|20"]
[sidecar 2026-10-08T06:18:22.981Z] tick 183 ok: ij=["done|14|1|2"] inv=["failed|3","succeeded|20"]
[sidecar 2026-10-08T06:18:24.715Z] tick 184 ok: ij=["done|14|1|2"] inv=["failed|3","succeeded|20"]
[sidecar 2026-10-08T06:18:26.232Z] tick 185 ok: ij=["done|14|1|2"] inv=["failed|3","succeeded|20"]
[sidecar 2026-10-08T06:18:27.733Z] tick 186 ok: ij=["done|14|1|2"] inv=["failed|3","succeeded|20"]
[sidecar 2026-10-08T06:18:29.453Z] tick 187 ok: ij=["done|14|1|2"] inv=["failed|3","succeeded|20"]
[sidecar 2026-10-08T06:18:30.956Z] tick 188 ok: ij=["done|14|1|2"] inv=["failed|3","succeeded|20"]
[sidecar 2026-10-08T06:18:32.461Z] tick 189 ok: ij=["done|14|1|2"] inv=["failed|3","succeeded|20"]
[sidecar 2026-10-08T06:18:34.544Z] tick 190 ok: ij=["done|14|1|2"] inv=["claimed|1","failed|3","succeeded|20"]
[sidecar 2026-10-08T06:18:35.693Z] STOPPED: STOP sentinel by orchestrator (wrapper exited); ticks=191 pending42P01=1 anchorSeen=true firstOk=true
