[sidecar 2026-10-08T05:45:36.583Z] sidecar v2 start; wrapperLog=/Users/miaole/Desktop/golucky/meetwise-line-g7y/.tmp/g7y-cmd2/wrapper.log; discipline: post-migrate anchor / 42P01 pending / stop-needle armed post-first-ok (>=5) / per-query guarded / SELECT-only aggregates only
[sidecar 2026-10-08T05:45:39.598Z] CONTAINER BIND exact=meetwise-e2e-7108-1791438336901 port=49180 (rebind; per-container state reset)
[sidecar 2026-10-08T05:45:41.588Z] first-ok tick (stop-needle ARMED post-first-ok)
[sidecar 2026-10-08T05:45:43.008Z] tick 6 ok: ij=[] inv=[]
[sidecar 2026-10-08T05:45:44.009Z] ANCHOR post-migrate seen (v2 anchor; Ban container_found anchor) container=meetwise-e2e-7108-1791438336901
[sidecar 2026-10-08T05:45:44.491Z] tick 7 ok: ij=[] inv=[]
[sidecar 2026-10-08T05:45:46.028Z] tick 8 ok: ij=[] inv=[]
[sidecar 2026-10-08T05:45:47.571Z] tick 9 ok: ij=[] inv=[]
[sidecar 2026-10-08T05:45:49.099Z] tick 10 ok: ij=[] inv=[]
[sidecar 2026-10-08T05:45:50.540Z] tick 11 ok: ij=[] inv=[]
[sidecar 2026-10-08T05:45:52.006Z] tick 12 ok: ij=[] inv=[]
[sidecar 2026-10-08T05:45:53.583Z] tick 13 ok: ij=[] inv=[]
[sidecar 2026-10-08T05:45:55.112Z] tick 14 ok: ij=[] inv=[]
[sidecar 2026-10-08T05:45:56.619Z] tick 15 ok: ij=[] inv=[]
[sidecar 2026-10-08T05:45:58.184Z] tick 16 ok: ij=[] inv=[]
[sidecar 2026-10-08T05:45:59.603Z] tick 17 ok: ij=[] inv=[]
[sidecar 2026-10-08T05:46:01.133Z] tick 18 ok: ij=[] inv=[]
[sidecar 2026-10-08T05:46:02.711Z] tick 19 ok: ij=[] inv=[]
[sidecar 2026-10-08T05:46:04.257Z] tick 20 ok: ij=[] inv=[]
[sidecar 2026-10-08T05:46:05.741Z] tick 21 ok: ij=[] inv=[]
[sidecar 2026-10-08T05:46:07.210Z] tick 22 ok: ij=[] inv=[]
[sidecar 2026-10-08T05:46:08.665Z] tick 23 ok: ij=[] inv=[]
[sidecar 2026-10-08T05:46:10.130Z] tick 24 ok: ij=[] inv=[]
[sidecar 2026-10-08T05:46:11.598Z] tick 25 ok: ij=[] inv=[]
[sidecar 2026-10-08T05:46:13.031Z] tick 26 ok: ij=[] inv=[]
[sidecar 2026-10-08T05:46:14.611Z] tick 27 ok: ij=[] inv=[]
[sidecar 2026-10-08T05:46:16.360Z] tick 28 ok: ij=[] inv=[]
[sidecar 2026-10-08T05:46:17.823Z] tick 29 ok: ij=[] inv=[]
[sidecar 2026-10-08T05:46:19.371Z] tick 30 ok: ij=[] inv=[]
[sidecar 2026-10-08T05:46:20.836Z] tick 31 ok: ij=[] inv=[]
[sidecar 2026-10-08T05:46:22.268Z] tick 32 ok: ij=[] inv=[]
[sidecar 2026-10-08T05:46:23.725Z] tick 33 ok: ij=[] inv=[]
[sidecar 2026-10-08T05:46:25.181Z] tick 34 ok: ij=[] inv=[]
[sidecar 2026-10-08T05:46:26.673Z] tick 35 ok: ij=[] inv=[]
[sidecar 2026-10-08T05:46:28.175Z] tick 36 ok: ij=[] inv=[]
[sidecar 2026-10-08T05:46:29.601Z] tick 37 ok: ij=[] inv=[]
[sidecar 2026-10-08T05:46:31.154Z] tick 38 ok: ij=[] inv=["dispatching|1"]
[sidecar 2026-10-08T05:46:32.646Z] tick 39 ok: ij=[] inv=["dispatching|1"]
[sidecar 2026-10-08T05:46:34.126Z] tick 40 ok: ij=[] inv=["succeeded|1"]
[sidecar 2026-10-08T05:46:35.688Z] tick 41 ok: ij=[] inv=["succeeded|1"]
[sidecar 2026-10-08T05:46:37.165Z] tick 42 ok: ij=["running|1|1|1"] inv=["dispatching|1","failed|1","succeeded|1"]
[sidecar 2026-10-08T05:46:38.620Z] tick 43 ok: ij=["done|1|1|1","running|1|1|1"] inv=["dispatching|1","failed|1","succeeded|2"]
[sidecar 2026-10-08T05:46:40.100Z] tick 44 ok: ij=["done|1|1|1","running|1|1|1"] inv=["dispatching|1","failed|1","succeeded|3"]
[sidecar 2026-10-08T05:46:41.534Z] tick 45 ok: ij=["done|2|1|1"] inv=["failed|1","succeeded|4"]
[sidecar 2026-10-08T05:46:43.026Z] tick 46 ok: ij=["done|2|1|1","running|1|1|1"] inv=["dispatching|1","failed|1","succeeded|4"]
[sidecar 2026-10-08T05:46:44.453Z] tick 47 ok: ij=["done|3|1|1"] inv=["failed|1","succeeded|5"]
[sidecar 2026-10-08T05:46:45.895Z] tick 48 ok: ij=["done|3|1|1"] inv=["failed|1","succeeded|5"]
[sidecar 2026-10-08T05:46:47.433Z] tick 49 ok: ij=["done|3|1|1"] inv=["failed|1","succeeded|5"]
[sidecar 2026-10-08T05:46:48.874Z] tick 50 ok: ij=["done|3|1|1"] inv=["failed|1","succeeded|5"]
[sidecar 2026-10-08T05:46:50.283Z] tick 51 ok: ij=["done|3|1|1"] inv=["failed|1","succeeded|5"]
[sidecar 2026-10-08T05:46:51.796Z] tick 52 ok: ij=["done|3|1|1"] inv=["failed|1","succeeded|5"]
[sidecar 2026-10-08T05:46:53.246Z] tick 53 ok: ij=["done|3|1|1"] inv=["failed|1","succeeded|5"]
[sidecar 2026-10-08T05:46:54.689Z] tick 54 ok: ij=["done|3|1|1"] inv=["failed|1","succeeded|5"]
[sidecar 2026-10-08T05:46:56.397Z] tick 55 ok: ij=["done|3|1|1"] inv=["failed|1","succeeded|5"]
[sidecar 2026-10-08T05:46:57.887Z] tick 56 ok: ij=["done|3|1|1"] inv=["failed|1","succeeded|5"]
[sidecar 2026-10-08T05:46:59.560Z] tick 57 ok: ij=["done|3|1|1"] inv=["failed|1","succeeded|5"]
[sidecar 2026-10-08T05:47:01.105Z] tick 58 ok: ij=["done|3|1|1"] inv=["failed|1","succeeded|5"]
[sidecar 2026-10-08T05:47:02.655Z] tick 59 ok: ij=["done|3|1|1"] inv=["failed|1","succeeded|5"]
[sidecar 2026-10-08T05:47:04.248Z] tick 60 ok: ij=["done|3|1|1"] inv=["failed|1","succeeded|5"]
[sidecar 2026-10-08T05:47:05.839Z] tick 61 ok: ij=["done|3|1|1"] inv=["failed|1","succeeded|5"]
[sidecar 2026-10-08T05:47:07.314Z] tick 62 ok: ij=["done|3|1|1"] inv=["failed|1","succeeded|5"]
[sidecar 2026-10-08T05:47:08.858Z] tick 63 ok: ij=["done|3|1|1"] inv=["failed|1","succeeded|5"]
[sidecar 2026-10-08T05:47:10.331Z] tick 64 ok: ij=["done|3|1|1"] inv=["failed|1","succeeded|5"]
[sidecar 2026-10-08T05:47:11.819Z] tick 65 ok: ij=["done|3|1|1"] inv=["failed|1","succeeded|5"]
[sidecar 2026-10-08T05:47:13.363Z] tick 66 ok: ij=["done|3|1|1","running|1|1|1"] inv=["dispatching|1","failed|1","succeeded|5"]
[sidecar 2026-10-08T05:47:14.844Z] tick 67 ok: ij=["done|3|1|1","running|1|1|1"] inv=["dispatching|1","failed|1","succeeded|6"]
[sidecar 2026-10-08T05:47:16.378Z] tick 68 ok: ij=["done|4|1|1"] inv=["failed|1","succeeded|7"]
[sidecar 2026-10-08T05:47:17.874Z] tick 69 ok: ij=["done|5|1|1"] inv=["failed|1","succeeded|8"]
[sidecar 2026-10-08T05:47:19.383Z] tick 70 ok: ij=["done|5|1|1"] inv=["failed|1","succeeded|8"]
[sidecar 2026-10-08T05:47:20.934Z] tick 71 ok: ij=["done|5|1|1"] inv=["failed|1","succeeded|8"]
[sidecar 2026-10-08T05:47:22.457Z] tick 72 ok: ij=["done|5|1|1"] inv=["failed|1","succeeded|8"]
[sidecar 2026-10-08T05:47:24.034Z] tick 73 ok: ij=["done|5|1|1"] inv=["failed|1","succeeded|8"]
[sidecar 2026-10-08T05:47:25.651Z] tick 74 ok: ij=["done|5|1|1"] inv=["failed|1","succeeded|8"]
[sidecar 2026-10-08T05:47:27.132Z] tick 75 ok: ij=["done|5|1|1"] inv=["failed|1","succeeded|8"]
[sidecar 2026-10-08T05:47:28.676Z] tick 76 ok: ij=["done|5|1|1"] inv=["failed|1","succeeded|8"]
[sidecar 2026-10-08T05:47:30.313Z] tick 77 ok: ij=["done|5|1|1"] inv=["failed|1","succeeded|8"]
[sidecar 2026-10-08T05:47:31.832Z] tick 78 ok: ij=["done|5|1|1"] inv=["failed|1","succeeded|8"]
[sidecar 2026-10-08T05:47:33.394Z] tick 79 ok: ij=["done|5|1|1"] inv=["failed|1","succeeded|8"]
[sidecar 2026-10-08T05:47:35.034Z] tick 80 ok: ij=["done|5|1|1"] inv=["failed|1","succeeded|8"]
[sidecar 2026-10-08T05:47:36.486Z] tick 81 ok: ij=["done|5|1|1"] inv=["failed|1","succeeded|8"]
[sidecar 2026-10-08T05:47:37.951Z] tick 82 ok: ij=["done|5|1|1"] inv=["failed|1","succeeded|8"]
[sidecar 2026-10-08T05:47:39.484Z] tick 83 ok: ij=["done|5|1|1"] inv=["failed|1","succeeded|8"]
[sidecar 2026-10-08T05:47:40.929Z] tick 84 ok: ij=["done|5|1|1"] inv=["failed|1","succeeded|8"]
[sidecar 2026-10-08T05:47:42.374Z] tick 85 ok: ij=["done|5|1|1"] inv=["failed|1","succeeded|8"]
[sidecar 2026-10-08T05:47:43.826Z] tick 86 ok: ij=["done|5|1|1"] inv=["failed|1","succeeded|8"]
[sidecar 2026-10-08T05:47:45.294Z] tick 87 ok: ij=["done|5|1|1"] inv=["failed|1","succeeded|8"]
[sidecar 2026-10-08T05:47:46.841Z] tick 88 ok: ij=["done|5|1|1"] inv=["failed|1","succeeded|8"]
[sidecar 2026-10-08T05:47:48.308Z] tick 89 ok: ij=["done|6|1|1"] inv=["failed|1","succeeded|9"]
[sidecar 2026-10-08T05:47:49.771Z] tick 90 ok: ij=["done|6|1|1"] inv=["failed|1","succeeded|9"]
[sidecar 2026-10-08T05:47:51.396Z] tick 91 ok: ij=["done|6|1|1"] inv=["failed|1","succeeded|9"]
[sidecar 2026-10-08T05:47:52.911Z] tick 92 ok: ij=["done|6|1|1"] inv=["failed|1","succeeded|9"]
[sidecar 2026-10-08T05:47:54.370Z] tick 93 ok: ij=["done|6|1|1"] inv=["failed|1","succeeded|9"]
[sidecar 2026-10-08T05:47:55.988Z] tick 94 ok: ij=["done|6|1|1"] inv=["failed|1","succeeded|9"]
[sidecar 2026-10-08T05:47:57.455Z] tick 95 ok: ij=["done|6|1|1"] inv=["failed|1","succeeded|9"]
[sidecar 2026-10-08T05:47:58.993Z] tick 96 ok: ij=["done|6|1|1"] inv=["failed|1","succeeded|9"]
[sidecar 2026-10-08T05:48:00.835Z] tick 97 ok: ij=["done|6|1|1"] inv=["failed|1","succeeded|9"]
[sidecar 2026-10-08T05:48:02.367Z] tick 98 ok: ij=["done|6|1|1"] inv=["failed|1","succeeded|9"]
[sidecar 2026-10-08T05:48:03.821Z] tick 99 ok: ij=["done|6|1|1"] inv=["dispatching|1","failed|1","succeeded|9"]
[sidecar 2026-10-08T05:48:05.374Z] tick 100 ok: ij=["done|6|1|1"] inv=["dispatching|1","failed|1","succeeded|9"]
[sidecar 2026-10-08T05:48:06.924Z] tick 101 ok: ij=["done|6|1|1"] inv=["failed|1","succeeded|10"]
[sidecar 2026-10-08T05:48:08.342Z] tick 102 ok: ij=["done|6|1|1","running|1|1|1"] inv=["dispatching|1","failed|2","succeeded|10"]
[sidecar 2026-10-08T05:48:09.906Z] tick 103 ok: ij=["done|6|1|1","running|1|1|1"] inv=["failed|2","succeeded|11"]
[sidecar 2026-10-08T05:48:11.378Z] tick 104 ok: ij=["done|8|1|1"] inv=["failed|2","succeeded|12"]
[sidecar 2026-10-08T05:48:12.837Z] tick 105 ok: ij=["done|8|1|1"] inv=["failed|2","succeeded|12"]
[sidecar 2026-10-08T05:48:14.386Z] tick 106 ok: ij=["done|8|1|1"] inv=["failed|2","succeeded|12"]
[sidecar 2026-10-08T05:48:15.861Z] tick 107 ok: ij=["done|8|1|1"] inv=["failed|2","succeeded|12"]
[sidecar 2026-10-08T05:48:17.317Z] tick 108 ok: ij=["done|8|1|1"] inv=["failed|2","succeeded|12"]
[sidecar 2026-10-08T05:48:18.765Z] tick 109 ok: ij=["done|8|1|1"] inv=["failed|2","succeeded|12"]
[sidecar 2026-10-08T05:48:20.239Z] tick 110 ok: ij=["done|8|1|1"] inv=["failed|2","succeeded|12"]
[sidecar 2026-10-08T05:48:21.692Z] tick 111 ok: ij=["done|8|1|1"] inv=["failed|2","succeeded|12"]
[sidecar 2026-10-08T05:48:23.153Z] tick 112 ok: ij=["done|8|1|1"] inv=["failed|2","succeeded|12"]
[sidecar 2026-10-08T05:48:24.623Z] tick 113 ok: ij=["done|8|1|1"] inv=["failed|2","succeeded|12"]
[sidecar 2026-10-08T05:48:26.124Z] tick 114 ok: ij=["done|8|1|1"] inv=["failed|2","succeeded|12"]
[sidecar 2026-10-08T05:48:27.586Z] tick 115 ok: ij=["done|8|1|1"] inv=["failed|2","succeeded|12"]
[sidecar 2026-10-08T05:48:29.039Z] tick 116 ok: ij=["done|8|1|1"] inv=["failed|2","succeeded|12"]
[sidecar 2026-10-08T05:48:30.569Z] tick 117 ok: ij=["done|8|1|1"] inv=["failed|2","succeeded|12"]
[sidecar 2026-10-08T05:48:32.022Z] tick 118 ok: ij=["done|8|1|1"] inv=["failed|2","succeeded|12"]
[sidecar 2026-10-08T05:48:33.553Z] tick 119 ok: ij=["done|8|1|1"] inv=["failed|2","succeeded|12"]
[sidecar 2026-10-08T05:48:35.000Z] tick 120 ok: ij=["done|8|1|1"] inv=["failed|2","succeeded|12"]
[sidecar 2026-10-08T05:48:36.462Z] tick 121 ok: ij=["done|8|1|1"] inv=["failed|2","succeeded|12"]
[sidecar 2026-10-08T05:48:38.014Z] tick 122 ok: ij=["done|8|1|1"] inv=["failed|2","succeeded|12"]
[sidecar 2026-10-08T05:48:39.501Z] tick 123 ok: ij=["done|8|1|1"] inv=["failed|2","succeeded|12"]
[sidecar 2026-10-08T05:48:40.941Z] tick 124 ok: ij=["done|8|1|1","running|1|1|1"] inv=["dispatching|1","failed|2","succeeded|12"]
[sidecar 2026-10-08T05:48:42.407Z] tick 125 ok: ij=["done|8|1|1","running|1|1|1"] inv=["dispatching|1","failed|2","succeeded|13"]
[sidecar 2026-10-08T05:48:43.894Z] tick 126 ok: ij=["done|9|1|1"] inv=["failed|2","succeeded|14"]
[sidecar 2026-10-08T05:48:45.352Z] tick 127 ok: ij=["done|10|1|1"] inv=["failed|2","succeeded|15"]
[sidecar 2026-10-08T05:48:46.798Z] tick 128 ok: ij=["done|10|1|1"] inv=["failed|2","succeeded|15"]
[sidecar 2026-10-08T05:48:48.278Z] tick 129 ok: ij=["done|10|1|1"] inv=["failed|2","succeeded|15"]
[sidecar 2026-10-08T05:48:49.805Z] tick 130 ok: ij=["done|10|1|1"] inv=["failed|2","succeeded|15"]
[sidecar 2026-10-08T05:48:51.273Z] tick 131 ok: ij=["done|10|1|1"] inv=["failed|2","succeeded|15"]
[sidecar 2026-10-08T05:48:52.764Z] tick 132 ok: ij=["done|10|1|1"] inv=["failed|2","succeeded|15"]
[sidecar 2026-10-08T05:48:54.194Z] tick 133 ok: ij=["done|10|1|1"] inv=["failed|2","succeeded|15"]
[sidecar 2026-10-08T05:48:55.663Z] tick 134 ok: ij=["done|10|1|1"] inv=["failed|2","succeeded|15"]
[sidecar 2026-10-08T05:48:57.189Z] tick 135 ok: ij=["done|10|1|1"] inv=["failed|2","succeeded|15"]
[sidecar 2026-10-08T05:48:58.655Z] tick 136 ok: ij=["done|10|1|1"] inv=["failed|2","succeeded|15"]
[sidecar 2026-10-08T05:49:00.097Z] tick 137 ok: ij=["done|10|1|1"] inv=["failed|2","succeeded|15"]
[sidecar 2026-10-08T05:49:01.643Z] tick 138 ok: ij=["done|10|1|1"] inv=["failed|2","succeeded|15"]
[sidecar 2026-10-08T05:49:03.092Z] tick 139 ok: ij=["done|10|1|1"] inv=["failed|2","succeeded|15"]
[sidecar 2026-10-08T05:49:04.565Z] tick 140 ok: ij=["done|10|1|1"] inv=["failed|2","succeeded|15"]
[sidecar 2026-10-08T05:49:06.018Z] tick 141 ok: ij=["done|10|1|1"] inv=["failed|2","succeeded|15"]
[sidecar 2026-10-08T05:49:07.513Z] tick 142 ok: ij=["done|10|1|1"] inv=["failed|2","succeeded|15"]
[sidecar 2026-10-08T05:49:09.025Z] tick 143 ok: ij=["done|10|1|1"] inv=["failed|2","succeeded|15"]
[sidecar 2026-10-08T05:49:10.485Z] tick 144 ok: ij=["done|10|1|1"] inv=["failed|2","succeeded|15"]
[sidecar 2026-10-08T05:49:11.956Z] tick 145 ok: ij=["done|10|1|1"] inv=["failed|2","succeeded|15"]
[sidecar 2026-10-08T05:49:13.491Z] tick 146 ok: ij=["done|10|1|1"] inv=["failed|2","succeeded|15"]
[sidecar 2026-10-08T05:49:14.937Z] tick 147 ok: ij=["done|10|1|1","running|1|1|1"] inv=["dispatching|1","failed|2","succeeded|15"]
[sidecar 2026-10-08T05:49:16.398Z] tick 148 ok: ij=["done|10|1|1","running|1|1|1"] inv=["dispatching|1","failed|2","succeeded|16"]
[sidecar 2026-10-08T05:49:17.925Z] tick 149 ok: ij=["done|11|1|1"] inv=["failed|2","succeeded|17"]
[sidecar 2026-10-08T05:49:19.398Z] tick 150 ok: ij=["done|11|1|1","running|1|1|1"] inv=["failed|2","succeeded|18"]
[sidecar 2026-10-08T05:49:20.842Z] tick 151 ok: ij=["done|12|1|1"] inv=["failed|2","succeeded|18"]
[sidecar 2026-10-08T05:49:22.361Z] tick 152 ok: ij=["done|12|1|1"] inv=["failed|2","succeeded|18"]
[sidecar 2026-10-08T05:49:23.837Z] tick 153 ok: ij=["done|12|1|1"] inv=["failed|2","succeeded|18"]
[sidecar 2026-10-08T05:49:25.348Z] tick 154 ok: ij=["done|12|1|1"] inv=["failed|2","succeeded|18"]
[sidecar 2026-10-08T05:49:26.847Z] tick 155 ok: ij=["done|12|1|1"] inv=["failed|2","succeeded|18"]
[sidecar 2026-10-08T05:49:28.337Z] tick 156 ok: ij=["done|12|1|1"] inv=["failed|2","succeeded|18"]
[sidecar 2026-10-08T05:49:29.864Z] tick 157 ok: ij=["done|12|1|1"] inv=["failed|2","succeeded|18"]
[sidecar 2026-10-08T05:49:31.367Z] tick 158 ok: ij=["done|12|1|1"] inv=["failed|2","succeeded|18"]
[sidecar 2026-10-08T05:49:32.879Z] tick 159 ok: ij=["done|12|1|1"] inv=["failed|2","succeeded|18"]
[sidecar 2026-10-08T05:49:34.429Z] tick 160 ok: ij=["done|12|1|1"] inv=["failed|2","succeeded|18"]
[sidecar 2026-10-08T05:49:35.899Z] tick 161 ok: ij=["done|12|1|1"] inv=["failed|2","succeeded|18"]
[sidecar 2026-10-08T05:49:37.399Z] tick 162 ok: ij=["done|12|1|1"] inv=["failed|2","succeeded|18"]
[sidecar 2026-10-08T05:49:38.974Z] tick 163 ok: ij=["done|12|1|1"] inv=["failed|2","succeeded|18"]
[sidecar 2026-10-08T05:49:40.435Z] tick 164 ok: ij=["done|12|1|1"] inv=["failed|2","succeeded|18"]
[sidecar 2026-10-08T05:49:41.963Z] tick 165 ok: ij=["done|12|1|1"] inv=["failed|2","succeeded|18"]
[sidecar 2026-10-08T05:49:43.481Z] tick 166 ok: ij=["done|12|1|1"] inv=["failed|2","succeeded|18"]
[sidecar 2026-10-08T05:49:44.974Z] tick 167 ok: ij=["done|12|1|1"] inv=["failed|2","succeeded|18"]
[sidecar 2026-10-08T05:49:46.529Z] tick 168 ok: ij=["done|12|1|1"] inv=["failed|2","succeeded|18"]
[sidecar 2026-10-08T05:49:48.007Z] tick 169 ok: ij=["done|12|1|1"] inv=["failed|2","succeeded|18"]
[sidecar 2026-10-08T05:49:49.586Z] tick 170 ok: ij=["done|12|1|1","running|1|1|1"] inv=["failed|2","succeeded|19"]
[sidecar 2026-10-08T05:49:51.385Z] tick 171 ok: ij=["done|13|1|1"] inv=["failed|2","succeeded|19"]
[sidecar 2026-10-08T05:49:52.868Z] tick 172 ok: ij=["done|13|1|1"] inv=["failed|2","succeeded|19"]
[sidecar 2026-10-08T05:49:54.416Z] tick 173 ok: ij=["done|13|1|1"] inv=["failed|2","succeeded|19"]
[sidecar 2026-10-08T05:49:55.906Z] tick 174 ok: ij=["done|13|1|1"] inv=["failed|2","succeeded|19"]
[sidecar 2026-10-08T05:49:57.470Z] tick 175 ok: ij=["done|13|1|1"] inv=["failed|2","succeeded|19"]
[sidecar 2026-10-08T05:49:58.983Z] tick 176 ok: ij=["done|13|1|1"] inv=["failed|2","succeeded|19"]
[sidecar 2026-10-08T05:50:00.597Z] tick 177 ok: ij=["done|13|1|1"] inv=["failed|2","succeeded|19"]
[sidecar 2026-10-08T05:50:02.285Z] tick 178 ok: ij=["done|13|1|1"] inv=["failed|2","succeeded|19"]
[sidecar 2026-10-08T05:50:03.428Z] STOPPED: STOP sentinel by orchestrator (wrapper exited); ticks=179 pending42P01=1 anchorSeen=true firstOk=true
