[sidecar 2026-10-08T05:50:31.885Z] sidecar v2 start; wrapperLog=/Users/miaole/Desktop/golucky/meetwise-line-g7y/.tmp/g7y-cmd3/wrapper.log; discipline: post-migrate anchor / 42P01 pending / stop-needle armed post-first-ok (>=5) / per-query guarded / SELECT-only aggregates only
[sidecar 2026-10-08T05:51:02.013Z] CONTAINER BIND exact=meetwise-e2e-17780-1791438659472 port=50722 (rebind; per-container state reset)
[sidecar 2026-10-08T05:51:04.113Z] first-ok tick (stop-needle ARMED post-first-ok)
[sidecar 2026-10-08T05:51:07.546Z] CONTAINER BIND exact=meetwise-e2e-18720-1791438665509 port=50750 (rebind; per-container state reset)
[sidecar 2026-10-08T05:51:09.528Z] first-ok tick (stop-needle ARMED post-first-ok)
[sidecar 2026-10-08T05:51:10.533Z] ANCHOR post-migrate seen (v2 anchor; Ban container_found anchor) container=meetwise-e2e-18720-1791438665509
[sidecar 2026-10-08T05:51:11.122Z] tick 37 ok: ij=[] inv=[]
[sidecar 2026-10-08T05:51:12.612Z] tick 38 ok: ij=[] inv=[]
[sidecar 2026-10-08T05:51:14.114Z] tick 39 ok: ij=[] inv=[]
[sidecar 2026-10-08T05:51:15.601Z] tick 40 ok: ij=[] inv=[]
[sidecar 2026-10-08T05:51:17.059Z] tick 41 ok: ij=[] inv=["dispatching|1"]
[sidecar 2026-10-08T05:51:18.674Z] tick 42 ok: ij=["queued|1|0|0","running|1|1|1"] inv=["dispatching|1","failed|1"]
[sidecar 2026-10-08T05:51:20.231Z] tick 43 ok: ij=["done|1|1|1","running|1|1|1"] inv=["dispatching|1","failed|2","succeeded|1"]
[sidecar 2026-10-08T05:51:21.717Z] tick 44 ok: ij=["done|2|1|1"] inv=["failed|2","succeeded|2"]
[sidecar 2026-10-08T05:51:23.323Z] tick 45 ok: ij=["done|2|1|1","running|1|1|1"] inv=["dispatching|1","failed|2","succeeded|2"]
[sidecar 2026-10-08T05:51:25.250Z] tick 46 ok: ij=["done|3|1|1"] inv=["dispatching|1","failed|2","succeeded|3"]
[sidecar 2026-10-08T05:51:26.742Z] tick 47 ok: ij=["done|4|1|1"] inv=["failed|2","succeeded|4"]
[sidecar 2026-10-08T05:51:28.279Z] tick 48 ok: ij=["done|4|1|1"] inv=["failed|2","succeeded|4"]
[sidecar 2026-10-08T05:51:29.732Z] tick 49 ok: ij=["done|4|1|1","running|1|1|1"] inv=["dispatching|1","failed|2","succeeded|4"]
[sidecar 2026-10-08T05:51:31.220Z] tick 50 ok: ij=["done|5|1|1"] inv=["failed|2","succeeded|5"]
[sidecar 2026-10-08T05:51:32.839Z] tick 51 ok: ij=["done|6|1|1"] inv=["failed|2","succeeded|5"]
[sidecar 2026-10-08T05:51:34.332Z] tick 52 ok: ij=["done|6|1|1"] inv=["failed|2","succeeded|5"]
[sidecar 2026-10-08T05:51:35.813Z] tick 53 ok: ij=["done|6|1|1"] inv=["failed|2","succeeded|5"]
[sidecar 2026-10-08T05:51:37.388Z] tick 54 ok: ij=["done|6|1|1"] inv=["failed|2","succeeded|5"]
[sidecar 2026-10-08T05:51:38.854Z] tick 55 ok: ij=["done|6|1|1"] inv=["failed|2","succeeded|5"]
[sidecar 2026-10-08T05:51:40.372Z] tick 56 ok: ij=["done|6|1|1"] inv=["failed|2","succeeded|5"]
[sidecar 2026-10-08T05:51:41.925Z] tick 57 ok: ij=["done|6|1|1"] inv=["failed|2","succeeded|5"]
[sidecar 2026-10-08T05:51:43.424Z] tick 58 ok: ij=["done|6|1|1"] inv=["failed|2","succeeded|5"]
[sidecar 2026-10-08T05:51:44.939Z] tick 59 ok: ij=["done|6|1|1","running|1|1|1"] inv=["dispatching|1","failed|3","succeeded|5"]
[sidecar 2026-10-08T05:51:46.495Z] tick 60 ok: ij=["done|7|1|1"] inv=["failed|3","succeeded|6"]
[sidecar 2026-10-08T05:51:47.934Z] tick 61 ok: ij=["done|8|1|1"] inv=["failed|3","succeeded|7"]
[sidecar 2026-10-08T05:51:49.451Z] tick 62 ok: ij=["done|8|1|1","running|1|1|1"] inv=["dispatching|1","failed|3","succeeded|7"]
[sidecar 2026-10-08T05:51:51.010Z] tick 63 ok: ij=["done|9|1|1"] inv=["failed|3","succeeded|8"]
[sidecar 2026-10-08T05:51:52.536Z] tick 64 ok: ij=["done|9|1|1"] inv=["failed|3","succeeded|8"]
[sidecar 2026-10-08T05:51:53.964Z] tick 65 ok: ij=["done|9|1|1","running|1|1|1"] inv=["dispatching|1","failed|3","succeeded|8"]
[sidecar 2026-10-08T05:51:55.519Z] tick 66 ok: ij=["done|10|1|1"] inv=["failed|3","succeeded|9"]
[sidecar 2026-10-08T05:51:56.991Z] tick 67 ok: ij=["done|11|1|1"] inv=["failed|3","succeeded|9"]
[sidecar 2026-10-08T05:51:58.484Z] tick 68 ok: ij=["done|11|1|1"] inv=["failed|3","succeeded|9"]
[sidecar 2026-10-08T05:51:59.979Z] tick 69 ok: ij=["done|11|1|1"] inv=["failed|3","succeeded|9"]
[sidecar 2026-10-08T05:52:01.455Z] tick 70 ok: ij=["done|11|1|1"] inv=["failed|3","succeeded|9"]
[sidecar 2026-10-08T05:52:02.992Z] tick 71 ok: ij=["done|11|1|1"] inv=["failed|3","succeeded|9"]
[sidecar 2026-10-08T05:52:04.492Z] tick 72 ok: ij=["done|11|1|1"] inv=["failed|3","succeeded|9"]
[sidecar 2026-10-08T05:52:06.147Z] tick 73 ok: ij=["done|11|1|1"] inv=["failed|3","succeeded|9"]
[sidecar 2026-10-08T05:52:07.625Z] tick 74 ok: ij=["done|11|1|1"] inv=["failed|3","succeeded|9"]
[sidecar 2026-10-08T05:52:09.125Z] tick 75 ok: ij=["done|11|1|1"] inv=["failed|4","succeeded|9"]
[sidecar 2026-10-08T05:52:10.650Z] tick 76 ok: ij=["done|11|1|1"] inv=["dispatching|1","failed|4","succeeded|9"]
[sidecar 2026-10-08T05:52:12.255Z] tick 77 ok: ij=["done|11|1|1"] inv=["dispatching|1","failed|4","succeeded|9"]
[sidecar 2026-10-08T05:52:13.415Z] STOPPED: STOP sentinel by orchestrator (wrapper exited); ticks=78 pending42P01=2 anchorSeen=true firstOk=true
