[sidecar 2026-10-08T05:41:49.969Z] sidecar v2 start; wrapperLog=/Users/miaole/Desktop/golucky/meetwise-line-g7y/.tmp/g7y-cmd1/wrapper.log; discipline: post-migrate anchor / 42P01 pending / stop-needle armed post-first-ok (>=5) / per-query guarded / SELECT-only aggregates only
[sidecar 2026-10-08T05:41:52.982Z] container bound exact=meetwise-e2e-1239-1791438110337 port=64179
[sidecar 2026-10-08T05:41:56.563Z] first-ok tick (stop-needle ARMED post-first-ok)
[sidecar 2026-10-08T05:41:57.568Z] ANCHOR post-migrate seen (v2 anchor; Ban container_found anchor)
[sidecar 2026-10-08T05:41:58.168Z] tick 7 ok: ij=[] inv=[]
[sidecar 2026-10-08T05:41:59.793Z] tick 8 ok: ij=[] inv=[]
[sidecar 2026-10-08T05:42:01.281Z] tick 9 ok: ij=[] inv=[]
[sidecar 2026-10-08T05:42:02.804Z] tick 10 ok: ij=[] inv=[]
[sidecar 2026-10-08T05:42:04.398Z] tick 11 ok: ij=[] inv=[]
[sidecar 2026-10-08T05:42:05.871Z] tick 12 ok: ij=["queued|1|0|0","running|1|1|1"] inv=["dispatching|1","failed|1"]
[sidecar 2026-10-08T05:42:07.335Z] tick 13 ok: ij=["done|1|1|1","running|1|1|1"] inv=["dispatching|1","failed|1","succeeded|1"]
[sidecar 2026-10-08T05:42:08.832Z] tick 14 ok: ij=["done|1|1|1","running|1|1|1"] inv=["dispatching|1","failed|2","succeeded|1"]
[sidecar 2026-10-08T05:42:10.368Z] tick 15 ok: ij=["done|2|1|1"] inv=["failed|2","succeeded|2"]
[sidecar 2026-10-08T05:42:11.849Z] tick 16 ok: ij=["done|2|1|1","running|1|1|1"] inv=["failed|2","succeeded|3"]
[sidecar 2026-10-08T05:42:13.368Z] tick 17 ok: ij=["done|3|1|1"] inv=["dispatching|1","failed|2","succeeded|3"]
[sidecar 2026-10-08T05:42:14.810Z] tick 18 ok: ij=["done|4|1|1"] inv=["failed|2","succeeded|4"]
[sidecar 2026-10-08T05:42:16.312Z] tick 19 ok: ij=["done|4|1|1"] inv=["failed|2","succeeded|4"]
[sidecar 2026-10-08T05:42:17.827Z] tick 20 ok: ij=["done|4|1|1"] inv=["dispatching|1","failed|2","succeeded|4"]
[sidecar 2026-10-08T05:42:19.331Z] tick 21 ok: ij=["done|5|1|1"] inv=["failed|2","succeeded|5"]
[sidecar 2026-10-08T05:42:20.863Z] tick 22 ok: ij=["done|6|1|1"] inv=["failed|2","succeeded|5"]
[sidecar 2026-10-08T05:42:22.346Z] tick 23 ok: ij=["done|6|1|1"] inv=["failed|2","succeeded|5"]
[sidecar 2026-10-08T05:42:23.881Z] tick 24 ok: ij=["done|6|1|1"] inv=["failed|2","succeeded|5"]
[sidecar 2026-10-08T05:42:25.440Z] tick 25 ok: ij=["done|6|1|1"] inv=["failed|2","succeeded|5"]
[sidecar 2026-10-08T05:42:27.354Z] tick 26 ok: ij=["done|6|1|1"] inv=["failed|2","succeeded|5"]
[sidecar 2026-10-08T05:42:28.874Z] tick 27 ok: ij=["done|6|1|1"] inv=["failed|2","succeeded|5"]
[sidecar 2026-10-08T05:42:30.396Z] tick 28 ok: ij=["done|6|1|1"] inv=["failed|2","succeeded|5"]
[sidecar 2026-10-08T05:42:31.891Z] tick 29 ok: ij=["done|6|1|1"] inv=["failed|2","succeeded|5"]
[sidecar 2026-10-08T05:42:33.439Z] tick 30 ok: ij=["done|6|1|1","running|1|1|1"] inv=["dispatching|1","failed|3","succeeded|5"]
[sidecar 2026-10-08T05:42:34.968Z] tick 31 ok: ij=["done|7|1|1"] inv=["failed|3","succeeded|6"]
[sidecar 2026-10-08T05:42:36.435Z] tick 32 ok: ij=["done|8|1|1"] inv=["failed|3","succeeded|7"]
[sidecar 2026-10-08T05:42:37.897Z] tick 33 ok: ij=["done|8|1|1","running|1|1|1"] inv=["dispatching|1","failed|3","succeeded|7"]
[sidecar 2026-10-08T05:42:39.415Z] tick 34 ok: ij=["done|9|1|1"] inv=["failed|3","succeeded|8"]
[sidecar 2026-10-08T05:42:40.902Z] tick 35 ok: ij=["done|9|1|1"] inv=["failed|3","succeeded|8"]
[sidecar 2026-10-08T05:42:42.576Z] tick 36 ok: ij=["done|9|1|1","running|1|1|1"] inv=["dispatching|1","failed|3","succeeded|8"]
[sidecar 2026-10-08T05:42:44.045Z] tick 37 ok: ij=["done|10|1|1"] inv=["failed|3","succeeded|9"]
[sidecar 2026-10-08T05:42:45.538Z] tick 38 ok: ij=["done|10|1|1"] inv=["failed|3","succeeded|9"]
[sidecar 2026-10-08T05:42:47.025Z] tick 39 ok: ij=["done|11|1|1"] inv=["failed|3","succeeded|9"]
[sidecar 2026-10-08T05:42:48.529Z] tick 40 ok: ij=["done|11|1|1"] inv=["failed|3","succeeded|9"]
[sidecar 2026-10-08T05:42:50.011Z] tick 41 ok: ij=["done|11|1|1"] inv=["failed|3","succeeded|9"]
[sidecar 2026-10-08T05:42:51.507Z] tick 42 ok: ij=["done|11|1|1"] inv=["failed|3","succeeded|9"]
[sidecar 2026-10-08T05:42:53.158Z] tick 43 ok: ij=["done|11|1|1"] inv=["failed|3","succeeded|9"]
[sidecar 2026-10-08T05:42:54.629Z] tick 44 ok: ij=["done|11|1|1"] inv=["failed|3","succeeded|9"]
[sidecar 2026-10-08T05:42:56.154Z] tick 45 ok: ij=["done|11|1|1"] inv=["failed|3","succeeded|9"]
[sidecar 2026-10-08T05:42:57.648Z] tick 46 ok: ij=["done|11|1|1"] inv=["failed|3","succeeded|9"]
[sidecar 2026-10-08T05:42:59.152Z] tick 47 ok: ij=["done|11|1|1"] inv=["failed|4","succeeded|9"]
[sidecar 2026-10-08T05:43:00.647Z] tick 48 ok: ij=["done|11|1|1"] inv=["failed|4","succeeded|9"]
[sidecar 2026-10-08T05:43:02.149Z] tick 49 ok: ij=["done|11|1|1"] inv=["dispatching|1","failed|4","succeeded|9"]
[sidecar 2026-10-08T05:43:03.629Z] tick 50 ok: ij=["done|11|1|1"] inv=["dispatching|1","failed|4","succeeded|9"]
[sidecar 2026-10-08T05:43:05.084Z] tick 51 ok: ij=["done|11|1|1"] inv=["dispatching|1","failed|4","succeeded|9"]
[sidecar 2026-10-08T05:43:06.567Z] tick 52 ok: ij=["done|11|1|1"] inv=["dispatching|1","failed|4","succeeded|9"]
[sidecar 2026-10-08T05:43:08.057Z] tick 53 ok: ij=["done|11|1|1"] inv=["dispatching|1","failed|4","succeeded|9"]
[sidecar 2026-10-08T05:43:09.557Z] tick 54 ok: ij=["done|11|1|1"] inv=["dispatching|1","failed|4","succeeded|9"]
[sidecar 2026-10-08T05:43:11.054Z] tick 55 ok: ij=["done|11|1|1"] inv=["dispatching|1","failed|4","succeeded|9"]
[sidecar 2026-10-08T05:43:12.565Z] tick 56 ok: ij=["done|11|1|1"] inv=["dispatching|1","failed|4","succeeded|9"]
[sidecar 2026-10-08T05:43:14.104Z] tick 57 ok: ij=["done|11|1|1"] inv=["dispatching|1","failed|4","succeeded|9"]
[sidecar 2026-10-08T05:43:15.600Z] tick 58 ok: ij=["done|11|1|1"] inv=["dispatching|1","failed|4","succeeded|9"]
[sidecar 2026-10-08T05:43:17.087Z] tick 59 ok: ij=["done|11|1|1"] inv=["dispatching|1","failed|4","succeeded|9"]
[sidecar 2026-10-08T05:43:18.652Z] tick 60 ok: ij=["done|11|1|1"] inv=["dispatching|1","failed|4","succeeded|9"]
[sidecar 2026-10-08T05:43:20.122Z] tick 61 ok: ij=["done|11|1|1"] inv=["dispatching|1","failed|4","succeeded|9"]
[sidecar 2026-10-08T05:43:21.632Z] tick 62 ok: ij=["done|11|1|1"] inv=["dispatching|1","failed|4","succeeded|9"]
[sidecar 2026-10-08T05:43:23.134Z] tick 63 ok: ij=["done|11|1|1"] inv=["dispatching|1","failed|4","succeeded|9"]
[sidecar 2026-10-08T05:43:24.655Z] tick 64 ok: ij=["done|11|1|1"] inv=["dispatching|1","failed|4","succeeded|9"]
[sidecar 2026-10-08T05:43:26.151Z] tick 65 ok: ij=["done|11|1|1"] inv=["dispatching|1","failed|4","succeeded|9"]
[sidecar 2026-10-08T05:43:27.670Z] tick 66 ok: ij=["done|11|1|1"] inv=["dispatching|1","failed|4","succeeded|9"]
[sidecar 2026-10-08T05:43:29.166Z] tick 67 ok: ij=["done|11|1|1"] inv=["dispatching|1","failed|4","succeeded|9"]
[sidecar 2026-10-08T05:43:30.656Z] tick 68 ok: ij=["done|11|1|1"] inv=["failed|4","succeeded|10"]
[sidecar 2026-10-08T05:43:32.291Z] tick 69 ok: ij=["done|11|1|1"] inv=undefined
[sidecar 2026-10-08T05:43:33.440Z] STOPPED: STOP sentinel by orchestrator (wrapper exited); ticks=70 pending42P01=2 anchorSeen=true firstOk=true
