1791299180449 
1791299180449 > meetwise@0.1.0 uc018:perf-load:prove /workspace/meetwise-wt-an-perf-prove6
1791299180449 > node scripts/run-e2e-isolated.mjs uc018:perf-load:prove:raw
1791299180449 
1791299180566 [R5-MARKED-RED] E2E_ISOLATION_STACK=pgvector-legacy (dual-track; SOLE_STACK=mysql-qdrant-redis is a dual-track code-path label ≠ product stack truth) E2E_PG_IMAGE=pgvector/pgvector:pg16 is a legacy pgvector isolation fixture — isolated test infra narration, NOT stack truth / NOT cutover evidence (product stack pin = ai-docs/delivery/adr-postgres-retained.md: Postgres · PostgresSaver · pgvector). Local green ≠ RAG migrated. releaseEvidence=false · Not HA · 本绿≠已迁 · local green ≠ HA · need multi-instance + fault-inject for releaseEvidence.
1791299180567 E2E_RESOURCE_CAPS target=uc018:perf-load:prove:raw docker_args=--cpus 2 --memory 4g
1791299184041 E2E_POSTGRES_READY label=boot consecutive=3 attempt=4
1791299184041 E2E isolated PostgreSQL: meetwise-e2e-1490362-1791299180563 on 127.0.0.1:33043
1791299184042 E2E_ISO_STACK_NOTE isolated shell = test infrastructure only: isolated test PG ≠ product stack change ≠ cutover evidence; product stack pin = ai-docs/delivery/adr-postgres-retained.md (Postgres retained · PostgresSaver · pgvector). releaseEvidence=false · Not HA.
1791299184999 E2E_POSTGRES_READY label=pre-prove consecutive=3 attempt=3
1791299185116 UC018_CAPS pg container=meetwise-e2e-1490362-1791299180563 NanoCpus=2000000000 Memory=4294967296 ok=true
1791299190320 UC018_CAPS written enforced=true api NanoCpus=2000000000 Memory=4294967296
1791299192262 UC-E2E-018 PERF/LOAD prove · NHP-018-PERF-01 + NHP-018-LOAD-01
1791299192262 NOTE: Method freeze nearest-rank · timeout=10s=error · warmup=10 · runs=3 · caps Docker 2cpu/4GiB
1791299192262 NOTE: local ≠ production capacity ≠ HA · PERF/LOAD partial ≠ UC covered · §1.1 stays partial
1791299192595 fatal: not a git repository: /workspace/projects/meetwise/.git/worktrees/meetwise-wt-an-perf-prove6
1791299193143 PERF run1: p50=24.7 p95=59.5 p99=69.9 err=0 timeout=0 passed=true
1791299193441 LOAD run1: p50=49.7 p95=127.6 p99=146.8 err=0 timeout=0 dblRel=0 stuck=0 stuckGraph=0 passed=true
1791299193860 PERF run2: p50=19.1 p95=47.6 p99=51.5 err=0 timeout=0 passed=true
1791299194113 LOAD run2: p50=30.8 p95=104.8 p99=119.2 err=0 timeout=0 dblRel=0 stuck=0 stuckGraph=0 passed=true
1791299194514 PERF run3: p50=16.9 p95=44.1 p99=75.7 err=0 timeout=0 passed=true
1791299194762 LOAD run3: p50=32.3 p95=92.7 p99=108.5 err=0 timeout=0 dblRel=0 stuck=0 stuckGraph=0 passed=true
1791299194763 
1791299194763 SUMMARY allPass=true capsEnforced=true
1791299194763 CMD=pnpm uc018:perf-load:prove EXIT=0
1791299197080 LOCAL_ISOLATED_PROOF_RECEIPT file=.tmp/isolated-proof-receipts/2026-10-06T15-06-36-999Z-1490362-5d8668bd-6ffb-4057-8fca-f1c80b75bec4.json release_evidence=false
