1791299585693 
1791299585693 > meetwise@0.1.0 uc018:perf-load:prove /workspace/meetwise-wt-an-perf-prove6
1791299585693 > node scripts/run-e2e-isolated.mjs uc018:perf-load:prove:raw
1791299585693 
1791299585813 [R5-MARKED-RED] E2E_ISOLATION_STACK=pgvector-legacy (dual-track; SOLE_STACK=mysql-qdrant-redis is a dual-track code-path label ≠ product stack truth) E2E_PG_IMAGE=pgvector/pgvector:pg16 is a legacy pgvector isolation fixture — isolated test infra narration, NOT stack truth / NOT cutover evidence (product stack pin = ai-docs/delivery/adr-postgres-retained.md: Postgres · PostgresSaver · pgvector). Local green ≠ RAG migrated. releaseEvidence=false · Not HA · 本绿≠已迁 · local green ≠ HA · need multi-instance + fault-inject for releaseEvidence.
1791299585814 E2E_RESOURCE_CAPS target=uc018:perf-load:prove:raw docker_args=--cpus 2 --memory 4g
1791299589297 E2E_POSTGRES_READY label=boot consecutive=3 attempt=4
1791299589297 E2E isolated PostgreSQL: meetwise-e2e-1510439-1791299585810 on 127.0.0.1:33067
1791299589297 E2E_ISO_STACK_NOTE isolated shell = test infrastructure only: isolated test PG ≠ product stack change ≠ cutover evidence; product stack pin = ai-docs/delivery/adr-postgres-retained.md (Postgres retained · PostgresSaver · pgvector). releaseEvidence=false · Not HA.
1791299590256 E2E_POSTGRES_READY label=pre-prove consecutive=3 attempt=3
1791299590376 UC018_CAPS pg container=meetwise-e2e-1510439-1791299585810 NanoCpus=2000000000 Memory=4294967296 ok=true
1791299594716 UC018_CAPS written enforced=true api NanoCpus=2000000000 Memory=4294967296
1791299596609 UC-E2E-018 PERF/LOAD prove · NHP-018-PERF-01 + NHP-018-LOAD-01
1791299596610 NOTE: Method freeze nearest-rank · timeout=10s=error · warmup=10 · runs=3 · caps Docker 2cpu/4GiB
1791299596610 NOTE: local ≠ production capacity ≠ HA · PERF/LOAD partial ≠ UC covered · §1.1 stays partial
1791299596936 fatal: not a git repository: /workspace/projects/meetwise/.git/worktrees/meetwise-wt-an-perf-prove6
1791299597492 PERF run1: p50=21.7 p95=66.8 p99=86.8 err=0 timeout=0 passed=true
1791299597811 LOAD run1: p50=50.0 p95=158.7 p99=165.6 err=0 timeout=0 dblRel=0 stuck=0 stuckGraph=0 passed=true
1791299598223 PERF run2: p50=16.3 p95=45.9 p99=81.5 err=0 timeout=0 passed=true
1791299598480 LOAD run2: p50=31.2 p95=83.3 p99=108.1 err=0 timeout=0 dblRel=0 stuck=0 stuckGraph=0 passed=true
1791299598516 {"event":"db_pool_error","purpose":"default","count":1,"error_name":"Error","error_message":"Connection terminated unexpectedly"}
1791299598516 {"event":"db_pool_error","purpose":"default","count":2,"error_name":"Error","error_message":"Connection terminated unexpectedly"}
1791299598517 {"event":"db_pool_error","purpose":"default","count":3,"error_name":"Error","error_message":"Connection terminated unexpectedly"}
1791299598517 {"event":"db_pool_error","purpose":"default","count":4,"error_name":"Error","error_message":"Connection terminated unexpectedly"}
1791299598517 {"event":"db_pool_error","purpose":"default","count":5,"error_name":"Error","error_message":"Connection terminated unexpectedly"}
1791299598517 {"event":"db_pool_error","purpose":"default","count":6,"error_name":"Error","error_message":"Connection terminated unexpectedly"}
1791299598517 {"event":"db_pool_error","purpose":"default","count":7,"error_name":"Error","error_message":"Connection terminated unexpectedly"}
1791299598517 {"event":"db_pool_error","purpose":"default","count":8,"error_name":"Error","error_message":"Connection terminated unexpectedly"}
1791299598517 {"event":"db_pool_error","purpose":"default","count":9,"error_name":"Error","error_message":"Connection terminated unexpectedly"}
1791299598517 {"event":"db_pool_error","purpose":"default","count":10,"error_name":"Error","error_message":"Connection terminated unexpectedly"}
1791299598517 {"event":"db_pool_error","purpose":"default","count":11,"error_name":"Error","error_message":"Connection terminated unexpectedly"}
1791299598517 {"event":"db_pool_error","purpose":"default","count":12,"error_name":"Error","error_message":"Connection terminated unexpectedly"}
1791299598517 {"event":"db_pool_error","purpose":"default","count":13,"error_name":"Error","error_message":"Connection terminated unexpectedly"}
1791299598518 /workspace/meetwise-wt-an-perf-prove6/node_modules/.pnpm/pg@8.22.0/node_modules/pg/lib/client.js:652
1791299598518           Error.captureStackTrace(err)
1791299598518                 ^
1791299598518 
1791299598518 Error: Client has encountered a connection error and is not queryable
1791299598518     at /workspace/meetwise-wt-an-perf-prove6/node_modules/.pnpm/pg@8.22.0/node_modules/pg/lib/client.js:652:17
1791299598518     at process.processTicksAndRejections (node:internal/process/task_queues:95:5)
1791299598518     at async asPrincipal (file:///workspace/meetwise-wt-an-perf-prove6/packages/db/src/principal.ts:1280:9)
1791299598518     at async seedAbandonTargets (file:///workspace/meetwise-wt-an-perf-prove6/apps/api/test/uc-e2e-018-perf-load.proof.ts:237:9)
1791299598518     at async runPerf (file:///workspace/meetwise-wt-an-perf-prove6/apps/api/test/uc-e2e-018-perf-load.proof.ts:250:17)
1791299598518     at async file:///workspace/meetwise-wt-an-perf-prove6/apps/api/test/uc-e2e-018-perf-load.proof.ts:444:19
1791299598518 
1791299598518 Node.js v20.20.2
1791299600124 ISOLATED_POSTGRES_OUTPUT_WITHHELD container=meetwise-e2e-1510439-1791299585810 state_bytes=29 logs_bytes=29
1791299600223 LOCAL_ISOLATED_PROOF_RECEIPT file=.tmp/isolated-proof-receipts/2026-10-06T15-13-20-137Z-1510439-e681ab3a-14f1-46ea-8fd2-c2539b101c07.json release_evidence=false
1791299600244  ELIFECYCLE  Command failed with exit code 1.
