1791299606429 
1791299606429 > meetwise@0.1.0 uc018:perf-load:prove /workspace/meetwise-wt-an-perf-prove6
1791299606429 > node scripts/run-e2e-isolated.mjs uc018:perf-load:prove:raw
1791299606429 
1791299606550 [R5-MARKED-RED] E2E_ISOLATION_STACK=pgvector-legacy (dual-track; SOLE_STACK=mysql-qdrant-redis is a dual-track code-path label ≠ product stack truth) E2E_PG_IMAGE=pgvector/pgvector:pg16 is a legacy pgvector isolation fixture — isolated test infra narration, NOT stack truth / NOT cutover evidence (product stack pin = ai-docs/delivery/adr-postgres-retained.md: Postgres · PostgresSaver · pgvector). Local green ≠ RAG migrated. releaseEvidence=false · Not HA · 本绿≠已迁 · local green ≠ HA · need multi-instance + fault-inject for releaseEvidence.
1791299606552 E2E_RESOURCE_CAPS target=uc018:perf-load:prove:raw docker_args=--cpus 2 --memory 4g
1791299610098 E2E_POSTGRES_READY label=boot consecutive=3 attempt=4
1791299610098 E2E isolated PostgreSQL: meetwise-e2e-1511418-1791299606548 on 127.0.0.1:33068
1791299610098 E2E_ISO_STACK_NOTE isolated shell = test infrastructure only: isolated test PG ≠ product stack change ≠ cutover evidence; product stack pin = ai-docs/delivery/adr-postgres-retained.md (Postgres retained · PostgresSaver · pgvector). releaseEvidence=false · Not HA.
1791299611031 E2E_POSTGRES_READY label=pre-prove consecutive=3 attempt=3
1791299611157 UC018_CAPS pg container=meetwise-e2e-1511418-1791299606548 NanoCpus=2000000000 Memory=4294967296 ok=true
1791299615401 UC018_CAPS written enforced=true api NanoCpus=2000000000 Memory=4294967296
1791299617321 UC-E2E-018 PERF/LOAD prove · NHP-018-PERF-01 + NHP-018-LOAD-01
1791299617322 NOTE: Method freeze nearest-rank · timeout=10s=error · warmup=10 · runs=3 · caps Docker 2cpu/4GiB
1791299617322 NOTE: local ≠ production capacity ≠ HA · PERF/LOAD partial ≠ UC covered · §1.1 stays partial
1791299617657 fatal: not a git repository: /workspace/projects/meetwise/.git/worktrees/meetwise-wt-an-perf-prove6
1791299618254 PERF run1: p50=19.8 p95=75.4 p99=99.7 err=0 timeout=0 passed=true
1791299618590 LOAD run1: p50=54.5 p95=130.2 p99=155.8 err=0 timeout=0 dblRel=0 stuck=0 stuckGraph=0 passed=true
1791299619031 PERF run2: p50=18.2 p95=45.0 p99=58.8 err=0 timeout=0 passed=true
1791299619313 LOAD run2: p50=34.6 p95=116.4 p99=129.9 err=0 timeout=0 dblRel=0 stuck=0 stuckGraph=0 passed=true
1791299619371 {"event":"db_pool_error","purpose":"default","count":1,"error_name":"Error","error_message":"Connection terminated unexpectedly"}
1791299619372 {"event":"db_pool_error","purpose":"default","count":2,"error_name":"Error","error_message":"Connection terminated unexpectedly"}
1791299619374 {"event":"db_pool_error","purpose":"default","count":3,"error_name":"Error","error_message":"Connection terminated unexpectedly"}
1791299619374 {"event":"db_pool_error","purpose":"default","count":4,"error_name":"Error","error_message":"Connection terminated unexpectedly"}
1791299619374 {"event":"db_pool_error","purpose":"default","count":5,"error_name":"Error","error_message":"Connection terminated unexpectedly"}
1791299619374 {"event":"db_pool_error","purpose":"default","count":6,"error_name":"Error","error_message":"Connection terminated unexpectedly"}
1791299619374 {"event":"db_pool_error","purpose":"default","count":7,"error_name":"Error","error_message":"Connection terminated unexpectedly"}
1791299619374 {"event":"db_pool_error","purpose":"default","count":8,"error_name":"Error","error_message":"Connection terminated unexpectedly"}
1791299619374 {"event":"db_pool_error","purpose":"default","count":9,"error_name":"Error","error_message":"Connection terminated unexpectedly"}
1791299619375 /workspace/meetwise-wt-an-perf-prove6/node_modules/.pnpm/pg@8.22.0/node_modules/pg/lib/client.js:652
1791299619375           Error.captureStackTrace(err)
1791299619375                 ^
1791299619375 
1791299619375 Error: Client has encountered a connection error and is not queryable
1791299619375     at /workspace/meetwise-wt-an-perf-prove6/node_modules/.pnpm/pg@8.22.0/node_modules/pg/lib/client.js:652:17
1791299619375     at process.processTicksAndRejections (node:internal/process/task_queues:95:5)
1791299619375     at async asPrincipal (file:///workspace/meetwise-wt-an-perf-prove6/packages/db/src/principal.ts:1280:9)
1791299619375     at async seedAbandonTargets (file:///workspace/meetwise-wt-an-perf-prove6/apps/api/test/uc-e2e-018-perf-load.proof.ts:237:9)
1791299619375     at async runPerf (file:///workspace/meetwise-wt-an-perf-prove6/apps/api/test/uc-e2e-018-perf-load.proof.ts:250:17)
1791299619375     at async file:///workspace/meetwise-wt-an-perf-prove6/apps/api/test/uc-e2e-018-perf-load.proof.ts:444:19
1791299619375 
1791299619375 Node.js v20.20.2
1791299621013 ISOLATED_POSTGRES_OUTPUT_WITHHELD container=meetwise-e2e-1511418-1791299606548 state_bytes=29 logs_bytes=29
1791299621099 LOCAL_ISOLATED_PROOF_RECEIPT file=.tmp/isolated-proof-receipts/2026-10-06T15-13-41-025Z-1511418-80c08629-b319-40c8-a470-15ecdc81463c.json release_evidence=false
1791299621120  ELIFECYCLE  Command failed with exit code 1.
