1791299226875 
1791299226876 > meetwise@0.1.0 uc018:perf-load:prove /workspace/meetwise-wt-an-perf-prove6
1791299226876 > node scripts/run-e2e-isolated.mjs uc018:perf-load:prove:raw
1791299226876 
1791299226995 [R5-MARKED-RED] E2E_ISOLATION_STACK=pgvector-legacy (dual-track; SOLE_STACK=mysql-qdrant-redis is a dual-track code-path label ≠ product stack truth) E2E_PG_IMAGE=pgvector/pgvector:pg16 is a legacy pgvector isolation fixture — isolated test infra narration, NOT stack truth / NOT cutover evidence (product stack pin = ai-docs/delivery/adr-postgres-retained.md: Postgres · PostgresSaver · pgvector). Local green ≠ RAG migrated. releaseEvidence=false · Not HA · 本绿≠已迁 · local green ≠ HA · need multi-instance + fault-inject for releaseEvidence.
1791299226996 E2E_RESOURCE_CAPS target=uc018:perf-load:prove:raw docker_args=--cpus 2 --memory 4g
1791299230462 E2E_POSTGRES_READY label=boot consecutive=3 attempt=4
1791299230462 E2E isolated PostgreSQL: meetwise-e2e-1492344-1791299226993 on 127.0.0.1:33045
1791299230462 E2E_ISO_STACK_NOTE isolated shell = test infrastructure only: isolated test PG ≠ product stack change ≠ cutover evidence; product stack pin = ai-docs/delivery/adr-postgres-retained.md (Postgres retained · PostgresSaver · pgvector). releaseEvidence=false · Not HA.
1791299231385 E2E_POSTGRES_READY label=pre-prove consecutive=3 attempt=3
1791299231507 UC018_CAPS pg container=meetwise-e2e-1492344-1791299226993 NanoCpus=2000000000 Memory=4294967296 ok=true
1791299235816 UC018_CAPS written enforced=true api NanoCpus=2000000000 Memory=4294967296
1791299237677 UC-E2E-018 PERF/LOAD prove · NHP-018-PERF-01 + NHP-018-LOAD-01
1791299237677 NOTE: Method freeze nearest-rank · timeout=10s=error · warmup=10 · runs=3 · caps Docker 2cpu/4GiB
1791299237677 NOTE: local ≠ production capacity ≠ HA · PERF/LOAD partial ≠ UC covered · §1.1 stays partial
1791299237983 fatal: not a git repository: /workspace/projects/meetwise/.git/worktrees/meetwise-wt-an-perf-prove6
1791299238561 PERF run1: p50=21.3 p95=68.9 p99=86.0 err=0 timeout=0 passed=true
1791299238929 LOAD run1: p50=65.7 p95=163.5 p99=181.7 err=0 timeout=0 dblRel=0 stuck=0 stuckGraph=0 passed=true
1791299239348 PERF run2: p50=17.1 p95=47.4 p99=64.4 err=0 timeout=0 passed=true
1791299239600 LOAD run2: p50=29.8 p95=106.2 p99=116.9 err=0 timeout=0 dblRel=0 stuck=0 stuckGraph=0 passed=true
1791299240037 PERF run3: p50=17.2 p95=46.9 p99=52.0 err=0 timeout=0 passed=true
1791299240296 LOAD run3: p50=31.3 p95=112.9 p99=117.0 err=0 timeout=0 dblRel=0 stuck=0 stuckGraph=0 passed=true
1791299240297 
1791299240297 SUMMARY allPass=true capsEnforced=true
1791299240297 CMD=pnpm uc018:perf-load:prove EXIT=0
1791299242636 LOCAL_ISOLATED_PROOF_RECEIPT file=.tmp/isolated-proof-receipts/2026-10-06T15-07-22-582Z-1492344-393a14ea-9934-44ed-a7cf-4a8d876421c0.json release_evidence=false
