
> meetwise@0.1.0 uc018:perf-load:prove /workspace/meetwise-wt-an-perf-coding
> node scripts/run-e2e-isolated.mjs uc018:perf-load:prove:raw

[R5-MARKED-RED] E2E_ISOLATION_STACK=pgvector-legacy (dual-track; SOLE_STACK=mysql-qdrant-redis is a dual-track code-path label ≠ product stack truth) E2E_PG_IMAGE=pgvector/pgvector:pg16 is a legacy pgvector isolation fixture — isolated test infra narration, NOT stack truth / NOT cutover evidence (product stack pin = ai-docs/delivery/adr-postgres-retained.md: Postgres · PostgresSaver · pgvector). Local green ≠ RAG migrated. releaseEvidence=false · Not HA · 本绿≠已迁 · local green ≠ HA · need multi-instance + fault-inject for releaseEvidence.
E2E_RESOURCE_CAPS target=uc018:perf-load:prove:raw docker_args=--cpus 2 --memory 4g
E2E_POSTGRES_READY label=boot consecutive=3 attempt=4
E2E isolated PostgreSQL: meetwise-e2e-1392014-1791295112472 on 127.0.0.1:32984
E2E_ISO_STACK_NOTE isolated shell = test infrastructure only: isolated test PG ≠ product stack change ≠ cutover evidence; product stack pin = ai-docs/delivery/adr-postgres-retained.md (Postgres retained · PostgresSaver · pgvector). releaseEvidence=false · Not HA.
E2E_POSTGRES_READY label=pre-prove consecutive=3 attempt=3
UC018_CAPS pg container=meetwise-e2e-1392014-1791295112472 NanoCpus=2000000000 Memory=4294967296 ok=true
UC018_CAPS written enforced=true api NanoCpus=2000000000 Memory=4294967296
UC-E2E-018 PERF/LOAD prove · NHP-018-PERF-01 + NHP-018-LOAD-01
NOTE: Method freeze nearest-rank · timeout=10s=error · warmup=10 · runs=3 · caps Docker 2cpu/4GiB
NOTE: local ≠ production capacity ≠ HA · PERF/LOAD partial ≠ UC covered · §1.1 stays partial
fatal: not a git repository: /workspace/projects/meetwise/.git/worktrees/meetwise-wt-an-perf-coding
PERF run1: p50=22.3 p95=81.4 p99=90.1 err=0 timeout=0 passed=true
LOAD run1: p50=63.5 p95=143.5 p99=167.3 err=0 timeout=0 dblRel=0 stuck=0 stuckGraph=0 passed=true
PERF run2: p50=20.2 p95=45.2 p99=55.6 err=0 timeout=0 passed=true
LOAD run2: p50=40.9 p95=94.9 p99=122.2 err=0 timeout=0 dblRel=0 stuck=0 stuckGraph=0 passed=true
PERF run3: p50=14.7 p95=54.9 p99=93.7 err=0 timeout=0 passed=true
LOAD run3: p50=34.3 p95=86.4 p99=95.8 err=0 timeout=0 dblRel=0 stuck=0 stuckGraph=0 passed=true

SUMMARY allPass=true capsEnforced=true
CMD=pnpm uc018:perf-load:prove EXIT=0
LOCAL_ISOLATED_PROOF_RECEIPT file=.tmp/isolated-proof-receipts/2026-10-06T13-58-50-772Z-1392014-e452c8b1-9015-4af2-8a46-99959711ebbd.json release_evidence=false
RAW_EXIT=0
