1791299361889 
1791299361890 > meetwise@0.1.0 uc018:perf-load:prove /workspace/meetwise-wt-an-perf-prove6
1791299361890 > node scripts/run-e2e-isolated.mjs uc018:perf-load:prove:raw
1791299361890 
1791299362007 [R5-MARKED-RED] E2E_ISOLATION_STACK=pgvector-legacy (dual-track; SOLE_STACK=mysql-qdrant-redis is a dual-track code-path label ≠ product stack truth) E2E_PG_IMAGE=pgvector/pgvector:pg16 is a legacy pgvector isolation fixture — isolated test infra narration, NOT stack truth / NOT cutover evidence (product stack pin = ai-docs/delivery/adr-postgres-retained.md: Postgres · PostgresSaver · pgvector). Local green ≠ RAG migrated. releaseEvidence=false · Not HA · 本绿≠已迁 · local green ≠ HA · need multi-instance + fault-inject for releaseEvidence.
1791299362009 E2E_RESOURCE_CAPS target=uc018:perf-load:prove:raw docker_args=--cpus 2 --memory 4g
1791299365609 E2E_POSTGRES_READY label=boot consecutive=3 attempt=4
1791299365609 E2E isolated PostgreSQL: meetwise-e2e-1498483-1791299362005 on 127.0.0.1:33051
1791299365609 E2E_ISO_STACK_NOTE isolated shell = test infrastructure only: isolated test PG ≠ product stack change ≠ cutover evidence; product stack pin = ai-docs/delivery/adr-postgres-retained.md (Postgres retained · PostgresSaver · pgvector). releaseEvidence=false · Not HA.
1791299366529 E2E_POSTGRES_READY label=pre-prove consecutive=3 attempt=3
1791299366650 UC018_CAPS pg container=meetwise-e2e-1498483-1791299362005 NanoCpus=2000000000 Memory=4294967296 ok=true
1791299370835 UC018_CAPS written enforced=true api NanoCpus=2000000000 Memory=4294967296
1791299372799 UC-E2E-018 PERF/LOAD prove · NHP-018-PERF-01 + NHP-018-LOAD-01
1791299372800 NOTE: Method freeze nearest-rank · timeout=10s=error · warmup=10 · runs=3 · caps Docker 2cpu/4GiB
1791299372800 NOTE: local ≠ production capacity ≠ HA · PERF/LOAD partial ≠ UC covered · §1.1 stays partial
1791299373132 fatal: not a git repository: /workspace/projects/meetwise/.git/worktrees/meetwise-wt-an-perf-prove6
1791299373690 PERF run1: p50=24.4 p95=61.7 p99=88.5 err=0 timeout=0 passed=true
1791299373998 LOAD run1: p50=41.3 p95=137.4 p99=146.9 err=0 timeout=0 dblRel=0 stuck=0 stuckGraph=0 passed=true
1791299374450 PERF run2: p50=19.7 p95=50.8 p99=83.7 err=0 timeout=0 passed=true
1791299374724 LOAD run2: p50=35.6 p95=103.0 p99=110.4 err=0 timeout=0 dblRel=0 stuck=0 stuckGraph=0 passed=true
1791299374747 {"event":"db_pool_error","purpose":"default","count":1,"error_name":"Error","error_message":"Connection terminated unexpectedly"}
1791299374748 /workspace/meetwise-wt-an-perf-prove6/node_modules/.pnpm/pg@8.22.0/node_modules/pg/lib/client.js:652
1791299374749           Error.captureStackTrace(err)
1791299374749                 ^
1791299374749 
1791299374749 Error: Connection terminated unexpectedly
1791299374749     at /workspace/meetwise-wt-an-perf-prove6/node_modules/.pnpm/pg@8.22.0/node_modules/pg/lib/client.js:652:17
1791299374749     at process.processTicksAndRejections (node:internal/process/task_queues:95:5)
1791299374749     at async asPrincipal (file:///workspace/meetwise-wt-an-perf-prove6/packages/db/src/principal.ts:1280:9)
1791299374749     at async seedAbandonTargets (file:///workspace/meetwise-wt-an-perf-prove6/apps/api/test/uc-e2e-018-perf-load.proof.ts:237:9)
1791299374749     at async runPerf (file:///workspace/meetwise-wt-an-perf-prove6/apps/api/test/uc-e2e-018-perf-load.proof.ts:250:17)
1791299374749     at async file:///workspace/meetwise-wt-an-perf-prove6/apps/api/test/uc-e2e-018-perf-load.proof.ts:444:19
1791299374749 
1791299374749 Node.js v20.20.2
1791299376331 ISOLATED_POSTGRES_OUTPUT_WITHHELD container=meetwise-e2e-1498483-1791299362005 state_bytes=219 logs_bytes=2369
1791299377123 LOCAL_ISOLATED_PROOF_RECEIPT file=.tmp/isolated-proof-receipts/2026-10-06T15-09-37-050Z-1498483-d4f4fc91-7ab6-497a-9d24-65e7dd79a46f.json release_evidence=false
1791299377144  ELIFECYCLE  Command failed with exit code 1.
