1791299563876 
1791299563877 > meetwise@0.1.0 uc018:perf-load:prove /workspace/meetwise-wt-an-perf-prove6
1791299563877 > node scripts/run-e2e-isolated.mjs uc018:perf-load:prove:raw
1791299563877 
1791299563996 [R5-MARKED-RED] E2E_ISOLATION_STACK=pgvector-legacy (dual-track; SOLE_STACK=mysql-qdrant-redis is a dual-track code-path label ≠ product stack truth) E2E_PG_IMAGE=pgvector/pgvector:pg16 is a legacy pgvector isolation fixture — isolated test infra narration, NOT stack truth / NOT cutover evidence (product stack pin = ai-docs/delivery/adr-postgres-retained.md: Postgres · PostgresSaver · pgvector). Local green ≠ RAG migrated. releaseEvidence=false · Not HA · 本绿≠已迁 · local green ≠ HA · need multi-instance + fault-inject for releaseEvidence.
1791299563998 E2E_RESOURCE_CAPS target=uc018:perf-load:prove:raw docker_args=--cpus 2 --memory 4g
1791299567420 E2E_POSTGRES_READY label=boot consecutive=3 attempt=4
1791299567420 E2E isolated PostgreSQL: meetwise-e2e-1509340-1791299563994 on 127.0.0.1:33066
1791299567420 E2E_ISO_STACK_NOTE isolated shell = test infrastructure only: isolated test PG ≠ product stack change ≠ cutover evidence; product stack pin = ai-docs/delivery/adr-postgres-retained.md (Postgres retained · PostgresSaver · pgvector). releaseEvidence=false · Not HA.
1791299568308 E2E_POSTGRES_READY label=pre-prove consecutive=3 attempt=3
1791299568438 UC018_CAPS pg container=meetwise-e2e-1509340-1791299563994 NanoCpus=2000000000 Memory=4294967296 ok=true
1791299573603 UC018_CAPS written enforced=true api NanoCpus=2000000000 Memory=4294967296
1791299575778 UC-E2E-018 PERF/LOAD prove · NHP-018-PERF-01 + NHP-018-LOAD-01
1791299575778 NOTE: Method freeze nearest-rank · timeout=10s=error · warmup=10 · runs=3 · caps Docker 2cpu/4GiB
1791299575778 NOTE: local ≠ production capacity ≠ HA · PERF/LOAD partial ≠ UC covered · §1.1 stays partial
1791299576100 fatal: not a git repository: /workspace/projects/meetwise/.git/worktrees/meetwise-wt-an-perf-prove6
1791299576718 PERF run1: p50=23.3 p95=64.7 p99=90.4 err=0 timeout=0 passed=true
1791299577042 LOAD run1: p50=54.4 p95=131.9 p99=160.1 err=0 timeout=0 dblRel=0 stuck=0 stuckGraph=0 passed=true
1791299577445 PERF run2: p50=14.8 p95=47.8 p99=60.0 err=0 timeout=0 passed=true
1791299577691 LOAD run2: p50=35.2 p95=91.4 p99=103.6 err=0 timeout=0 dblRel=0 stuck=0 stuckGraph=0 passed=true
1791299577726 node:events:502
1791299577727       throw er; // Unhandled 'error' event
1791299577727       ^
1791299577727 
1791299577727 Error: Connection terminated unexpectedly
1791299577727     at Connection.<anonymous> (/workspace/meetwise-wt-an-perf-prove6/node_modules/.pnpm/pg@8.22.0/node_modules/pg/lib/client.js:199:73)
1791299577727     at Object.onceWrapper (node:events:638:28)
1791299577727     at Connection.emit (node:events:524:28)
1791299577727     at Socket.<anonymous> (/workspace/meetwise-wt-an-perf-prove6/node_modules/.pnpm/pg@8.22.0/node_modules/pg/lib/connection.js:63:12)
1791299577727     at Socket.emit (node:events:524:28)
1791299577727     at TCP.<anonymous> (node:net:343:12)
1791299577727 Emitted 'error' event on BoundPool instance at:
1791299577727     at Client.idleListener (/workspace/meetwise-wt-an-perf-prove6/node_modules/.pnpm/pg-pool@3.14.0_pg@8.22.0/node_modules/pg-pool/index.js:62:10)
1791299577727     at Client.emit (node:events:524:28)
1791299577727     at Client._handleErrorEvent (/workspace/meetwise-wt-an-perf-prove6/node_modules/.pnpm/pg@8.22.0/node_modules/pg/lib/client.js:417:10)
1791299577727     at Connection.<anonymous> (/workspace/meetwise-wt-an-perf-prove6/node_modules/.pnpm/pg@8.22.0/node_modules/pg/lib/client.js:217:16)
1791299577727     at Object.onceWrapper (node:events:638:28)
1791299577727     [... lines matching original stack trace ...]
1791299577727     at TCP.<anonymous> (node:net:343:12) {
1791299577727   client: Client {
1791299577727     _events: [Object: null prototype] { error: [Function (anonymous)] },
1791299577727     _eventsCount: 1,
1791299577727     _maxListeners: undefined,
1791299577727     connectionParameters: ConnectionParameters {
1791299577727       user: 'meetwise',
1791299577727       database: 'meetwise',
1791299577727       port: 33066,
1791299577727       host: '127.0.0.1',
1791299577727       binary: false,
1791299577727       options: undefined,
1791299577727       ssl: false,
1791299577727       sslnegotiation: undefined,
1791299577727       client_encoding: '',
1791299577727       replication: undefined,
1791299577727       isDomainSocket: false,
1791299577727       application_name: undefined,
1791299577727       fallback_application_name: undefined,
1791299577727       statement_timeout: 15000,
1791299577727       lock_timeout: false,
1791299577727       idle_in_transaction_session_timeout: 15000,
1791299577727       query_timeout: false,
1791299577727       connect_timeout: 5
1791299577727     },
1791299577727     user: 'meetwise',
1791299577727     database: 'meetwise',
1791299577727     port: 33066,
1791299577727     host: '127.0.0.1',
1791299577727     replication: undefined,
1791299577727     _Promise: [Function: Promise],
1791299577727     _types: TypeOverrides {
1791299577727       _types: {
1791299577727         getTypeParser: [Function: getTypeParser],
1791299577727         setTypeParser: [Function: setTypeParser],
1791299577727         arrayParser: { create: [Function: create] },
1791299577727         builtins: {
1791299577727           BOOL: 16,
1791299577727           BYTEA: 17,
1791299577727           CHAR: 18,
1791299577727           INT8: 20,
1791299577727           INT2: 21,
1791299577727           INT4: 23,
1791299577727           REGPROC: 24,
1791299577727           TEXT: 25,
1791299577727           OID: 26,
1791299577727           TID: 27,
1791299577727           XID: 28,
1791299577727           CID: 29,
1791299577727           JSON: 114,
1791299577727           XML: 142,
1791299577727           PG_NODE_TREE: 194,
1791299577727           SMGR: 210,
1791299577727           PATH: 602,
1791299577727           POLYGON: 604,
1791299577727           CIDR: 650,
1791299577727           FLOAT4: 700,
1791299577727           FLOAT8: 701,
1791299577727           ABSTIME: 702,
1791299577727           RELTIME: 703,
1791299577727           TINTERVAL: 704,
1791299577727           CIRCLE: 718,
1791299577727           MACADDR8: 774,
1791299577727           MONEY: 790,
1791299577727           MACADDR: 829,
1791299577727           INET: 869,
1791299577727           ACLITEM: 1033,
1791299577727           BPCHAR: 1042,
1791299577727           VARCHAR: 1043,
1791299577727           DATE: 1082,
1791299577727           TIME: 1083,
1791299577727           TIMESTAMP: 1114,
1791299577727           TIMESTAMPTZ: 1184,
1791299577727           INTERVAL: 1186,
1791299577727           TIMETZ: 1266,
1791299577727           BIT: 1560,
1791299577727           VARBIT: 1562,
1791299577727           NUMERIC: 1700,
1791299577727           REFCURSOR: 1790,
1791299577727           REGPROCEDURE: 2202,
1791299577727           REGOPER: 2203,
1791299577727           REGOPERATOR: 2204,
1791299577727           REGCLASS: 2205,
1791299577727           REGTYPE: 2206,
1791299577727           UUID: 2950,
1791299577727           TXID_SNAPSHOT: 2970,
1791299577727           PG_LSN: 3220,
1791299577727           PG_NDISTINCT: 3361,
1791299577727           PG_DEPENDENCIES: 3402,
1791299577727           TSVECTOR: 3614,
1791299577727           TSQUERY: 3615,
1791299577727           GTSVECTOR: 3642,
1791299577727           REGCONFIG: 3734,
1791299577727           REGDICTIONARY: 3769,
1791299577727           JSONB: 3802,
1791299577727           REGNAMESPACE: 4089,
1791299577727           REGROLE: 4096
1791299577727         }
1791299577727       },
1791299577727       text: {},
1791299577727       binary: {}
1791299577727     },
1791299577727     _ending: true,
1791299577727     _ended: true,
1791299577727     _connecting: false,
1791299577727     _connected: true,
1791299577727     _connectionError: false,
1791299577727     _queryable: false,
1791299577727     _activeQuery: null,
1791299577727     _txStatus: 'I',
1791299577727     enableChannelBinding: false,
1791299577727     scramMaxIterations: 100000,
1791299577727     connection: Connection {
1791299577727       _events: [Object: null prototype] {
1791299577727         newListener: [Function (anonymous)],
1791299577727         connect: [Function (anonymous)],
1791299577727         sslconnect: [Function (anonymous)],
1791299577727         authenticationCleartextPassword: [Function: bound _handleAuthCleartextPassword],
1791299577727         authenticationMD5Password: [Function: bound _handleAuthMD5Password],
1791299577727         authenticationSASL: [Function: bound _handleAuthSASL],
1791299577727         authenticationSASLContinue: [Function: bound _handleAuthSASLContinue] AsyncFunction,
1791299577727         authenticationSASLFinal: [Function: bound _handleAuthSASLFinal],
1791299577727         backendKeyData: [Function: bound _handleBackendKeyData],
1791299577727         error: [Function: bound _handleErrorEvent],
1791299577727         errorMessage: [Function: bound _handleErrorMessage],
1791299577727         readyForQuery: [Function: bound _handleReadyForQuery],
1791299577727         notice: [Function: bound _handleNotice],
1791299577727         rowDescription: [Function: bound _handleRowDescription],
1791299577727         dataRow: [Function: bound _handleDataRow],
1791299577727         portalSuspended: [Function: bound _handlePortalSuspended],
1791299577727         emptyQuery: [Function: bound _handleEmptyQuery],
1791299577727         commandComplete: [Function: bound _handleCommandComplete],
1791299577727         parseComplete: [Function: bound _handleParseComplete],
1791299577727         copyInResponse: [Function: bound _handleCopyInResponse],
1791299577727         copyData: [Function: bound _handleCopyData],
1791299577727         notification: [Function: bound _handleNotification]
1791299577727       },
1791299577727       _eventsCount: 22,
1791299577727       _maxListeners: undefined,
1791299577727       stream: Socket {
1791299577727         connecting: false,
1791299577727         _hadError: false,
1791299577727         _parent: null,
1791299577727         _host: null,
1791299577727         _closeAfterHandlingError: false,
1791299577727         _events: {
1791299577727           close: [Function (anonymous)],
1791299577727           error: [Function: reportStreamError],
1791299577727           prefinish: undefined,
1791299577727           finish: undefined,
1791299577727           drain: undefined,
1791299577727           data: [Function (anonymous)],
1791299577727           end: [ [Function: onReadableStreamEnd], [Function (anonymous)] ],
1791299577727           readable: undefined,
1791299577727           connect: undefined
1791299577727         },
1791299577727         _readableState: ReadableState {
1791299577727           highWaterMark: 16384,
1791299577727           buffer: [],
1791299577727           bufferIndex: 0,
1791299577727           length: 0,
1791299577727           pipes: [],
1791299577727           awaitDrainWriters: null,
1791299577727           [Symbol(kState)]: 194512756
1791299577727         },
1791299577727         _writableState: WritableState {
1791299577727           highWaterMark: 16384,
1791299577727           length: 0,
1791299577727           corked: 0,
1791299577727           onwrite: [Function: bound onwrite],
1791299577727           writelen: 0,
1791299577727           bufferedIndex: 0,
1791299577727           pendingcb: 0,
1791299577727           [Symbol(kState)]: 1091450228,
1791299577727           [Symbol(kBufferedValue)]: null,
1791299577727           [Symbol(kWriteCbValue)]: null
1791299577727         },
1791299577727         allowHalfOpen: false,
1791299577727         _maxListeners: undefined,
1791299577727         _eventsCount: 4,
1791299577727         _sockname: null,
1791299577727         _pendingData: null,
1791299577727         _pendingEncoding: '',
1791299577727         server: null,
1791299577727         _server: null,
1791299577727         write: [Function: writeAfterFIN],
1791299577727         [Symbol(async_id_symbol)]: 15949,
1791299577727         [Symbol(kHandle)]: null,
1791299577727         [Symbol(lastWriteQueueSize)]: 0,
1791299577727         [Symbol(timeout)]: null,
1791299577727         [Symbol(kBuffer)]: null,
1791299577727         [Symbol(kBufferCb)]: null,
1791299577727         [Symbol(kBufferGen)]: null,
1791299577727         [Symbol(shapeMode)]: true,
1791299577727         [Symbol(kCapture)]: false,
1791299577727         [Symbol(kSetNoDelay)]: true,
1791299577727         [Symbol(kSetKeepAlive)]: false,
1791299577727         [Symbol(kSetKeepAliveInitialDelay)]: 0,
1791299577727         [Symbol(kBytesRead)]: 7252,
1791299577727         [Symbol(kBytesWritten)]: 13457
1791299577727       },
1791299577727       _keepAlive: false,
1791299577727       _keepAliveInitialDelayMillis: 0,
1791299577727       parsedStatements: {},
1791299577727       ssl: false,
1791299577727       sslNegotiation: 'postgres',
1791299577727       _ending: true,
1791299577727       _emitMessage: false,
1791299577727       _connecting: true,
1791299577727       [Symbol(shapeMode)]: false,
1791299577727       [Symbol(kCapture)]: false
1791299577727     },
1791299577727     _queryQueue: [],
1791299577727     binary: false,
1791299577727     processID: 141,
1791299577727     secretKey: 988639644,
1791299577727     ssl: false,
1791299577727     sslNegotiation: 'postgres',
1791299577727     _connectionTimeoutMillis: 5000,
1791299577727     _connectionCallback: null,
1791299577727     connectionTimeoutHandle: Timeout {
1791299577727       _idleTimeout: -1,
1791299577727       _idlePrev: null,
1791299577727       _idleNext: null,
1791299577727       _idleStart: 3200,
1791299577727       _onTimeout: null,
1791299577727       _timerArgs: undefined,
1791299577727       _repeat: null,
1791299577727       _destroyed: true,
1791299577727       [Symbol(refed)]: false,
1791299577727       [Symbol(kHasPrimitive)]: false,
1791299577727       [Symbol(asyncId)]: 15948,
1791299577727       [Symbol(triggerId)]: 0
1791299577727     },
1791299577727     saslSession: null,
1791299577727     release: [Function (anonymous)],
1791299577727     readyForQuery: true,
1791299577727     hasExecuted: true,
1791299577727     _poolUseCount: 6,
1791299577728     [Symbol(shapeMode)]: false,
1791299577728     [Symbol(kCapture)]: false
1791299577728   }
1791299577728 }
1791299577728 
1791299577728 Node.js v20.20.2
1791299579295 ISOLATED_POSTGRES_OUTPUT_WITHHELD container=meetwise-e2e-1509340-1791299563994 state_bytes=29 logs_bytes=29
1791299579416 LOCAL_ISOLATED_PROOF_RECEIPT file=.tmp/isolated-proof-receipts/2026-10-06T15-12-59-310Z-1509340-65585666-3e77-45f0-a097-190dd539189d.json release_evidence=false
1791299579437  ELIFECYCLE  Command failed with exit code 1.
