1791299627291 
1791299627291 > meetwise@0.1.0 uc018:perf-load:prove /workspace/meetwise-wt-an-perf-prove6
1791299627292 > node scripts/run-e2e-isolated.mjs uc018:perf-load:prove:raw
1791299627292 
1791299627409 [R5-MARKED-RED] E2E_ISOLATION_STACK=pgvector-legacy (dual-track; SOLE_STACK=mysql-qdrant-redis is a dual-track code-path label ≠ product stack truth) E2E_PG_IMAGE=pgvector/pgvector:pg16 is a legacy pgvector isolation fixture — isolated test infra narration, NOT stack truth / NOT cutover evidence (product stack pin = ai-docs/delivery/adr-postgres-retained.md: Postgres · PostgresSaver · pgvector). Local green ≠ RAG migrated. releaseEvidence=false · Not HA · 本绿≠已迁 · local green ≠ HA · need multi-instance + fault-inject for releaseEvidence.
1791299627411 E2E_RESOURCE_CAPS target=uc018:perf-load:prove:raw docker_args=--cpus 2 --memory 4g
1791299630979 E2E_POSTGRES_READY label=boot consecutive=3 attempt=4
1791299630979 E2E isolated PostgreSQL: meetwise-e2e-1512435-1791299627407 on 127.0.0.1:33069
1791299630979 E2E_ISO_STACK_NOTE isolated shell = test infrastructure only: isolated test PG ≠ product stack change ≠ cutover evidence; product stack pin = ai-docs/delivery/adr-postgres-retained.md (Postgres retained · PostgresSaver · pgvector). releaseEvidence=false · Not HA.
1791299631907 E2E_POSTGRES_READY label=pre-prove consecutive=3 attempt=3
1791299632030 UC018_CAPS pg container=meetwise-e2e-1512435-1791299627407 NanoCpus=2000000000 Memory=4294967296 ok=true
1791299636699 UC018_CAPS written enforced=true api NanoCpus=2000000000 Memory=4294967296
1791299638895 UC-E2E-018 PERF/LOAD prove · NHP-018-PERF-01 + NHP-018-LOAD-01
1791299638896 NOTE: Method freeze nearest-rank · timeout=10s=error · warmup=10 · runs=3 · caps Docker 2cpu/4GiB
1791299638896 NOTE: local ≠ production capacity ≠ HA · PERF/LOAD partial ≠ UC covered · §1.1 stays partial
1791299639222 fatal: not a git repository: /workspace/projects/meetwise/.git/worktrees/meetwise-wt-an-perf-prove6
1791299639843 PERF run1: p50=22.5 p95=74.6 p99=97.9 err=0 timeout=0 passed=true
1791299640180 LOAD run1: p50=60.9 p95=169.1 p99=179.5 err=0 timeout=0 dblRel=0 stuck=0 stuckGraph=0 passed=true
1791299640636 PERF run2: p50=19.5 p95=50.1 p99=86.3 err=0 timeout=0 passed=true
1791299640945 LOAD run2: p50=43.2 p95=125.6 p99=140.3 err=0 timeout=0 dblRel=0 stuck=0 stuckGraph=0 passed=true
1791299640980 {"event":"db_pool_error","purpose":"default","count":1,"error_name":"Error","error_message":"Connection terminated unexpectedly"}
1791299640982 /workspace/meetwise-wt-an-perf-prove6/node_modules/.pnpm/pg@8.22.0/node_modules/pg/lib/client.js:652
1791299640982           Error.captureStackTrace(err)
1791299640982                 ^
1791299640982 
1791299640982 Error: Client has encountered a connection error and is not queryable
1791299640982     at /workspace/meetwise-wt-an-perf-prove6/node_modules/.pnpm/pg@8.22.0/node_modules/pg/lib/client.js:652:17
1791299640982     at process.processTicksAndRejections (node:internal/process/task_queues:95:5)
1791299640982     at async asPrincipal (file:///workspace/meetwise-wt-an-perf-prove6/packages/db/src/principal.ts:1280:9)
1791299640982     at async seedAbandonTargets (file:///workspace/meetwise-wt-an-perf-prove6/apps/api/test/uc-e2e-018-perf-load.proof.ts:237:9)
1791299640982     at async runPerf (file:///workspace/meetwise-wt-an-perf-prove6/apps/api/test/uc-e2e-018-perf-load.proof.ts:250:17)
1791299640982     at async file:///workspace/meetwise-wt-an-perf-prove6/apps/api/test/uc-e2e-018-perf-load.proof.ts:444:19
1791299640982 
1791299640982 Node.js v20.20.2
1791299642617 ISOLATED_POSTGRES_OUTPUT_WITHHELD container=meetwise-e2e-1512435-1791299627407 state_bytes=29 logs_bytes=29
1791299642716 LOCAL_ISOLATED_PROOF_RECEIPT file=.tmp/isolated-proof-receipts/2026-10-06T15-14-02-630Z-1512435-10a54711-7d04-424d-8148-f2b7461186ff.json release_evidence=false
1791299642738  ELIFECYCLE  Command failed with exit code 1.
