START 2026-10-06 20:26:55 CST
with-docker-session: docker.sock permission gap in session; re-exec via sg docker (membership already in /etc/group; no grant/chmod/sudo)

> meetwise@0.1.0 uc052:external-sink-retention:prove /workspace/meetwise-wt-an-priv-ext
> node scripts/run-e2e-isolated.mjs uc052:external-sink-retention:prove:raw

[R5-MARKED-RED] E2E_ISOLATION_STACK=pgvector-legacy (dual-track; SOLE_STACK=mysql-qdrant-redis is a dual-track code-path label ≠ product stack truth) E2E_PG_IMAGE=pgvector/pgvector:pg16 is a legacy pgvector isolation fixture — isolated test infra narration, NOT stack truth / NOT cutover evidence (product stack pin = ai-docs/delivery/adr-postgres-retained.md: Postgres · PostgresSaver · pgvector). Local green ≠ RAG migrated. releaseEvidence=false · Not HA · 本绿≠已迁 · local green ≠ HA · need multi-instance + fault-inject for releaseEvidence.
E2E_POSTGRES_READY label=boot consecutive=3 attempt=4
E2E isolated PostgreSQL: meetwise-e2e-1231045-1791289615814 on 127.0.0.1:32923
E2E_ISO_STACK_NOTE isolated shell = test infrastructure only: isolated test PG ≠ product stack change ≠ cutover evidence; product stack pin = ai-docs/delivery/adr-postgres-retained.md (Postgres retained · PostgresSaver · pgvector). releaseEvidence=false · Not HA.

> @meetwise/db@0.0.0 migrate /workspace/meetwise-wt-an-priv-ext/packages/db
> tsx src/migrate-cli.ts

migrations: applied=137 skipped=0 rag_control_manifest=not_requested qbank_control_manifest=not_requested runtime_login=not_requested qbank_control_login=not_requested privacy_worker_login=not_requested
E2E_POSTGRES_READY label=post-migrate consecutive=3 attempt=3
E2E_POSTGRES_READY label=pre-prove consecutive=3 attempt=3

> @meetwise/db@0.0.0 prove:uc052-external-sink-retention /workspace/meetwise-wt-an-priv-ext/packages/db
> tsx test/uc052-external-sink-retention.proof.ts

UC052_EXTERNAL_SINK_RETENTION_PROVE gitSha=9e2abd04083eca464817e35687595c706cbcd2a9 line=AN-PRIV-EXT live=false modelKey=not_loaded
PASS  EXT-RP-01 · req=pending_external localsErased=true externalsRp=true externalReceiptKinds=[] (N2: retention_pending target ≠ external_pending receipt)
PASS  EXT-NEG-01 · err=55000:privacy_erasure_request_incomplete_targets req=pending_external
PASS  EXT-NEG-02 · err=55000:privacy_erasure_request_external_unconfirmed inTxn=pending_external after=pending_external forgeRolledBack=true
PASS  EXT-NEG-02B · err=55000:privacy_erasure_request_external_unconfirmed inTxn=pending_external after=pending_external
PASS  EXT-NEG-03 · err=55000:privacy_erasure_request_external_unresolved inTxn=pending_external after=pending_external
PASS  EXT-NEG-06 · resolveErr=40901:privacy_authorization_receipt_not_pending
PASS  EXT-NEG-04 · directExternalConfirmed(resolved_at=NULL)=true err=55000:privacy_erasure_request_external_unconfirmed inTxn=pending_external after=pending_external
PASS  EXT-NEG-05 · errs=[40901,40901,40901] receipts=0->0 req=pending_external externalsRp=true
PASS  EXT-POS-01 · mid=pending_external resolvedKind=external_confirmed audited=true resolveReq=pending_external req=pending_external externalsStillRp=true (no confirmer flips target → ≠ completed)
PASS  EXT-DEL-01 · httpStatus=503 code=interview_erasure_authorization_not_available
PASS  C-CASECOUNT · all 10 present
{"line":"AN-PRIV-EXT","gap":"GAP-PRIV-EXTERNAL-SINK-RETENTION","gapStatus":"OPEN","canHonestlyFlip":false,"gitSha":"9e2abd04083eca464817e35687595c706cbcd2a9","releaseEvidence":false,"haStatus":"NOT_HA","publicDelete":503,"externals":"retention_pending","countAsErased":false,"cases":{"EXT-RP-01":"pass","EXT-NEG-01":"pass","EXT-NEG-02":"pass","EXT-NEG-02B":"pass","EXT-NEG-03":"pass","EXT-NEG-06":"pass","EXT-NEG-04":"pass","EXT-NEG-05":"pass","EXT-POS-01":"pass","EXT-DEL-01":"pass","C-CASECOUNT":"pass"},"details":{"EXT-RP-01":"req=pending_external localsErased=true externalsRp=true externalReceiptKinds=[] (N2: retention_pending target ≠ external_pending receipt)","EXT-NEG-01":"err=55000:privacy_erasure_request_incomplete_targets req=pending_external","EXT-NEG-02":"err=55000:privacy_erasure_request_external_unconfirmed inTxn=pending_external after=pending_external forgeRolledBack=true","EXT-NEG-02B":"err=55000:privacy_erasure_request_external_unconfirmed inTxn=pending_external after=pending_external","EXT-NEG-03":"err=55000:privacy_erasure_request_external_unresolved inTxn=pending_external after=pending_external","EXT-NEG-06":"resolveErr=40901:privacy_authorization_receipt_not_pending","EXT-NEG-04":"directExternalConfirmed(resolved_at=NULL)=true err=55000:privacy_erasure_request_external_unconfirmed inTxn=pending_external after=pending_external","EXT-NEG-05":"errs=[40901,40901,40901] receipts=0->0 req=pending_external externalsRp=true","EXT-POS-01":"mid=pending_external resolvedKind=external_confirmed audited=true resolveReq=pending_external req=pending_external externalsStillRp=true (no confirmer flips target → ≠ completed)","EXT-DEL-01":"httpStatus=503 code=interview_erasure_authorization_not_available","C-CASECOUNT":"all 10 present"},"required":["EXT-RP-01","EXT-NEG-01","EXT-NEG-02","EXT-NEG-02B","EXT-NEG-03","EXT-NEG-04","EXT-NEG-05","EXT-NEG-06","EXT-POS-01","EXT-DEL-01"]}

✓ UC052 external sink retention prove PASS (≠ external purged · ≠ completed · ≠ covered · gap OPEN)
LOCAL_ISOLATED_PROOF_RECEIPT file=.tmp/isolated-proof-receipts/2026-10-06T12-27-07-566Z-1231045-639232d8-aaf6-434a-8d2f-3eb2191937c1.json release_evidence=false
END 2026-10-06 20:27:07 CST EXIT=0
