1791299541739 
1791299541740 > meetwise@0.1.0 uc018:perf-load:prove /workspace/meetwise-wt-an-perf-prove6
1791299541740 > node scripts/run-e2e-isolated.mjs uc018:perf-load:prove:raw
1791299541740 
1791299541855 [R5-MARKED-RED] E2E_ISOLATION_STACK=pgvector-legacy (dual-track; SOLE_STACK=mysql-qdrant-redis is a dual-track code-path label ≠ product stack truth) E2E_PG_IMAGE=pgvector/pgvector:pg16 is a legacy pgvector isolation fixture — isolated test infra narration, NOT stack truth / NOT cutover evidence (product stack pin = ai-docs/delivery/adr-postgres-retained.md: Postgres · PostgresSaver · pgvector). Local green ≠ RAG migrated. releaseEvidence=false · Not HA · 本绿≠已迁 · local green ≠ HA · need multi-instance + fault-inject for releaseEvidence.
1791299541857 E2E_RESOURCE_CAPS target=uc018:perf-load:prove:raw docker_args=--cpus 2 --memory 4g
1791299545464 E2E_POSTGRES_READY label=boot consecutive=3 attempt=4
1791299545464 E2E isolated PostgreSQL: meetwise-e2e-1508311-1791299541853 on 127.0.0.1:33065
1791299545464 E2E_ISO_STACK_NOTE isolated shell = test infrastructure only: isolated test PG ≠ product stack change ≠ cutover evidence; product stack pin = ai-docs/delivery/adr-postgres-retained.md (Postgres retained · PostgresSaver · pgvector). releaseEvidence=false · Not HA.
1791299546394 E2E_POSTGRES_READY label=pre-prove consecutive=3 attempt=3
1791299546517 UC018_CAPS pg container=meetwise-e2e-1508311-1791299541853 NanoCpus=2000000000 Memory=4294967296 ok=true
1791299551861 UC018_CAPS written enforced=true api NanoCpus=2000000000 Memory=4294967296
1791299553995 UC-E2E-018 PERF/LOAD prove · NHP-018-PERF-01 + NHP-018-LOAD-01
1791299553995 NOTE: Method freeze nearest-rank · timeout=10s=error · warmup=10 · runs=3 · caps Docker 2cpu/4GiB
1791299553995 NOTE: local ≠ production capacity ≠ HA · PERF/LOAD partial ≠ UC covered · §1.1 stays partial
1791299554327 fatal: not a git repository: /workspace/projects/meetwise/.git/worktrees/meetwise-wt-an-perf-prove6
1791299554902 PERF run1: p50=21.3 p95=67.4 p99=105.8 err=0 timeout=0 passed=true
1791299555257 LOAD run1: p50=49.9 p95=153.9 p99=163.4 err=0 timeout=0 dblRel=0 stuck=0 stuckGraph=0 passed=true
1791299555689 PERF run2: p50=20.0 p95=49.2 p99=57.7 err=0 timeout=0 passed=true
1791299555942 LOAD run2: p50=27.0 p95=92.2 p99=108.8 err=0 timeout=0 dblRel=0 stuck=0 stuckGraph=0 passed=true
1791299556002 node:events:502
1791299556002       throw er; // Unhandled 'error' event
1791299556002       ^
1791299556002 
1791299556002 Error: Connection terminated unexpectedly
1791299556002     at Connection.<anonymous> (/workspace/meetwise-wt-an-perf-prove6/node_modules/.pnpm/pg@8.22.0/node_modules/pg/lib/client.js:199:73)
1791299556002     at Object.onceWrapper (node:events:638:28)
1791299556002     at Connection.emit (node:events:524:28)
1791299556002     at Socket.<anonymous> (/workspace/meetwise-wt-an-perf-prove6/node_modules/.pnpm/pg@8.22.0/node_modules/pg/lib/connection.js:63:12)
1791299556002     at Socket.emit (node:events:524:28)
1791299556002     at TCP.<anonymous> (node:net:343:12)
1791299556002 Emitted 'error' event on BoundPool instance at:
1791299556002     at Client.idleListener (/workspace/meetwise-wt-an-perf-prove6/node_modules/.pnpm/pg-pool@3.14.0_pg@8.22.0/node_modules/pg-pool/index.js:62:10)
1791299556002     at Client.emit (node:events:524:28)
1791299556002     at Client._handleErrorEvent (/workspace/meetwise-wt-an-perf-prove6/node_modules/.pnpm/pg@8.22.0/node_modules/pg/lib/client.js:417:10)
1791299556002     at Connection.<anonymous> (/workspace/meetwise-wt-an-perf-prove6/node_modules/.pnpm/pg@8.22.0/node_modules/pg/lib/client.js:217:16)
1791299556002     at Object.onceWrapper (node:events:638:28)
1791299556002     [... lines matching original stack trace ...]
1791299556002     at TCP.<anonymous> (node:net:343:12) {
1791299556002   client: Client {
1791299556002     _events: [Object: null prototype] { error: [Function (anonymous)] },
1791299556002     _eventsCount: 1,
1791299556002     _maxListeners: undefined,
1791299556002     connectionParameters: ConnectionParameters {
1791299556002       user: 'meetwise',
1791299556002       database: 'meetwise',
1791299556002       port: 33065,
1791299556002       host: '127.0.0.1',
1791299556002       binary: false,
1791299556002       options: undefined,
1791299556002       ssl: false,
1791299556002       sslnegotiation: undefined,
1791299556002       client_encoding: '',
1791299556002       replication: undefined,
1791299556002       isDomainSocket: false,
1791299556002       application_name: undefined,
1791299556002       fallback_application_name: undefined,
1791299556002       statement_timeout: 15000,
1791299556002       lock_timeout: false,
1791299556002       idle_in_transaction_session_timeout: 15000,
1791299556002       query_timeout: false,
1791299556002       connect_timeout: 5
1791299556002     },
1791299556002     user: 'meetwise',
1791299556002     database: 'meetwise',
1791299556002     port: 33065,
1791299556002     host: '127.0.0.1',
1791299556002     replication: undefined,
1791299556002     _Promise: [Function: Promise],
1791299556002     _types: TypeOverrides {
1791299556002       _types: {
1791299556002         getTypeParser: [Function: getTypeParser],
1791299556002         setTypeParser: [Function: setTypeParser],
1791299556002         arrayParser: { create: [Function: create] },
1791299556002         builtins: {
1791299556002           BOOL: 16,
1791299556002           BYTEA: 17,
1791299556002           CHAR: 18,
1791299556002           INT8: 20,
1791299556002           INT2: 21,
1791299556002           INT4: 23,
1791299556002           REGPROC: 24,
1791299556002           TEXT: 25,
1791299556002           OID: 26,
1791299556002           TID: 27,
1791299556002           XID: 28,
1791299556002           CID: 29,
1791299556002           JSON: 114,
1791299556002           XML: 142,
1791299556002           PG_NODE_TREE: 194,
1791299556002           SMGR: 210,
1791299556002           PATH: 602,
1791299556002           POLYGON: 604,
1791299556002           CIDR: 650,
1791299556002           FLOAT4: 700,
1791299556002           FLOAT8: 701,
1791299556002           ABSTIME: 702,
1791299556002           RELTIME: 703,
1791299556002           TINTERVAL: 704,
1791299556002           CIRCLE: 718,
1791299556002           MACADDR8: 774,
1791299556002           MONEY: 790,
1791299556002           MACADDR: 829,
1791299556002           INET: 869,
1791299556002           ACLITEM: 1033,
1791299556002           BPCHAR: 1042,
1791299556002           VARCHAR: 1043,
1791299556002           DATE: 1082,
1791299556002           TIME: 1083,
1791299556002           TIMESTAMP: 1114,
1791299556002           TIMESTAMPTZ: 1184,
1791299556002           INTERVAL: 1186,
1791299556002           TIMETZ: 1266,
1791299556002           BIT: 1560,
1791299556002           VARBIT: 1562,
1791299556002           NUMERIC: 1700,
1791299556002           REFCURSOR: 1790,
1791299556002           REGPROCEDURE: 2202,
1791299556002           REGOPER: 2203,
1791299556002           REGOPERATOR: 2204,
1791299556002           REGCLASS: 2205,
1791299556002           REGTYPE: 2206,
1791299556002           UUID: 2950,
1791299556002           TXID_SNAPSHOT: 2970,
1791299556002           PG_LSN: 3220,
1791299556002           PG_NDISTINCT: 3361,
1791299556002           PG_DEPENDENCIES: 3402,
1791299556002           TSVECTOR: 3614,
1791299556002           TSQUERY: 3615,
1791299556002           GTSVECTOR: 3642,
1791299556002           REGCONFIG: 3734,
1791299556002           REGDICTIONARY: 3769,
1791299556002           JSONB: 3802,
1791299556002           REGNAMESPACE: 4089,
1791299556002           REGROLE: 4096
1791299556002         }
1791299556002       },
1791299556002       text: {},
1791299556002       binary: {}
1791299556002     },
1791299556002     _ending: true,
1791299556002     _ended: true,
1791299556002     _connecting: false,
1791299556002     _connected: true,
1791299556002     _connectionError: false,
1791299556002     _queryable: false,
1791299556002     _activeQuery: null,
1791299556002     _txStatus: 'I',
1791299556002     enableChannelBinding: false,
1791299556002     scramMaxIterations: 100000,
1791299556002     connection: Connection {
1791299556002       _events: [Object: null prototype] {
1791299556002         newListener: [Function (anonymous)],
1791299556002         connect: [Function (anonymous)],
1791299556002         sslconnect: [Function (anonymous)],
1791299556002         authenticationCleartextPassword: [Function: bound _handleAuthCleartextPassword],
1791299556002         authenticationMD5Password: [Function: bound _handleAuthMD5Password],
1791299556002         authenticationSASL: [Function: bound _handleAuthSASL],
1791299556002         authenticationSASLContinue: [Function: bound _handleAuthSASLContinue] AsyncFunction,
1791299556002         authenticationSASLFinal: [Function: bound _handleAuthSASLFinal],
1791299556002         backendKeyData: [Function: bound _handleBackendKeyData],
1791299556002         error: [Function: bound _handleErrorEvent],
1791299556002         errorMessage: [Function: bound _handleErrorMessage],
1791299556002         readyForQuery: [Function: bound _handleReadyForQuery],
1791299556002         notice: [Function: bound _handleNotice],
1791299556002         rowDescription: [Function: bound _handleRowDescription],
1791299556002         dataRow: [Function: bound _handleDataRow],
1791299556002         portalSuspended: [Function: bound _handlePortalSuspended],
1791299556002         emptyQuery: [Function: bound _handleEmptyQuery],
1791299556002         commandComplete: [Function: bound _handleCommandComplete],
1791299556002         parseComplete: [Function: bound _handleParseComplete],
1791299556002         copyInResponse: [Function: bound _handleCopyInResponse],
1791299556002         copyData: [Function: bound _handleCopyData],
1791299556002         notification: [Function: bound _handleNotification]
1791299556002       },
1791299556002       _eventsCount: 22,
1791299556002       _maxListeners: undefined,
1791299556002       stream: Socket {
1791299556002         connecting: false,
1791299556002         _hadError: false,
1791299556002         _parent: null,
1791299556002         _host: null,
1791299556002         _closeAfterHandlingError: false,
1791299556002         _events: {
1791299556002           close: [Function (anonymous)],
1791299556002           error: [Function: reportStreamError],
1791299556002           prefinish: undefined,
1791299556002           finish: undefined,
1791299556002           drain: undefined,
1791299556002           data: [Function (anonymous)],
1791299556002           end: [ [Function: onReadableStreamEnd], [Function (anonymous)] ],
1791299556002           readable: undefined,
1791299556002           connect: undefined
1791299556002         },
1791299556002         _readableState: ReadableState {
1791299556002           highWaterMark: 16384,
1791299556002           buffer: [],
1791299556002           bufferIndex: 0,
1791299556002           length: 0,
1791299556002           pipes: [],
1791299556002           awaitDrainWriters: null,
1791299556002           [Symbol(kState)]: 194512756
1791299556002         },
1791299556002         _writableState: WritableState {
1791299556002           highWaterMark: 16384,
1791299556002           length: 0,
1791299556002           corked: 0,
1791299556002           onwrite: [Function: bound onwrite],
1791299556002           writelen: 0,
1791299556002           bufferedIndex: 0,
1791299556002           pendingcb: 0,
1791299556002           [Symbol(kState)]: 1091450228,
1791299556002           [Symbol(kBufferedValue)]: null,
1791299556002           [Symbol(kWriteCbValue)]: null
1791299556002         },
1791299556002         allowHalfOpen: false,
1791299556002         _maxListeners: undefined,
1791299556002         _eventsCount: 4,
1791299556002         _sockname: null,
1791299556002         _pendingData: null,
1791299556003         _pendingEncoding: '',
1791299556003         server: null,
1791299556003         _server: null,
1791299556003         write: [Function: writeAfterFIN],
1791299556003         [Symbol(async_id_symbol)]: 9435,
1791299556003         [Symbol(kHandle)]: null,
1791299556003         [Symbol(lastWriteQueueSize)]: 0,
1791299556003         [Symbol(timeout)]: null,
1791299556003         [Symbol(kBuffer)]: null,
1791299556003         [Symbol(kBufferCb)]: null,
1791299556003         [Symbol(kBufferGen)]: null,
1791299556003         [Symbol(shapeMode)]: true,
1791299556003         [Symbol(kCapture)]: false,
1791299556003         [Symbol(kSetNoDelay)]: true,
1791299556003         [Symbol(kSetKeepAlive)]: false,
1791299556003         [Symbol(kSetKeepAliveInitialDelay)]: 0,
1791299556003         [Symbol(kBytesRead)]: 126335,
1791299556003         [Symbol(kBytesWritten)]: 310155
1791299556003       },
1791299556003       _keepAlive: false,
1791299556003       _keepAliveInitialDelayMillis: 0,
1791299556003       parsedStatements: {},
1791299556003       ssl: false,
1791299556003       sslNegotiation: 'postgres',
1791299556003       _ending: true,
1791299556003       _emitMessage: false,
1791299556003       _connecting: true,
1791299556003       [Symbol(shapeMode)]: false,
1791299556003       [Symbol(kCapture)]: false
1791299556003     },
1791299556003     _queryQueue: [],
1791299556003     binary: false,
1791299556003     processID: 128,
1791299556003     secretKey: 1325268464,
1791299556003     ssl: false,
1791299556003     sslNegotiation: 'postgres',
1791299556003     _connectionTimeoutMillis: 5000,
1791299556003     _connectionCallback: null,
1791299556003     connectionTimeoutHandle: Timeout {
1791299556003       _idleTimeout: -1,
1791299556003       _idlePrev: null,
1791299556003       _idleNext: null,
1791299556003       _idleStart: 2633,
1791299556003       _onTimeout: null,
1791299556003       _timerArgs: undefined,
1791299556003       _repeat: null,
1791299556003       _destroyed: true,
1791299556003       [Symbol(refed)]: false,
1791299556003       [Symbol(kHasPrimitive)]: false,
1791299556003       [Symbol(asyncId)]: 9434,
1791299556003       [Symbol(triggerId)]: 0
1791299556003     },
1791299556003     saslSession: null,
1791299556003     release: [Function (anonymous)],
1791299556003     readyForQuery: true,
1791299556003     hasExecuted: true,
1791299556003     _poolUseCount: 405,
1791299556003     [Symbol(shapeMode)]: false,
1791299556003     [Symbol(kCapture)]: false
1791299556003   }
1791299556003 }
1791299556003 
1791299556003 Node.js v20.20.2
1791299557609 ISOLATED_POSTGRES_OUTPUT_WITHHELD container=meetwise-e2e-1508311-1791299541853 state_bytes=29 logs_bytes=29
1791299557671 LOCAL_ISOLATED_PROOF_RECEIPT file=.tmp/isolated-proof-receipts/2026-10-06T15-12-37-622Z-1508311-e25b27dd-215f-4752-b158-3ac02e35717d.json release_evidence=false
1791299557693  ELIFECYCLE  Command failed with exit code 1.
