
> meetwise@0.1.0 e2e:ui:isolated /Users/miaole/Desktop/golucky/meetwise-line-g7trio2
> node scripts/run-e2e-isolated.mjs e2e:ui

[R5-MARKED-RED] E2E_ISOLATION_STACK=pgvector-legacy (dual-track; SOLE_STACK=mysql-qdrant-redis is a dual-track code-path label ≠ product stack truth) E2E_PG_IMAGE=pgvector/pgvector:pg16 is a legacy pgvector isolation fixture — isolated test infra narration, NOT stack truth / NOT cutover evidence (product stack pin = ai-docs/delivery/adr-postgres-retained.md: Postgres · PostgresSaver · pgvector). Local green ≠ RAG migrated. releaseEvidence=false · Not HA · 本绿≠已迁 · local green ≠ HA · need multi-instance + fault-inject for releaseEvidence.
E2E_POSTGRES_READY label=boot consecutive=3 attempt=4
E2E isolated PostgreSQL: meetwise-e2e-53574-1791540109356 on 127.0.0.1:55175
E2E_ISO_STACK_NOTE isolated shell = test infrastructure only: isolated test PG ≠ product stack change ≠ cutover evidence; product stack pin = ai-docs/delivery/adr-postgres-retained.md (Postgres retained · PostgresSaver · pgvector). releaseEvidence=false · Not HA.

> @meetwise/db@0.0.0 migrate /Users/miaole/Desktop/golucky/meetwise-line-g7trio2/packages/db
> tsx src/migrate-cli.ts

migrations: applied=152 skipped=0 rag_control_manifest=not_requested qbank_control_manifest=not_requested runtime_login=not_requested qbank_control_login=not_requested privacy_worker_login=not_requested
E2E_POSTGRES_READY label=post-migrate consecutive=3 attempt=3
E2E_POSTGRES_READY label=pre-prove consecutive=3 attempt=3

> meetwise@0.1.0 e2e:ui /Users/miaole/Desktop/golucky/meetwise-line-g7trio2
> node scripts/run-e2e-ui.mjs

E2E-UI: 启 api + worker…
E2E-UI: 无 .next/BUILD_ID，先 next build 再 next start…
E2E-UI: 启 web(production next start, :33924)…
E2E-UI: 跑 Playwright 浏览器用例…

Running 24 tests using 1 worker

  ✓   1 [chromium] › e2e-ui/golden.spec.ts:10:1 › golden path: landing → signup → cookie auth lets protected pages render in the real browser (3.4s)
  ✓   2 [chromium] › e2e-ui/golden.spec.ts:61:1 › protected page in a fresh (no-cookie) context redirects to /login (middleware works) (255ms)
  -   3 [chromium] › e2e-ui/online-public.spec.ts:20:3 › online public ingress › public landing and login are reachable
  -   4 [chromium] › e2e-ui/online-public.spec.ts:34:3 › online public ingress › protected route redirects to same public origin without localhost
[g7u-fixture] route_decided observed: 4019ms since wait start, 999ms wait-anchor offset after publish click, revision_status=route_decided, attempt_outcome=result_validated, decision_created_at=2026-10-09T10:02:56.319Z
  ✓   5 [chromium] › e2e-ui/recruiting-bound.spec.ts:143:1 › C→B: real browser binds application to a new interview, completes it, and front-end finalizes it (1.5m)
  ✓   6 [chromium] › e2e-ui/screenshots.spec.ts:36:1 › capture demo screenshots (desktop) (8.6s)
  ✓   7 [chromium] › e2e-ui/screenshots.spec.ts:90:1 › capture demo screenshots (mobile H5) (3.6s)
  ✓   8 [chromium] › e2e-ui/stream-window.spec.ts:9:1 › 10k SSE replay with exact redelivery keeps a unique 80-turn DOM window and reaches a terminal view (582ms)
  ✓   9 [chromium] › e2e-ui/uc018-abandon.spec.ts:68:1 › UC018-UI-abandon: in-interview 放弃 → abandoned+released · irreversible · same HTTP contract (2.6s)
  -  10 [chromium] › e2e-ui/voice-duplex.spec.ts:166:1 › 本机人机双向回合：AI 播报、用户语音作答、ASR 提交并推进下一题
  -  11 [chromium] › e2e-ui/voice-duplex.spec.ts:205:1 › 非作答与评分操纵尾巴会澄清并重新打开语音回合
  -  12 [chromium] › e2e-ui/voice-duplex.spec.ts:237:1 › 本机人机双工：麦克风先接通，用户抢话中止浏览器 TTS fetch 且不播放
  ✓  13 [mobile] › e2e-ui/golden.spec.ts:10:1 › golden path: landing → signup → cookie auth lets protected pages render in the real browser (3.1s)
  ✓  14 [mobile] › e2e-ui/golden.spec.ts:61:1 › protected page in a fresh (no-cookie) context redirects to /login (middleware works) (251ms)
  -  15 [mobile] › e2e-ui/online-public.spec.ts:20:3 › online public ingress › public landing and login are reachable
  -  16 [mobile] › e2e-ui/online-public.spec.ts:34:3 › online public ingress › protected route redirects to same public origin without localhost
[g7u-fixture] route_decided observed: 4014ms since wait start, 929ms wait-anchor offset after publish click, revision_status=route_decided, attempt_outcome=result_validated, decision_created_at=2026-10-09T10:04:45.661Z
  ✓  17 [mobile] › e2e-ui/recruiting-bound.spec.ts:143:1 › C→B: real browser binds application to a new interview, completes it, and front-end finalizes it (1.5m)
  ✓  18 [mobile] › e2e-ui/screenshots.spec.ts:36:1 › capture demo screenshots (desktop) (19.9s)
  ✓  19 [mobile] › e2e-ui/screenshots.spec.ts:90:1 › capture demo screenshots (mobile H5) (4.1s)
  ✓  20 [mobile] › e2e-ui/stream-window.spec.ts:9:1 › 10k SSE replay with exact redelivery keeps a unique 80-turn DOM window and reaches a terminal view (691ms)
  ✓  21 [mobile] › e2e-ui/uc018-abandon.spec.ts:68:1 › UC018-UI-abandon: in-interview 放弃 → abandoned+released · irreversible · same HTTP contract (2.2s)
  -  22 [mobile] › e2e-ui/voice-duplex.spec.ts:166:1 › 本机人机双向回合：AI 播报、用户语音作答、ASR 提交并推进下一题
  -  23 [mobile] › e2e-ui/voice-duplex.spec.ts:205:1 › 非作答与评分操纵尾巴会澄清并重新打开语音回合
  -  24 [mobile] › e2e-ui/voice-duplex.spec.ts:237:1 › 本机人机双工：麦克风先接通，用户抢话中止浏览器 TTS fetch 且不播放

  10 skipped
  14 passed (3.9m)
