[R5-MARKED-RED] E2E_ISOLATION_STACK=pgvector-legacy (dual-track; SOLE_STACK=mysql-qdrant-redis is a dual-track code-path label ≠ product stack truth) E2E_PG_IMAGE=pgvector/pgvector:pg16 is a legacy pgvector isolation fixture — isolated test infra narration, NOT stack truth / NOT cutover evidence (product stack pin = ai-docs/delivery/adr-postgres-retained.md: Postgres · PostgresSaver · pgvector). Local green ≠ RAG migrated. releaseEvidence=false · Not HA · 本绿≠已迁 · local green ≠ HA · need multi-instance + fault-inject for releaseEvidence.
E2E_POSTGRES_READY label=boot consecutive=3 attempt=4
E2E isolated PostgreSQL: meetwise-e2e-49869-1791568236620 on 127.0.0.1:50528
E2E_ISO_STACK_NOTE isolated shell = test infrastructure only: isolated test PG ≠ product stack change ≠ cutover evidence; product stack pin = ai-docs/delivery/adr-postgres-retained.md (Postgres retained · PostgresSaver · pgvector). releaseEvidence=false · Not HA.
E2E_POSTGRES_READY label=pre-prove consecutive=3 attempt=3

> meetwise@0.1.0 runtime-role:prove:raw /Users/miaole/Desktop/golucky/meetwise-line-b110
> pnpm -C packages/db prove:runtime-role


> @meetwise/db@0.0.0 prove:runtime-role /Users/miaole/Desktop/golucky/meetwise-line-b110/packages/db
> tsx test/runtime-role.proof.ts

PASS  运行登录无 superuser/bypass/create-role/create-db 且 NOINHERIT，仅为 app/app_gateway 角色成员
error: interview_privacy_fenced
    at /Users/miaole/Desktop/golucky/meetwise-line-b110/node_modules/.pnpm/pg-pool@3.14.0_pg@8.22.0/node_modules/pg-pool/index.js:45:11
    at process.processTicksAndRejections (node:internal/process/task_queues:103:5)
    at async main (/Users/miaole/Desktop/golucky/meetwise-line-b110/packages/db/test/runtime-role.proof.ts:34:3) {
  length: 307,
  severity: 'ERROR',
  code: 'P0001',
  detail: undefined,
  hint: undefined,
  position: undefined,
  internalPosition: undefined,
  internalQuery: undefined,
  where: 'PL/pgSQL function assert_interview_privacy_active(text) line 6 at RAISE\n' +
    'SQL statement "SELECT assert_interview_privacy_active(NEW.interview_id)"\n' +
    'PL/pgSQL function enforce_interview_job_privacy_active() line 3 at PERFORM',
  schema: undefined,
  table: undefined,
  column: undefined,
  dataType: undefined,
  constraint: undefined,
  file: 'pl_exec.c',
  line: '3897',
  routine: 'exec_stmt_raise'
}
 ELIFECYCLE  Command failed with exit code 1.
 ELIFECYCLE  Command failed with exit code 1.
ISOLATED_POSTGRES_OUTPUT_WITHHELD container=meetwise-e2e-49869-1791568236620 state_bytes=217 logs_bytes=1475
