[R5-MARKED-RED] E2E_ISOLATION_STACK=pgvector-legacy (dual-track; SOLE_STACK=mysql-qdrant-redis is a dual-track code-path label ≠ product stack truth) E2E_PG_IMAGE=pgvector/pgvector:pg16 is a legacy pgvector isolation fixture — isolated test infra narration, NOT stack truth / NOT cutover evidence (product stack pin = ai-docs/delivery/adr-postgres-retained.md: Postgres · PostgresSaver · pgvector). Local green ≠ RAG migrated. releaseEvidence=false · Not HA · 本绿≠已迁 · local green ≠ HA · need multi-instance + fault-inject for releaseEvidence.
E2E_POSTGRES_READY label=boot consecutive=3 attempt=4
E2E isolated PostgreSQL: meetwise-e2e-46926-1791568122395 on 127.0.0.1:50038
E2E_ISO_STACK_NOTE isolated shell = test infrastructure only: isolated test PG ≠ product stack change ≠ cutover evidence; product stack pin = ai-docs/delivery/adr-postgres-retained.md (Postgres retained · PostgresSaver · pgvector). releaseEvidence=false · Not HA.
E2E_POSTGRES_READY label=pre-prove consecutive=3 attempt=3

> @meetwise/api@0.0.0 neg:input /private/tmp/meetwise-b110-base/apps/api
> node --import @swc-node/register/esm-register test/neg-input.proof.ts

PASS  proto:text-plain-to-json/resume
PASS  proto:text-plain-to-json/profile-settings
PASS  proto:text-plain-to-json/commerce-orders
PASS  proto:missing-content-type/resume
PASS  proto:unknown-ct-xml/resume
PASS  proto:unknown-ct-octet/resume
PASS  proto:truncated-json/resume
PASS  proto:trailing-comma/resume
PASS  proto:trailing-garbage/resume
PASS  proto:unterminated-array/resume
PASS  proto:bare-word/resume
PASS  proto:body-array/resume
PASS  proto:body-null/resume
PASS  proto:body-string/resume
PASS  proto:body-number/resume
PASS  proto:body-bool/resume
PASS  proto:empty-body/resume
PASS  proto:empty-body/turn
PASS  proto:malformed-to-nopipe/begin
PASS  proto:malformed-to-nopipe/roles-match
PASS  proto:malformed-to-nopipe/privacy-consent
PASS  proto:malformed-to-nopipe/pay-callback
PASS  proto:literal-NaN/turn
PASS  proto:literal-Infinity/turn
PASS  proto:1e309-overflows-to-Infinity/turn
PASS  proto:deep-nesting-bomb/resume
PASS  proto:proto-pollution/resume
PASS  proto:constructor-pollution/profile
PASS  size:over-1MB/resume-413
PASS  size:over-1MB/turn-413
PASS  size:over-1MB/profile-settings-413
PASS  size:over-1MB/quiz-create-413
PASS  size:over-12MB/resume-file-413
PASS  size:huge-id/interview-404
PASS  size:huge-id/notification-read
PASS  size:huge-id/commerce-order
PASS  size:huge-querystring/interview
PASS  size:huge-querystring/quiz
PASS  type:resume-missing-text
PASS  type:resume-text-number
PASS  type:resume-text-object
PASS  type:resume-text-array
PASS  type:resume-text-null
PASS  type:turn-missing-answer
PASS  type:turn-missing-turn
PASS  type:turn-turn-as-string
PASS  type:turn-turn-float
PASS  type:turn-turn-negative
PASS  type:turn-answer-number
PASS  type:turn-answer-bool
PASS  type:turn-answer-object
PASS  type:order-missing-productId
PASS  type:order-productId-number
PASS  type:order-productId-array
PASS  type:settings-unknown-top-key
PASS  type:settings-unknown-pref-key
PASS  type:settings-locale-bad-enum
PASS  type:settings-theme-bad-enum
PASS  type:settings-notifications-unknown-key
PASS  type:settings-notifications-email-string
PASS  type:settings-notifications-not-object
PASS  type:settings-preferences-missing
PASS  type:settings-preferences-array
PASS  type:feedback-bad-rating
PASS  type:feedback-rating-missing
PASS  type:learning-topic-missing
PASS  type:learning-topic-number
PASS  type:invite-neither-id-nor-email
PASS  type:invite-bad-email
PASS  type:finalize-missing-interviewId
PASS  bound:resume-text-19(min-1)
PASS  bound:resume-text-60001(max+1)
PASS  bound:turn-answer-empty(min-1)
PASS  bound:turn-answer-8001(max+1)
PASS  bound:speak-text-empty(min-1)
PASS  bound:speak-text-8001(max+1)
PASS  bound:transcribe-audio-empty(min-1)
PASS  bound:transcribe-mime-256(max+1)
PASS  bound:file-filename-empty(min-1)
PASS  bound:file-filename-256(max+1)
PASS  bound:file-contentBase64-empty(min-1)
PASS  bound:file-mime-256(max+1)
PASS  bound:feedback-comment-1001(max+1)
PASS  bound:learning-topic-empty(min-1)
PASS  bound:learning-topic-201(max+1)
PASS  bound:job-title-1(min-1)
PASS  bound:job-title-121(max+1)
PASS  bound:job-desc-8001(max+1)
PASS  bound:job-competencies-31(max+1)
PASS  bound:job-competency-item-61(max+1)
PASS  bound:invite-candidateId-65(max+1)
PASS  bound:invite-email-260(max+1)
PASS  bound:finalize-interviewId-empty(min-1)
PASS  unicode:nul-byte/resume
PASS  unicode:whitespace-only/resume
PASS  unicode:emoji-only/resume
PASS  unicode:rtl-override/resume
PASS  unicode:combining/resume
PASS  unicode:long-no-space-word/turn
PASS  unicode:traversal-in-filename
PASS  inj:sqli-in-resume-text-nocrash
FAIL  inj:sqli-in-status-query-nocrash
PASS  inj:sqli-in-order-productId-nocrash
PASS  inj:sqli-tables-still-intact
PASS  inj:path-traversal/interview-plain
PASS  inj:path-traversal/notification
PASS  inj:non-uuid-id/resume-profile
FAIL  inj:non-uuid-id/resume-delete
PASS  inj:traversal-id/resume-profile
PASS  inj:overlong-nonuuid-id/resume-profile
PASS  inj:non-uuid-id/resume-reparse-caught-404
PASS  inj:req-id-illegal-chars-sanitized
PASS  inj:req-id-crlf-encoded-sanitized
PASS  inj:req-id-overlong-replaced
PASS  inj:prompt-injection/resume-nocrash
PASS  inj:prompt-injection/resume-no-score-field
PASS  inj:prompt-injection/resume-status-not-hijacked
PASS  inj:prompt-injection/turn-nocrash
PASS  inj:xss-in-resume-text-nocrash
FAIL  inj:xss-in-feedback-comment-nocrash
FAIL  inj:xss-in-learning-topic-nocrash
PASS  method:POST-to-GET/health
PASS  method:POST-to-GET/legal-policy
PASS  method:POST-to-GET/metrics
PASS  method:GET-to-POST/auth-login
PASS  method:GET-to-POST/auth-signup
PASS  method:PUT-to-PATCH/profile-settings
PASS  method:DELETE-unknown/interview
PASS  method:GET-to-POST/resume-file
PASS  method:POST-to-GET/commerce-products
PASS  method:PATCH-unknown/notifications
PASS  method+body:diagnosis-nopipe-malformed
PASS  method+body:quiz-nopipe-malformed
PASS  method+body:privacy-consent-array-body
PASS  method+body:roles-match-null-body

✗ neg:input: 4/135 失败
 ELIFECYCLE  Command failed with exit code 1.
ISOLATED_POSTGRES_OUTPUT_WITHHELD container=meetwise-e2e-46926-1791568122395 state_bytes=217 logs_bytes=1858
