
> meetwise@0.1.0 interview:prove /Users/miaole/Desktop/golucky/meetwise-line-scorewr
> node scripts/run-e2e-isolated.mjs interview:prove:raw

[R5-MARKED-RED] E2E_ISOLATION_STACK=pgvector-legacy (dual-track; SOLE_STACK=mysql-qdrant-redis is a dual-track code-path label ≠ product stack truth) E2E_PG_IMAGE=pgvector/pgvector:pg16 is a legacy pgvector isolation fixture — isolated test infra narration, NOT stack truth / NOT cutover evidence (product stack pin = ai-docs/delivery/adr-postgres-retained.md: Postgres · PostgresSaver · pgvector). Local green ≠ RAG migrated. releaseEvidence=false · Not HA · 本绿≠已迁 · local green ≠ HA · need multi-instance + fault-inject for releaseEvidence.
E2E_POSTGRES_READY label=boot consecutive=3 attempt=4
E2E isolated PostgreSQL: meetwise-e2e-20763-1791547877841 on 127.0.0.1:61242
E2E_ISO_STACK_NOTE isolated shell = test infrastructure only: isolated test PG ≠ product stack change ≠ cutover evidence; product stack pin = ai-docs/delivery/adr-postgres-retained.md (Postgres retained · PostgresSaver · pgvector). releaseEvidence=false · Not HA.

> @meetwise/db@0.0.0 migrate /Users/miaole/Desktop/golucky/meetwise-line-scorewr/packages/db
> tsx src/migrate-cli.ts

migrations: applied=152 skipped=0 rag_control_manifest=not_requested qbank_control_manifest=not_requested runtime_login=not_requested qbank_control_login=not_requested privacy_worker_login=not_requested
E2E_POSTGRES_READY label=post-migrate consecutive=3 attempt=3
E2E_POSTGRES_READY label=pre-prove consecutive=3 attempt=3

> @meetwise/worker@0.0.0 prove:interview /Users/miaole/Desktop/golucky/meetwise-line-scorewr/apps/worker
> tsx test/interview.proof.ts


──────── ① v64 start 由当前 consumer 消费并投影首题 ────────
PASS  调度器发现且消费 owner 队列
PASS  start 任务保留 parent 的 v64 简历标识与世代
FAIL  当前自适应图投影 issued 首题

──────── ② API 身份领取 → v64 answer 队列 → 自适应评估/收口 ────────
FAIL  自适应图在有限轮数内完成
FAIL  每个已完成回答都有 answer_evaluated 业务事件
FAIL  start/answer durable job（持久任务）均收口为 done
FAIL  权益确认后可用额度精确减少 1

──────── ③ 报告舱壁独立领取并形成 ready ────────
FAIL  面试完成只入队报告，不在图内生成报告
FAIL  报告 worker（后台进程）独立收口 ready

✗ 7 项失败
 ELIFECYCLE  Command failed with exit code 1.
ISOLATED_POSTGRES_OUTPUT_WITHHELD container=meetwise-e2e-20763-1791547877841 state_bytes=217 logs_bytes=1665
LOCAL_ISOLATED_PROOF_RECEIPT file=.tmp/isolated-proof-receipts/2026-10-09T12-11-26-306Z-20763-bd4c93e0-44f3-43b5-bcc3-6fffbef433e0.json release_evidence=false
 ELIFECYCLE  Command failed with exit code 1.
PRISTINE_EXIT=1
