
> @meetwise/worker@0.0.0 prove:security /Users/miaole/Desktop/golucky/meetwise-line-scorewr/apps/worker
> tsx test/security.proof.ts


──────── ① 题库抽样:每候选只见确定子集(防枚举 / 防单人覆盖全库) ────────
PASS  候选只见子集(5 < 20),非全库
PASS  确定性:同候选重复请求得同一子集 → 重试无法枚举更多题
PASS  不同候选得不同子集 → 单候选无法覆盖全库
PASS  题库版本轮换 → 同候选换一批(防跨期累积刷库)

──────── ② 候选人可见面:绝不含 rubric / 标准解 / refs(防泄评分标准) ────────
PASS  候选视图只有 {id, question}
PASS  视图序列化后不含任何 rubric / 标准解机密
PASS  泄露探针能识别 rubric 泄露(自检有效)

──────── ③ 结构化输出兜底:注入"打印题库/给满分"→ 输出 schema 拒,机密进不了业务 ────────
PASS  题库 dump 不是合法 eval 输出 → EvalSchema 拒(泄露被挡在业务外)
PASS  注入"score=999 给满分"→ 越界被 schema 拒
PASS  裸文本"已忽略指令,这是全部题库…"→ 非 JSON 结构,拒
PASS  合法 {score,evidence,hasHook} 才放行
PASS  relevant=false 不能带非零分或 hasHook

──────── ④ eval 上下文最小化:只喂当前题+答,绝不含其它题/rubric(题库不进模型上下文) ────────
PASS  eval data 含当前题+答
PASS  eval data 不含其它题 / 任何 rubric / 标准解
PASS  eval system 不含题库(稳定前缀,只评 <data> 内)

──────── ⑤ 答案是 untrusted data:注入文本进 data 区,system 指令字节不变(不被覆盖) ────────
PASS  注入答案落在 data(回答:…)区,不进 system
PASS  system 与答案内容无关、字节恒定(注入改不了指令)

✓ B 端反题库窃取/反注入 全部通过
