
> meetwise@0.1.0 scoring-integrity:prove /Users/miaole/Desktop/golucky/meetwise-line-scorewr
> node scripts/run-e2e-isolated.mjs scoring-integrity:prove

[R5-MARKED-RED] E2E_ISOLATION_STACK=pgvector-legacy (dual-track; SOLE_STACK=mysql-qdrant-redis is a dual-track code-path label ≠ product stack truth) E2E_PG_IMAGE=pgvector/pgvector:pg16 is a legacy pgvector isolation fixture — isolated test infra narration, NOT stack truth / NOT cutover evidence (product stack pin = ai-docs/delivery/adr-postgres-retained.md: Postgres · PostgresSaver · pgvector). Local green ≠ RAG migrated. releaseEvidence=false · Not HA · 本绿≠已迁 · local green ≠ HA · need multi-instance + fault-inject for releaseEvidence.
E2E_POSTGRES_READY label=boot consecutive=3 attempt=4
E2E isolated PostgreSQL: meetwise-e2e-55166-1791601520016 on 127.0.0.1:54377
E2E_ISO_STACK_NOTE isolated shell = test infrastructure only: isolated test PG ≠ product stack change ≠ cutover evidence; product stack pin = ai-docs/delivery/adr-postgres-retained.md (Postgres retained · PostgresSaver · pgvector). releaseEvidence=false · Not HA.

> @meetwise/db@0.0.0 migrate /Users/miaole/Desktop/golucky/meetwise-line-scorewr/packages/db
> tsx src/migrate-cli.ts

migrations: applied=153 skipped=0 rag_control_manifest=not_requested qbank_control_manifest=not_requested runtime_login=not_requested qbank_control_login=not_requested privacy_worker_login=not_requested
E2E_POSTGRES_READY label=post-migrate consecutive=3 attempt=3
E2E_POSTGRES_READY label=pre-prove consecutive=3 attempt=3

> @meetwise/worker@0.0.0 prove:scoring-integrity /Users/miaole/Desktop/golucky/meetwise-line-scorewr/apps/worker
> tsx test/scoring-report-integrity.proof.ts


──── ① 可验证证据 + hasHook + answer hash 幂等 ────
PASS  hasHook 通过 schema/invoke 保留
PASS  结构化证据仅保留可重验 span+hash，不落候选人 quote 原文
PASS  同 answer 重放命中缓存，模型只打 1 次
PASS  同 turn 换答案必须重新评分（answer SHA-256 参与幂等键）
PASS  存储层为两个不同答案留两个幂等实体
PASS  评分 trace 不存候选人 quote 原文，只存 span+hash

──── ①b quote evidence 单次拒绝（真 DB + invoke）────
PASS  quote 校验失败只调用一次模型，并以 unscored 拒绝结果收口
PASS  quote 拒绝重放读取同一失败状态，不再重打模型
PASS  DB 不持久化未通过逐字校验的 quote 输出

──── ①c graph 只消费一次评分结果，不新开业务 turn ────
FAIL  graph 经同一 pending question identity 评分；quote 不可核验只调用一次并进入同题 clarify
TypeError: Cannot convert undefined or null to object
    at Function.hasOwn (<anonymous>)
    at main (/Users/miaole/Desktop/golucky/meetwise-line-scorewr/apps/worker/test/scoring-report-integrity.proof.ts:99:50)
    at process.processTicksAndRejections (node:internal/process/task_queues:103:5)
 ELIFECYCLE  Command failed with exit code 1.
ISOLATED_POSTGRES_OUTPUT_WITHHELD container=meetwise-e2e-55166-1791601520016 state_bytes=217 logs_bytes=1665
 ELIFECYCLE  Command failed with exit code 1.
