
> meetwise@0.1.0 e2e:ui:isolated /Users/miaole/Desktop/golucky/meetwise-line-godfn1b
> node scripts/run-e2e-isolated.mjs e2e:ui

[R5-MARKED-RED] E2E_ISOLATION_STACK=pgvector-legacy (dual-track; SOLE_STACK=mysql-qdrant-redis is a dual-track code-path label ≠ product stack truth) E2E_PG_IMAGE=pgvector/pgvector:pg16 is a legacy pgvector isolation fixture — isolated test infra narration, NOT stack truth / NOT cutover evidence (product stack pin = ai-docs/delivery/adr-postgres-retained.md: Postgres · PostgresSaver · pgvector). Local green ≠ RAG migrated. releaseEvidence=false · Not HA · 本绿≠已迁 · local green ≠ HA · need multi-instance + fault-inject for releaseEvidence.
E2E_POSTGRES_READY label=boot consecutive=3 attempt=4
E2E isolated PostgreSQL: meetwise-e2e-68001-1791484003488 on 127.0.0.1:57772
E2E_ISO_STACK_NOTE isolated shell = test infrastructure only: isolated test PG ≠ product stack change ≠ cutover evidence; product stack pin = ai-docs/delivery/adr-postgres-retained.md (Postgres retained · PostgresSaver · pgvector). releaseEvidence=false · Not HA.

> @meetwise/db@0.0.0 migrate /Users/miaole/Desktop/golucky/meetwise-line-godfn1b/packages/db
> tsx src/migrate-cli.ts

migrations: applied=152 skipped=0 rag_control_manifest=not_requested qbank_control_manifest=not_requested runtime_login=not_requested qbank_control_login=not_requested privacy_worker_login=not_requested
E2E_POSTGRES_READY label=post-migrate consecutive=3 attempt=3
E2E_POSTGRES_READY label=pre-prove consecutive=3 attempt=3

> meetwise@0.1.0 e2e:ui /Users/miaole/Desktop/golucky/meetwise-line-godfn1b
> node scripts/run-e2e-ui.mjs

E2E-UI: 启 api + worker…
E2E_PROCESS_OUTPUT_WITHHELD process=worker:stderr chunks=1 bytes=1159
E2E_PROCESS_OUTPUT_WITHHELD process=api:stdout chunks=1 bytes=23
E2E_FAILURE class=worker code=worker_exited_before_test
E2E_FAILURE class=worker code=worker_exited_before_test
 ELIFECYCLE  Command failed with exit code 1.
ISOLATED_POSTGRES_OUTPUT_WITHHELD container=meetwise-e2e-68001-1791484003488 state_bytes=216 logs_bytes=1665
 ELIFECYCLE  Command failed with exit code 1.
