
> meetwise@0.1.0 r4-wrong-track-adv-live-pg:prove /Users/miaole/Desktop/golucky/meetwise-line-godfn1b
> node scripts/run-e2e-isolated.mjs r4-wrong-track-adv-live-pg:prove:raw

[R5-MARKED-RED] E2E_ISOLATION_STACK=pgvector-legacy (dual-track; SOLE_STACK=mysql-qdrant-redis is a dual-track code-path label ≠ product stack truth) E2E_PG_IMAGE=pgvector/pgvector:pg16 is a legacy pgvector isolation fixture — isolated test infra narration, NOT stack truth / NOT cutover evidence (product stack pin = ai-docs/delivery/adr-postgres-retained.md: Postgres · PostgresSaver · pgvector). Local green ≠ RAG migrated. releaseEvidence=false · Not HA · 本绿≠已迁 · local green ≠ HA · need multi-instance + fault-inject for releaseEvidence.
E2E_POSTGRES_READY label=boot consecutive=3 attempt=4
E2E isolated PostgreSQL: meetwise-e2e-55413-1791483349071 on 127.0.0.1:54857
E2E_ISO_STACK_NOTE isolated shell = test infrastructure only: isolated test PG ≠ product stack change ≠ cutover evidence; product stack pin = ai-docs/delivery/adr-postgres-retained.md (Postgres retained · PostgresSaver · pgvector). releaseEvidence=false · Not HA.

> @meetwise/db@0.0.0 migrate /Users/miaole/Desktop/golucky/meetwise-line-godfn1b/packages/db
> tsx src/migrate-cli.ts

migrations: applied=152 skipped=0 rag_control_manifest=not_requested qbank_control_manifest=not_requested runtime_login=not_requested qbank_control_login=not_requested privacy_worker_login=not_requested
E2E_POSTGRES_READY label=post-migrate consecutive=3 attempt=3
E2E_POSTGRES_READY label=pre-prove consecutive=3 attempt=3

> @meetwise/worker@0.0.0 prove:r4-wrong-track-adv-live-pg /Users/miaole/Desktop/golucky/meetwise-line-godfn1b/apps/worker
> tsx test/r4-wrong-track-adv-live-pg.proof.ts

LIVE_PG target mode=isolated (real Postgres required; skip≠pass)
PASS  L1 isolated PG attestation (assertIsolatedTestTarget)

──────── L1 static wire (CALL_SITES + retrieveVia) ────────
PASS  track-local retrieve helper present
PASS  LIVE_PG harness present
PASS  L1 apps/worker/src CALL_SITES≥1 for dispatchTrackLocalRetrieval( — callSites=1
PASS  L1 helper exports retrieveViaDispatchTrackLocal (production CALL_SITES entry)
PASS  L1 consumer/main wire trackLocal → retrieveViaDispatchTrackLocal
PASS  L1 helper bans P-FAKEPLAN + fail-closed + no unscoped

──────── 0. fixture: dual-leaf qbank + active generation + nodejs interview snapshot ────────
PASS  ingest 2 questions / 6 chunks
PASS  active generation built
PASS  activeQbankGeneration returns recipe (retrieveVia prerequisite)
PASS  job rule-classified route_decided
PASS  immutable snapshot leaf=backend/nodejs

──────── L2 happy path via retrieveViaDispatchTrackLocal — wrong_track=0 ────────
PASS  L2 retrieveVia served only nodejs_q1 (no java) — refs=nodejs_q1

──────── L3 cache poison via retrieveVia — fail-closed degraded (no cross-leaf serve) ────────
PASS  L3 cache poison cross-track → degraded (recheck_failed), zero java served — ref=__rag_degraded__:recheck_failed:cross_track_or_revoked

──────── L3 forged/missing metadata (ghost cache hit) via retrieveVia ────────
PASS  L3 forged/missing metadata (ghost ref) → degraded fail-closed — ref=__rag_degraded__:recheck_failed:cross_track_or_revoked

──────── L3 metadata tamper (cs.metadata_hash) via retrieveVia ────────
PASS  L3 metadata_hash tamper → degraded (metadata_hash_mismatch) — ref=__rag_degraded__:recheck_failed:metadata_hash_mismatch

──────── L3 unknown taxonomy via retrieveVia gates (assemble + ingest · live PG) ────────
PASS  L3 unknown taxonomy: assembleValidatedRetrievalPlan (retrieveVia gate) refuses
PASS  L3 unknown taxonomy ingest rejected on live PG (never enters serving)
PASS  L3 retrieveVia source still routes through assembleValidatedRetrievalPlan

──────── L3 stale checkpoint (mutated in-memory routeDigest) via retrieveVia ────────
PASS  L3 stale routeDigest → degraded (route_scope_digest_mismatch / dispatch reject) — ref=__rag_degraded__:dispatch_rejected:route_scope_digest_mismatch

──────── L3 concurrent job/leaf change — snapshot immutable; retrieveVia stays on nodejs ────────
PASS  job reclassified after edit
PASS  old snapshot immutable (still nodejs after job→java)
PASS  L3 after concurrent job change: retrieveVia still wrong_track=0 (no java served) — refs=nodejs_q1

──────── L4 fail-closed / G-R2-5 / ban P-FAKEPLAN / no legacy_unrouted ────────
PASS  L4 G-R2-5 null snapshot → route_snapshot_missing via retrieveVia
PASS  L4 retrieveVia null snapshot → degraded route_snapshot_missing (no unscoped)
PASS  L4 invalid planner query → degraded (no invented planner inputs / P-FAKEPLAN)
PASS  L4 illegal CRAG query → degraded planner_query_invalid
PASS  L4 legacy_unrouted ingest rejected (never enters serving scope)
PASS  L4 degradedRetrieval observable (fail-closed helper)

──────── L5–L8 honesty pins ────────
PASS  L5/L6 harness pins ADV≠LIVE_PG · releaseEvidence=false · ≠R4 closed
PASS  L6 unit ADV proof documents LIVE_PG_GAP (≠ this knife)
PASS  L7 matrix NHP-R4-ADV-01 ≠ covered
FAIL  L8 status/parent still 题域隔离 NOT closed + LIVE_PG_GAP honesty
PASS  L8 this prove must not claim R4 closed / covered / HA

── honesty summary (LIVE_PG prove; not covered) ──
LIVE_PG path truly hit Postgres: mode=isolated · CALL_SITES=1
Exercised: retrieveViaDispatchTrackLocal (wired production path) + real PG.
LIVE_PG_GAP remains OPEN until post-prove dual (mw-rag-route + mw-e2e-ha).
NHP-R4-ADV-01: partial/honesty-pin; ≠ covered; ≠ R4 closed; ≠ HA.
unit ADV ≠ this LIVE_PG knife; LIVE_PG EXIT=0 ≠ R4 closed; releaseEvidence=false.

FAIL  r4-wrong-track-adv-live-pg prove (1 failures)
 ELIFECYCLE  Command failed with exit code 1.
ISOLATED_POSTGRES_OUTPUT_WITHHELD container=meetwise-e2e-55413-1791483349071 state_bytes=217 logs_bytes=1665
LOCAL_ISOLATED_PROOF_RECEIPT_FAILED reason=ENOENT: no such file or directory, open '/Users/miaole/Desktop/golucky/meetwise-line-godfn1b/packages/db/src/qbank/qbank-track-local-retrieval.ts'
 ELIFECYCLE  Command failed with exit code 1.
