
> @meetwise/worker@0.0.0 prove:r4-funnel-covered-count-batch3 /Users/miaole/Desktop/golucky/meetwise-line-godfn1b/apps/worker
> tsx test/r4-funnel-covered-count-batch3.proof.ts

G-R4-5 / FUNNEL coveredCount Batch3 prove
EXIT=0 = honest true-cover emit for 05+06 under authorize · Ban invent · post_prove_dual_pass · product flags false

──────── B0 anchors ────────
PASS  B0 emitter wired
PASS  B0 harness present
PASS  B0 harness status post_prove_dual_pass + Ban invent flags false

──────── B1 live FUNNEL-05 assessor ────────
PASS  B1 domainQuestionPlanPresent
PASS  B1 dbDispatchMissGenerationPresent
PASS  B1 cleanMissGateOnly
PASS  B1 noQbankPollutionScoreExcluded
PASS  B1 dbExportsMissGeneration
PASS  B1 productionConsumerWired is boolean
PASS  B1 isFunnel05Covered (honest live)
PASS  B1 covered matches all-pins including productionConsumerWired
     → FUNNEL-05 covered=true (productionConsumerWired=true)

──────── B2 live FUNNEL-06 assessor ────────
PASS  B2 domainRouteScopeDigestPresent
PASS  B2 retrievalAndSingleflightKeysPresent
PASS  B2 durableNegativeCachePresent
PASS  B2 epochSupersedeAndHitRevalidatePresent
PASS  B2 distinctFromEmbeddingComputeCache
PASS  B2 dbExportsRouteScopeCache
PASS  B2 productionConsumerWired is boolean
PASS  B2 isFunnel06Covered (honest live)
PASS  B2 covered matches all-pins including productionConsumerWired
     → FUNNEL-06 covered=true (productionConsumerWired=true)

──────── B3 emit Batch3 evidence ────────
PASS  B3 kind
PASS  B3 batch3Only=true
PASS  B3 coveredCountInvented=false
PASS  B3 r4ProductClosed=false
PASS  B3 funnelProductClosed=false
PASS  B3 gR45Closed=false
PASS  B3 ms3EqualsR4Closed=false
PASS  B3 releaseEvidence=false
PASS  B3 funnel05Covered matches assessor
PASS  B3 funnel06Covered matches assessor
PASS  B3 batch3CoveredCount == coveredIds.length
PASS  B3 coveredIds only 05/06

──────── B4 matrix emit (Batch3-aware EG2 · retain 02A/02B/03/04) ────────
PASS  B4 isHonestFunnelCoveredMatrix
PASS  B4 inventCovered=false
PASS  B4 releaseEvidence=false
FAIL  B4 coveredCount matches live assessors — got=8 expect=6
PASS  B4 row05 status honest
PASS  B4 row06 status honest
FAIL  B4 row07 still not_covered
FAIL  B4 row08 still not_covered
PASS  B4 02A retained
PASS  B4 02B retained
PASS  B4 03 retained
PASS  B4 04 retained

──────── B5 write receipts (json + matrix md + prove md) ────────
PASS  B5 evidence json written
PASS  B5 eg2 matrix json updated
PASS  B5 md matrix written
PASS  B5 md pins Ban invent covered
PASS  B5 md coveredCount matches matrix
PASS  B5 md FUNNEL-05 status honest
PASS  B5 md FUNNEL-06 status honest
PASS  B5 md FUNNEL-02A covered retained
PASS  B5 md FUNNEL-02B covered retained
FAIL  B5 md FUNNEL-07 not_covered
FAIL  B5 md FUNNEL-08 not_covered
PASS  B5 prove md written
PASS  B5 roundtrip r4ProductClosed=false
PASS  B5 roundtrip funnelProductClosed=false
PASS  B5 roundtrip gR45Closed=false
PASS  B5 roundtrip coveredCountInvented=false
PASS  B5 roundtrip batch3Only=true
PASS  B5 roundtrip batch3CoveredCount

──────── B6 hard pins ────────
PASS  B6 ≠ invent coveredCount · ≠ flip product flags · ≠ self-nail dual_pass
PASS  B6 ≠ wash Batch2b ddfb64d/824e072 · Batch2 0a980e6/5593226 · Batch1 5519078/bd15172 · product-close 1c2ed8c · EG3 7be1a55
PASS  B6 Ban MS3=R4 · Ban invent · Ban elevating 07/08 · releaseEvidence=false · post_prove_dual_pass

FAIL  r4-funnel-covered-count-batch3 prove (5 failures)
 ELIFECYCLE  Command failed with exit code 1.
