
> @meetwise/worker@0.0.0 prove:r4-pr1-product-close /Users/miaole/Desktop/golucky/meetwise-line-godfn1b/apps/worker
> tsx test/r4-pr1-product-close.proof.ts

G-R4-3 / R1 product close prove
EXIT=0 = product-close evidence · defaultFlipped=true · gR43/r1 product closed under authorize · ≠ R4/FUNNEL/题域/G-R4-5/EG · Ban self-nail dual_pass

──────── P0 anchors ────────
PASS  P0 emitter wired
PASS  P0 harness present
FAIL  P0 harness status awaiting_post_prove_dual + Ban self-nail

──────── P1 live assessor ────────
PASS  P1 emptyEnvFailClosedOn
PASS  P1 workerEnvExampleNow1
PASS  P1 noLegacyUnderProductDefault
PASS  P1 legacyOptOutWhenExplicit0
PASS  P1 comboRootFlagOnEvidenceRetained
PASS  P1 defaultOnNoLegacyPathEvidenceRetained
FAIL  P1 authorizedSsotPinsPresent
PASS  P1 defaultFlipped
PASS  P1 orthogonalNotClaimedClosed
FAIL  P1 hasGR43R1ProductCloseEvidence

──────── P2 emit ────────
FAIL  P2 emitted=true — reason=authorized_ssot_pins_missing

──────── P3 hard pins ────────
PASS  P3 ≠ claim R4/FUNNEL/题域/G-R4-5/EG closed
PASS  P3 ≠ wash EG6 9b1c83e/3e82f14 or PR1 77c83ce into R4
PASS  P3 Ban self-nail post_prove_dual_pass

FAIL  r4-pr1-product-close prove (4 failures)
 ELIFECYCLE  Command failed with exit code 1.
