
> @meetwise/worker@0.0.0 prove:r4-funnel-covered-count-batch3b-05-06-wire /Users/miaole/Desktop/golucky/meetwise-line-godfn1b/apps/worker
> tsx test/r4-funnel-covered-count-batch3b-05-06-wire.proof.ts

G-R4-5 / FUNNEL coveredCount Batch3b 05/06 wire prove
EXIT=0 = honest true-cover emit for 05+06 under authorize · Ban invent · post_prove_dual_pass · product flags false

──────── B0 anchors ────────
PASS  B0 emitter wired
PASS  B0 harness present
PASS  B0 slice present
PASS  B0 harness status post_prove_dual_pass + Ban invent flags false

──────── B1 live FUNNEL-05 assessor (Batch3 reuse) ────────
PASS  B1 domainQuestionPlanPresent
PASS  B1 dbDispatchMissGenerationPresent
PASS  B1 cleanMissGateOnly
PASS  B1 noQbankPollutionScoreExcluded
PASS  B1 dbExportsMissGeneration
PASS  B1 productionConsumerWired is boolean
PASS  B1 isFunnel05Covered (honest live)
PASS  B1 covered matches all-pins including productionConsumerWired
PASS  B1 productionConsumerWired must be true for 05 covered (Ban invent)
     → FUNNEL-05 covered=true (productionConsumerWired=true)

──────── B2 live FUNNEL-06 assessor (Batch3 reuse) ────────
PASS  B2 domainRouteScopeDigestPresent
PASS  B2 retrievalAndSingleflightKeysPresent
PASS  B2 durableNegativeCachePresent
PASS  B2 epochSupersedeAndHitRevalidatePresent
PASS  B2 distinctFromEmbeddingComputeCache
PASS  B2 dbExportsRouteScopeCache
PASS  B2 productionConsumerWired is boolean
PASS  B2 isFunnel06Covered (honest live)
PASS  B2 covered matches all-pins including productionConsumerWired
PASS  B2 productionConsumerWired must be true for 06 covered (Ban invent)
     → FUNNEL-06 covered=true (productionConsumerWired=true)

──────── B3 emit Batch3b evidence ────────
PASS  B3 kind
PASS  B3 batch3bOnly=true
PASS  B3 coveredCountInvented=false
PASS  B3 r4ProductClosed=false
PASS  B3 funnelProductClosed=false
PASS  B3 gR45Closed=false
PASS  B3 ms3EqualsR4Closed=false
PASS  B3 releaseEvidence=false
PASS  B3 funnel05Covered matches assessor
PASS  B3 funnel06Covered matches assessor
PASS  B3 funnel05ProductionConsumerWired
PASS  B3 funnel06ProductionConsumerWired
PASS  B3 batch3bCoveredCount == coveredIds.length
PASS  B3 coveredIds only 05/06

──────── B4 matrix emit (Batch3b-aware EG2 · retain 02A/02B/03/04) ────────
PASS  B4 isHonestFunnelCoveredMatrix
PASS  B4 inventCovered=false
PASS  B4 releaseEvidence=false
FAIL  B4 coveredCount matches live assessors — got=8 expect=6
PASS  B4 row05 status honest
PASS  B4 row06 status honest
FAIL  B4 row07 still not_covered
FAIL  B4 row08 still not_covered
PASS  B4 02A retained
PASS  B4 02B retained
PASS  B4 03 retained
PASS  B4 04 retained

──────── B5 write receipts (json + matrix md + prove md) ────────
PASS  B5 evidence json written
PASS  B5 eg2 matrix json updated
PASS  B5 matrix md written
PASS  B5 prove md written
PASS  B5 roundtrip r4ProductClosed=false
PASS  B5 roundtrip funnelProductClosed=false
PASS  B5 roundtrip gR45Closed=false
PASS  B5 roundtrip coveredCountInvented=false
PASS  B5 roundtrip batch3bOnly=true

──────── B6 hard pins ────────
PASS  B6 ≠ invent coveredCount · ≠ flip product flags · post_prove_dual_pass nailed
PASS  B6 ≠ wash Batch3 bd3a800/e468de9 · Batch2b ddfb64d/824e072 · Batch2 · Batch1 · product-close · EG3
PASS  B6 Ban MS3=R4 · Ban invent · Ban elevating 07/08 · releaseEvidence=false · post_prove_dual_pass
PASS  B6 Ban docs-only fake cover · real import+invoke required

FAIL  r4-funnel-covered-count-batch3b-05-06-wire prove (3 failures)
 ELIFECYCLE  Command failed with exit code 1.
