
> @meetwise/worker@0.0.0 prove:r4-p-meta-p-r1 /Users/miaole/Desktop/golucky/meetwise-line-godfn1b/apps/worker
> tsx test/r4-p-meta-p-r1.proof.ts

F2 P-META·P-R1 remaining prove — MR1/PR1/H3 · releaseEvidence=false · ≠HA · ≠R4 closed
EXIT=0 ≠ R1 closed ≠ RAG-FUNNEL-01 closed ≠ 题域已隔离 · await post-prove dual

──────── MR0 static anchors present ────────
PASS  F2 harness present — /Users/miaole/Desktop/golucky/meetwise-line-godfn1b/ai-docs/delivery/harness/r4-f2-p-meta-p-r1.md
PASS  F2 eval present — /Users/miaole/Desktop/golucky/meetwise-line-godfn1b/ai-docs/delivery/eval/r4-f2-p-meta-p-r1.eval.md
PASS  F2 slice present — /Users/miaole/Desktop/golucky/meetwise-line-godfn1b/ai-docs/delivery/r4-f2-p-meta-p-r1.slice.md
PASS  r4 status present — /Users/miaole/Desktop/golucky/meetwise-line-godfn1b/ai-docs/delivery/harness/r4-domain-isolation-status.md
PASS  r4 inventory present — /Users/miaole/Desktop/golucky/meetwise-line-godfn1b/ai-docs/delivery/harness/r4-domain-isolation.md
PASS  R1 harness present — /Users/miaole/Desktop/golucky/meetwise-line-godfn1b/ai-docs/delivery/harness/r1-tech-role-fail-closed.md
PASS  m4-rag-hard-gates present — /Users/miaole/Desktop/golucky/meetwise-line-godfn1b/ai-docs/delivery/m4-rag-hard-gates.md
PASS  01A sealed manifest present — /Users/miaole/Desktop/golucky/meetwise-line-godfn1b/ai-docs/rules/backend/qbank-control-definer-sealed-manifest.md
PASS  principal.ts present — /Users/miaole/Desktop/golucky/meetwise-line-godfn1b/packages/db/src/principal.ts
PASS  F2 remaining helper present — /Users/miaole/Desktop/golucky/meetwise-line-godfn1b/apps/worker/src/r4-p-meta-p-r1-remaining.ts
PASS  adaptive-role-resolve present — /Users/miaole/Desktop/golucky/meetwise-line-godfn1b/apps/worker/src/adaptive-role-resolve.ts
PASS  interview-consumer present — /Users/miaole/Desktop/golucky/meetwise-line-godfn1b/apps/worker/src/interview-consumer.ts
PASS  main.ts present — /Users/miaole/Desktop/golucky/meetwise-line-godfn1b/apps/worker/src/main.ts

──────── MR1 P-META remaining (01A ≠ 01 · no routed serving) ────────
PASS  MR1 classify: sourceSealed01A=true (01A inventory)
PASS  MR1 classify: routedServingWired=true (F6 MS1 product wire)
PASS  MR1 classify: fullFacetsServed=true (F7 MS2 product facets)
PASS  MR1 classify: standardDeployHandoff=true (F8 MS3 product handoff)
PASS  MR1 isRagFunnel01Closed=true (MS1+MS2+MS3 product surfaces · Ban dual-claim without dual · ≠ R4)
PASS  MR1 is01ANotEqual01=false (product surfaces complete · still ≠ R4 closed)
PASS  MR1 principal lists qbank_metadata_review_receipt (01A table)
PASS  MR1 01A manifest pins 01A ≠ 01 / MetadataReviewReceipt serving still open
PASS  MR1 inventory / status still list P-META / G-R4-5 open
PASS  MR1 F6 MS1 product wire present
  leak: /Users/miaole/Desktop/golucky/meetwise-line-godfn1b/apps/worker/src/r4-eg1-dual-claim-evidence.ts
FAIL  MR1 only honesty helpers + F6 wire name MetadataReviewReceipt in worker src
PASS  MR1 helper documents Ban forging MetadataReviewReceipt serving

──────── PR1 P-R1 remaining (default off · contract ≠ closed) ────────
FAIL  PR1 classify: failClosedFlagDefaultOn=false (no flip)
PASS  PR1 classify: legacyDefaultLabel=技术岗
PASS  PR1 classify: contractHarnessExists=true
PASS  PR1 classify: r1Closed=false
PASS  PR1 isR1Closed=false
FAIL  PR1 unit: empty env → fail-closed OFF
/Users/miaole/Desktop/golucky/meetwise-line-godfn1b/apps/worker/src/adaptive-role-resolve.ts:59
    throw Object.assign(new Error(ADAPTIVE_ROLE_ROUTE_MISSING), {
                        ^

Error: adaptive_role_route_missing
    at resolveAdaptiveInterviewRole (/Users/miaole/Desktop/golucky/meetwise-line-godfn1b/apps/worker/src/adaptive-role-resolve.ts:59:25)
    at <anonymous> (/Users/miaole/Desktop/golucky/meetwise-line-godfn1b/apps/worker/test/r4-p-meta-p-r1.proof.ts:177:3)
    at ModuleJob.run (node:internal/modules/esm/module_job:343:25)
    at async onImport.tracePromise.__proto__ (node:internal/modules/esm/loader:681:26)
    at async asyncRunEntryPointWithESMLoader (node:internal/modules/run_main:117:5) {
  code: 'adaptive_role_route_missing'
}

Node.js v22.22.3
 ELIFECYCLE  Command failed with exit code 1.
