
> @meetwise/worker@0.0.0 prove:r4-funnel-covered-count-batch4 /Users/miaole/Desktop/golucky/meetwise-line-godfn1b/apps/worker
> tsx test/r4-funnel-covered-count-batch4.proof.ts

G-R4-5 / FUNNEL coveredCount Batch4 07+08 true-cover prove
EXIT=0 = honest true-cover emit for 07+08 under authorize · Ban invent coveredCount=8 · post_prove_dual_pass · product flags false

──────── B0 anchors ────────
PASS  B0 emitter wired
PASS  B0 free-text funnel marker wired
PASS  B0 harness present
PASS  B0 slice present
PASS  B0 harness status post_prove_dual_pass + Ban invent flags false

──────── B1 live FUNNEL-07 assessor ────────
PASS  B1 domainFreeTextRoutePresent
PASS  B1 dbClassifyFreeTextScopePresent
PASS  B1 noPrivilegeExpansionPinned
PASS  B1 dbExportsFreeTextRoute
PASS  B1 productionConsumerWired is boolean
PASS  B1 noRetrievalGrantOnFunnel
PASS  B1 isFunnel07Covered (honest live)
PASS  B1 covered matches all-pins including productionConsumerWired
PASS  B1 productionConsumerWired must be true for 07 covered (Ban invent)
     → FUNNEL-07 covered=true (productionConsumerWired=true)

──────── B2 live FUNNEL-08 assessor (honest refuse if not production-equivalent) ────────
PASS  B2 multiLangHoldoutPresent is boolean
PASS  B2 perLeafRecallReported is boolean
PASS  B2 wrongTrackZeroHardAssert is boolean
PASS  B2 p95CostThresholdsPreRegistered is boolean
PASS  B2 releaseReceiptsBound is boolean
PASS  B2 notLocalFakeAlone is boolean
PASS  B2 isFunnel08Covered (honest live)
PASS  B2 covered matches all-pins including notLocalFakeAlone
PASS  B2 Ban invent 08 from local fake alone
     → FUNNEL-08 covered=true (releaseReceiptsBound=true)

──────── B3 emit Batch4 evidence ────────
PASS  B3 kind
PASS  B3 batch4Only=true
PASS  B3 coveredCountInvented=false
PASS  B3 r4ProductClosed=false
PASS  B3 funnelProductClosed=false
PASS  B3 gR45Closed=false
PASS  B3 ms3EqualsR4Closed=false
PASS  B3 releaseEvidence=false
PASS  B3 funnel07Covered matches assessor
PASS  B3 funnel08Covered matches assessor
PASS  B3 funnel07ProductionConsumerWired
PASS  B3 batch4CoveredCount == coveredIds.length
PASS  B3 coveredIds only 07/08

──────── B4 matrix emit (Batch4-aware EG2 · retain 02A/02B/03/04/05/06) ────────
PASS  B4 isHonestFunnelCoveredMatrix
PASS  B4 inventCovered=false
PASS  B4 releaseEvidence=false
PASS  B4 coveredCount matches live assessors — got=8 expect=8
PASS  B4 Ban invent coveredCount=8 without both affirmed
PASS  B4 keep-6/7 when partial
PASS  B4 row07 status honest
PASS  B4 row08 status honest
PASS  B4 02A retained
PASS  B4 02B retained
PASS  B4 03 retained
PASS  B4 04 retained
PASS  B4 05 retained
PASS  B4 06 retained

──────── B5 write receipts (json + matrix md + prove md) ────────
PASS  B5 evidence json written
PASS  B5 eg2 matrix json updated
PASS  B5 matrix md written
PASS  B5 prove md written
PASS  B5 roundtrip r4ProductClosed=false
PASS  B5 roundtrip funnelProductClosed=false
PASS  B5 roundtrip gR45Closed=false
PASS  B5 roundtrip coveredCountInvented=false
PASS  B5 roundtrip batch4Only=true

──────── B6 hard pins ────────
PASS  B6 ≠ invent coveredCount=8 · ≠ flip product flags · post_prove_dual_pass
PASS  B6 ≠ wash Batch3b 85be7ad/9aa1be4 · Batch3 bd3a800/e468de9 · Batch2b · Batch2 · Batch1 · product-close · EG3
PASS  B6 Ban MS3=R4 · Ban invent · Ban docs-only fake cover · releaseEvidence=false · Ban wash dual_pass into product closed

OK  r4-funnel-covered-count-batch4 prove (honest emit · coveredCount=8 · 07=true 08=true · 02A/02B/03/04/05/06 retained · product flags false · Ban invent coveredCount=8 · post_prove_dual_pass · releaseEvidence=false)
