[sidecar 2026-10-08T09:21:30.149Z] sidecar v2 start; wrapperLog=.tmp/c03f-run/wrapper.log; discipline: post-migrate anchor / 42P01 pending / stop-needle armed post-first-ok (>=5) / per-query guarded / SELECT-only aggregates only
[sidecar 2026-10-08T09:21:33.166Z] CONTAINER BIND exact=meetwise-e2e-31828-1791451290487 port=60471 (rebind; per-container state reset)
[sidecar 2026-10-08T09:21:36.640Z] first-ok tick (stop-needle ARMED post-first-ok)
[sidecar 2026-10-08T09:21:38.217Z] tick 7 ok: ij=[] inv=[]
[sidecar 2026-10-08T09:21:39.219Z] ANCHOR post-migrate seen (v2 anchor; Ban container_found anchor) container=meetwise-e2e-31828-1791451290487
[sidecar 2026-10-08T09:21:39.755Z] tick 8 ok: ij=[] inv=[]
[sidecar 2026-10-08T09:21:41.382Z] tick 9 ok: ij=[] inv=[]
[sidecar 2026-10-08T09:21:42.985Z] tick 10 ok: ij=[] inv=[]
[sidecar 2026-10-08T09:21:44.498Z] tick 11 ok: ij=[] inv=[]
[sidecar 2026-10-08T09:21:46.107Z] tick 12 ok: ij=[] inv=[]
[sidecar 2026-10-08T09:21:47.607Z] tick 13 ok: ij=[] inv=[]
[sidecar 2026-10-08T09:21:49.172Z] tick 14 ok: ij=["queued|1|0|0","running|1|1|1"] inv=["failed|1"]
[sidecar 2026-10-08T09:21:50.702Z] tick 15 ok: ij=["queued|1|0|0","running|1|1|1"] inv=["dispatching|1","failed|1"]
[sidecar 2026-10-08T09:21:52.225Z] tick 16 ok: ij=["done|1|1|1","running|1|1|1"] inv=["dispatching|1","failed|2","succeeded|1"]
[sidecar 2026-10-08T09:21:53.724Z] tick 17 ok: ij=["done|2|1|1"] inv=["failed|2","succeeded|2"]
[sidecar 2026-10-08T09:21:55.227Z] tick 18 ok: ij=["done|2|1|1","running|1|1|1"] inv=["failed|2","succeeded|3"]
[sidecar 2026-10-08T09:21:56.666Z] tick 19 ok: ij=["done|3|1|1","running|1|1|1"] inv=["dispatching|1","failed|2","succeeded|3"]
[sidecar 2026-10-08T09:21:58.254Z] tick 20 ok: ij=["done|3|1|1","running|1|1|1"] inv=["failed|2","succeeded|4"]
[sidecar 2026-10-08T09:21:59.841Z] tick 21 ok: ij=["done|4|1|1"] inv=["failed|2","succeeded|4"]
[sidecar 2026-10-08T09:22:01.306Z] tick 22 ok: ij=["done|4|1|1","running|1|1|1"] inv=["dispatching|1","failed|2","succeeded|4"]
[sidecar 2026-10-08T09:22:03.000Z] tick 23 ok: ij=["done|5|1|1"] inv=["failed|2","succeeded|5"]
[sidecar 2026-10-08T09:22:04.506Z] tick 24 ok: ij=["done|5|1|1"] inv=["failed|2","succeeded|5"]
[sidecar 2026-10-08T09:22:06.027Z] tick 25 ok: ij=["done|6|1|1"] inv=["failed|2","succeeded|5"]
[sidecar 2026-10-08T09:22:07.530Z] tick 26 ok: ij=["done|6|1|1"] inv=["failed|2","succeeded|5"]
[sidecar 2026-10-08T09:22:09.014Z] tick 27 ok: ij=["done|6|1|1"] inv=["failed|2","succeeded|5"]
[sidecar 2026-10-08T09:22:10.503Z] tick 28 ok: ij=["done|6|1|1"] inv=["failed|2","succeeded|5"]
[sidecar 2026-10-08T09:22:12.077Z] tick 29 ok: ij=["done|6|1|1"] inv=["failed|2","succeeded|5"]
[sidecar 2026-10-08T09:22:13.564Z] tick 30 ok: ij=["done|6|1|1"] inv=["failed|2","succeeded|5"]
[sidecar 2026-10-08T09:22:15.114Z] tick 31 ok: ij=["done|6|1|1"] inv=["failed|2","succeeded|5"]
[sidecar 2026-10-08T09:22:16.602Z] tick 32 ok: ij=["done|6|1|1"] inv=["failed|2","succeeded|5"]
[sidecar 2026-10-08T09:22:18.043Z] tick 33 ok: ij=["done|6|1|1","running|1|1|1"] inv=["dispatching|1","failed|3","succeeded|5"]
[sidecar 2026-10-08T09:22:19.558Z] tick 34 ok: ij=["done|6|1|1","running|1|1|1"] inv=["dispatching|1","failed|3","succeeded|5"]
[sidecar 2026-10-08T09:22:21.043Z] tick 35 ok: ij=["done|7|1|1"] inv=["failed|3","succeeded|6"]
[sidecar 2026-10-08T09:22:22.577Z] tick 36 ok: ij=["done|7|1|1"] inv=["failed|3","succeeded|6"]
[sidecar 2026-10-08T09:22:24.051Z] tick 37 ok: ij=["done|7|1|1","running|1|1|1"] inv=["failed|3","succeeded|7"]
[sidecar 2026-10-08T09:22:25.560Z] tick 38 ok: ij=["done|8|1|1","running|1|1|1"] inv=["dispatching|1","failed|3","succeeded|7"]
[sidecar 2026-10-08T09:22:27.105Z] tick 39 ok: ij=["done|8|1|1","running|1|1|1"] inv=["failed|3","succeeded|8"]
[sidecar 2026-10-08T09:22:28.702Z] tick 40 ok: ij=["done|9|1|1"] inv=["failed|3","succeeded|8"]
[sidecar 2026-10-08T09:22:29.866Z] STOPPED: STOP sentinel by orchestrator (wrapper exited); ticks=41 pending42P01=2 anchorSeen=true firstOk=true
