
> meetwise@0.1.0 interview:prove /Users/miaole/Desktop/golucky/meetwise-line-grow201
> node scripts/run-e2e-isolated.mjs interview:prove:raw

[R5-MARKED-RED] E2E_ISOLATION_STACK=pgvector-legacy (dual-track; SOLE_STACK=mysql-qdrant-redis is a dual-track code-path label ≠ product stack truth) E2E_PG_IMAGE=pgvector/pgvector:pg16 is a legacy pgvector isolation fixture — isolated test infra narration, NOT stack truth / NOT cutover evidence (product stack pin = ai-docs/delivery/adr-postgres-retained.md: Postgres · PostgresSaver · pgvector). Local green ≠ RAG migrated. releaseEvidence=false · Not HA · 本绿≠已迁 · local green ≠ HA · need multi-instance + fault-inject for releaseEvidence.
E2E_POSTGRES_READY label=boot consecutive=3 attempt=4
E2E isolated PostgreSQL: meetwise-e2e-63764-1791602517489 on 127.0.0.1:58949
E2E_ISO_STACK_NOTE isolated shell = test infrastructure only: isolated test PG ≠ product stack change ≠ cutover evidence; product stack pin = ai-docs/delivery/adr-postgres-retained.md (Postgres retained · PostgresSaver · pgvector). releaseEvidence=false · Not HA.

> @meetwise/db@0.0.0 migrate /Users/miaole/Desktop/golucky/meetwise-line-grow201/packages/db
> tsx src/migrate-cli.ts

migrations: applied=156 skipped=0 rag_control_manifest=not_requested qbank_control_manifest=not_requested runtime_login=not_requested qbank_control_login=not_requested privacy_worker_login=not_requested
E2E_POSTGRES_READY label=post-migrate consecutive=3 attempt=3
E2E_POSTGRES_READY label=pre-prove consecutive=3 attempt=3

> @meetwise/worker@0.0.0 prove:interview /Users/miaole/Desktop/golucky/meetwise-line-grow201/apps/worker
> tsx test/interview.proof.ts

PASS  fixture 经生产同链供给 route snapshot（0142 decision+snapshot）

──────── ① v64 start 由当前 consumer 消费并投影首题 ────────
PASS  调度器发现且消费 owner 队列
PASS  start 任务保留 parent 的 v64 简历标识与世代
PASS  当前自适应图投影 issued 首题

──────── ② API 身份领取 → v64 answer 队列 → 自适应评估/收口 ────────
PASS  第 1 题 API 身份账本接受
PASS  第 2 题 API 身份账本接受
PASS  自适应图在有限轮数内完成
PASS  每个已完成回答都有 answer_evaluated 业务事件
PASS  start/answer durable job（持久任务）均收口为 done
PASS  权益确认后可用额度精确减少 1

──────── ②a S1 D1 接线：出题投影事务逐题发布 rubric+冻结契约（图状态 difficulty plumbing） ────────
PASS  每道已投影题在同一投影事务内发布 rubric（D1·逐题 seed·幂等不重复）
PASS  每 rubric 冻结单分项 seed（answer_quality·weight 1）
PASS  每道已投影题冻结题面契约且 difficulty 由图状态 plumbing 落 1..5 域（D1）
PASS  明文 /turn 家族结构性零 score_request/零卡（0126 围栏·S1 过渡形状如实）

──────── ②b S1 全链：D2 submit 事务 request → D3 claim → D4 写卡（#52 v6 直供档位·卡数断言） ────────
PASS  D2 同事务落 score_request（q-v1-t0-c0）
PASS  D4 写卡成功且总分=0/50/100 档位化值（v6 档位 meets→50，模型直供档位·非 hint 分派档）
PASS  D2 同事务落 score_request（q-v1-t1-c0）
PASS  D4 写卡成功且总分=0/50/100 档位化值（v6 档位 below→0，模型直供档位·非 hint 分派档）
PASS  D2 同事务落 score_request（q-v1-t2-c0）
PASS  D4 写卡成功且总分=0/50/100 档位化值（v6 档位 exceeds→100，模型直供档位·非 hint 分派档）
PASS  模拟 crash：首 claim 单次 CAS 成功
PASS  D4 恢复钉：重放复用既有 lease_token 写卡成功（禁新造）
PASS  score_card 行数 = 已答（ledger 提交）题数（S1 卡数断言）
PASS  卡总分全为 0/50/100 档位化值（#52 v6 档位确定性分量·模型直供档位）
PASS  全部 score_request 经 CAS 收口 scored（0100 单 winner）
PASS  写卡同事务原子追加 score_card_written 事件（0103 原语④）
PASS  at-least-once 重放幂等：scored 请求跳过·零重复卡

──────── ③ 报告舱壁独立领取并形成 ready（S2 真实 loadSummary 化·去桩·#50 v3 competency 面） ────────
PASS  面试完成只入队报告，不在图内生成报告
PASS  图家族报告真实 loadSummary 零卡 → fail-closed failed（0126 围栏·无卡绝不回退桩/legacy 分数）
PASS  账本家族生产同链入队报告 job（幂等 enqueue）
PASS  报告 worker（后台进程）真实 loadSummary 独立收口 ready（实卡·aggregateScores 不抛）
PASS  报告 overall=确定性聚合 of 实卡总分（63）·sections 非空（#50 v3 结构化输入真链）
PASS  账本家族事件流零 report_unavailable（S2 验收 roadmap:54-55）

──────── ③a 成长链自动生成（报告 ready → 评估→学习→职业·#204） ────────
PASS  ③a fixture 供卡 score_request（q-v1-t0-c0）
PASS  ③a fixture 卡总分=0（v6 档位 below→0·钉死 gap 维度）
PASS  ③a fixture 供卡 score_request（q-v1-t1-c0）
PASS  ③a fixture 卡总分=0（v6 档位 below→0·钉死 gap 维度）
PASS  ③a 报告 drain 收口 ready（生产 deps·growth 钩子默认接线·非注入桩）
PASS  区块一 assessment_report：status=ready·dimensions 非空·overall=0（三区块之一）
PASS  评估弱项钉死：「高并发」维度分 0<GAP=60 → gap=true
PASS  区块二 learning_plan：gap 维度→topic 在列·priority=high（score<40 最弱优先）
PASS  区块三 career_path：readiness/level/milestones 非空·弱项→「补短板」里程碑（overall=0→junior）
PASS  零卡空集跳过：assessment=skipped·failedCount=0·学习/职业无源跳过（/turn 过渡窗·非失败）
PASS  /growth 出点：deriveGrowth 两点在曲线（③ IID2 自动评估 + ③a IID3·成长链断→通）
PASS  /growth 维度集合含弱项维度
PASS  （辅·S1 已落面）Dashboard 读面 avgScore 非 null（score_card 均分）
PASS  S2 断链根因解除：historicalWeakDimensions 含「高并发」（此前恒空→偏置恒 no-op）
PASS  S2 弱项偏置非 no-op：biasByPastWeakness 弱项稳定前移·非弱项原序（生产函数直行使）
PASS  幂等：重放 growth 钩子三段全 generated·三表行数各=1（UNIQUE+version+1·零重复）
PASS  ③a 故障注入 fixture 供卡 score_request
PASS  ③a 故障注入 fixture 卡总分=0
growth_gen_career_failed interview-proof-1791602523855-growth-fault injected_career_failure
growth_gen_degraded interview-proof-1791602523855-growth-fault {"assessment":"generated","learning":"generated","career":"failed","fencedSkipped":false,"failedCount":1}
PASS  尽力而为：职业段注入失败 → 报告仍 ready·drain 无异常上抛
PASS  尽力而为：评估+学习仍在·职业缺位（依赖段不连累）
growth_gen_career_failed interview-proof-1791602523855-growth-fault injected_career_failure
PASS  尽力而为：failedCount=1·career=failed·评估/学习照常（结构化计数器核对）

✓ 当前 v64 面试链路全部通过
LOCAL_ISOLATED_PROOF_RECEIPT_FAILED reason=local_isolated_receipt_source_paths_invalid
 ELIFECYCLE  Command failed with exit code 1.
