1791299270708 
1791299270709 > meetwise@0.1.0 uc018:perf-load:prove /workspace/meetwise-wt-an-perf-prove6
1791299270709 > node scripts/run-e2e-isolated.mjs uc018:perf-load:prove:raw
1791299270709 
1791299270826 [R5-MARKED-RED] E2E_ISOLATION_STACK=pgvector-legacy (dual-track; SOLE_STACK=mysql-qdrant-redis is a dual-track code-path label ≠ product stack truth) E2E_PG_IMAGE=pgvector/pgvector:pg16 is a legacy pgvector isolation fixture — isolated test infra narration, NOT stack truth / NOT cutover evidence (product stack pin = ai-docs/delivery/adr-postgres-retained.md: Postgres · PostgresSaver · pgvector). Local green ≠ RAG migrated. releaseEvidence=false · Not HA · 本绿≠已迁 · local green ≠ HA · need multi-instance + fault-inject for releaseEvidence.
1791299270827 E2E_RESOURCE_CAPS target=uc018:perf-load:prove:raw docker_args=--cpus 2 --memory 4g
1791299274346 E2E_POSTGRES_READY label=boot consecutive=3 attempt=4
1791299274347 E2E isolated PostgreSQL: meetwise-e2e-1494395-1791299270823 on 127.0.0.1:33047
1791299274347 E2E_ISO_STACK_NOTE isolated shell = test infrastructure only: isolated test PG ≠ product stack change ≠ cutover evidence; product stack pin = ai-docs/delivery/adr-postgres-retained.md (Postgres retained · PostgresSaver · pgvector). releaseEvidence=false · Not HA.
1791299275257 E2E_POSTGRES_READY label=pre-prove consecutive=3 attempt=3
1791299275388 UC018_CAPS pg container=meetwise-e2e-1494395-1791299270823 NanoCpus=2000000000 Memory=4294967296 ok=true
1791299281461 UC018_CAPS written enforced=true api NanoCpus=2000000000 Memory=4294967296
1791299283549 UC-E2E-018 PERF/LOAD prove · NHP-018-PERF-01 + NHP-018-LOAD-01
1791299283550 NOTE: Method freeze nearest-rank · timeout=10s=error · warmup=10 · runs=3 · caps Docker 2cpu/4GiB
1791299283550 NOTE: local ≠ production capacity ≠ HA · PERF/LOAD partial ≠ UC covered · §1.1 stays partial
1791299283937 fatal: not a git repository: /workspace/projects/meetwise/.git/worktrees/meetwise-wt-an-perf-prove6
1791299284580 PERF run1: p50=24.2 p95=60.5 p99=95.6 err=0 timeout=0 passed=true
1791299284880 LOAD run1: p50=39.6 p95=130.8 p99=147.9 err=0 timeout=0 dblRel=0 stuck=0 stuckGraph=0 passed=true
1791299285297 PERF run2: p50=17.9 p95=44.6 p99=72.7 err=0 timeout=0 passed=true
1791299285559 LOAD run2: p50=35.6 p95=93.0 p99=104.3 err=0 timeout=0 dblRel=0 stuck=0 stuckGraph=0 passed=true
1791299285625 node:events:502
1791299285625       throw er; // Unhandled 'error' event
1791299285625       ^
1791299285625 
1791299285625 Error: Connection terminated unexpectedly
1791299285625     at Connection.<anonymous> (/workspace/meetwise-wt-an-perf-prove6/node_modules/.pnpm/pg@8.22.0/node_modules/pg/lib/client.js:199:73)
1791299285625     at Object.onceWrapper (node:events:638:28)
1791299285625     at Connection.emit (node:events:524:28)
1791299285625     at Socket.<anonymous> (/workspace/meetwise-wt-an-perf-prove6/node_modules/.pnpm/pg@8.22.0/node_modules/pg/lib/connection.js:63:12)
1791299285625     at Socket.emit (node:events:524:28)
1791299285625     at TCP.<anonymous> (node:net:343:12)
1791299285625 Emitted 'error' event on Client instance at:
1791299285625     at Client._handleErrorEvent (/workspace/meetwise-wt-an-perf-prove6/node_modules/.pnpm/pg@8.22.0/node_modules/pg/lib/client.js:417:10)
1791299285625     at Connection.<anonymous> (/workspace/meetwise-wt-an-perf-prove6/node_modules/.pnpm/pg@8.22.0/node_modules/pg/lib/client.js:217:16)
1791299285625     at Object.onceWrapper (node:events:638:28)
1791299285625     [... lines matching original stack trace ...]
1791299285625     at TCP.<anonymous> (node:net:343:12)
1791299285625 
1791299285625 Node.js v20.20.2
1791299287284 ISOLATED_POSTGRES_OUTPUT_WITHHELD container=meetwise-e2e-1494395-1791299270823 state_bytes=219 logs_bytes=2369
1791299288084 LOCAL_ISOLATED_PROOF_RECEIPT file=.tmp/isolated-proof-receipts/2026-10-06T15-08-08-002Z-1494395-d59df9ab-38e7-4157-bc6c-d66089808dd4.json release_evidence=false
1791299288106  ELIFECYCLE  Command failed with exit code 1.
