
> meetwise@0.1.0 uc018:perf-load:prove /workspace/meetwise-wt-an-perf-coding
> node scripts/run-e2e-isolated.mjs uc018:perf-load:prove:raw

[R5-MARKED-RED] E2E_ISOLATION_STACK=pgvector-legacy (dual-track; SOLE_STACK=mysql-qdrant-redis is a dual-track code-path label ≠ product stack truth) E2E_PG_IMAGE=pgvector/pgvector:pg16 is a legacy pgvector isolation fixture — isolated test infra narration, NOT stack truth / NOT cutover evidence (product stack pin = ai-docs/delivery/adr-postgres-retained.md: Postgres · PostgresSaver · pgvector). Local green ≠ RAG migrated. releaseEvidence=false · Not HA · 本绿≠已迁 · local green ≠ HA · need multi-instance + fault-inject for releaseEvidence.
E2E_RESOURCE_CAPS target=uc018:perf-load:prove:raw docker_args=--cpus 2 --memory 4g
E2E_POSTGRES_READY label=boot consecutive=3 attempt=4
E2E isolated PostgreSQL: meetwise-e2e-1404929-1791295427590 on 127.0.0.1:32999
E2E_ISO_STACK_NOTE isolated shell = test infrastructure only: isolated test PG ≠ product stack change ≠ cutover evidence; product stack pin = ai-docs/delivery/adr-postgres-retained.md (Postgres retained · PostgresSaver · pgvector). releaseEvidence=false · Not HA.
E2E_POSTGRES_READY label=pre-prove consecutive=3 attempt=3
UC018_CAPS pg container=meetwise-e2e-1404929-1791295427590 NanoCpus=2000000000 Memory=4294967296 ok=true
UC018_CAPS written enforced=true api NanoCpus=2000000000 Memory=4294967296
UC-E2E-018 PERF/LOAD prove · NHP-018-PERF-01 + NHP-018-LOAD-01
NOTE: Method freeze nearest-rank · timeout=10s=error · warmup=10 · runs=3 · caps Docker 2cpu/4GiB
NOTE: local ≠ production capacity ≠ HA · PERF/LOAD partial ≠ UC covered · §1.1 stays partial
fatal: not a git repository: /workspace/projects/meetwise/.git/worktrees/meetwise-wt-an-perf-coding
PERF run1: p50=21.5 p95=65.3 p99=111.2 err=0 timeout=0 passed=true
LOAD run1: p50=55.0 p95=147.0 p99=167.1 err=0 timeout=0 dblRel=0 stuck=0 stuckGraph=0 passed=true
PERF run2: p50=19.6 p95=49.3 p99=68.8 err=0 timeout=0 passed=true
LOAD run2: p50=33.0 p95=86.5 p99=110.4 err=0 timeout=0 dblRel=0 stuck=0 stuckGraph=0 passed=true
{"event":"db_pool_error","purpose":"default","count":1,"error_name":"error","error_message":"terminating connection due to administrator command"}
node_modules/.pnpm/pg@8.22.0/node_modules/pg/lib/client.js:652
          Error.captureStackTrace(err)
                ^

Error: Client has encountered a connection error and is not queryable
    at node_modules/.pnpm/pg@8.22.0/node_modules/pg/lib/client.js:652:17
    at process.processTicksAndRejections (node:internal/process/task_queues:95:5)
    at async asPrincipal (file://packages/db/src/principal.ts:1280:9)
    at async seedAbandonTargets (file://apps/api/test/uc-e2e-018-perf-load.proof.ts:237:9)
    at async runPerf (file://apps/api/test/uc-e2e-018-perf-load.proof.ts:250:17)
    at async file://apps/api/test/uc-e2e-018-perf-load.proof.ts:444:19

Node.js v20.20.2
ISOLATED_POSTGRES_OUTPUT_WITHHELD container=meetwise-e2e-1404929-1791295427590 state_bytes=229 logs_bytes=1778
LOCAL_ISOLATED_PROOF_RECEIPT file=.tmp/isolated-proof-receipts/2026-10-06T14-04-05-275Z-1404929-799df016-28b0-4a9c-919f-5a89077addd1.json release_evidence=false
 ELIFECYCLE  Command failed with exit code 1.
RAW_EXIT=1
