
> meetwise@0.1.0 e2e:ui:isolated /Users/miaole/Desktop/golucky/meetwise-line-g7vcalib
> node scripts/run-e2e-isolated.mjs e2e:ui

[R5-MARKED-RED] E2E_ISOLATION_STACK=pgvector-legacy (dual-track; SOLE_STACK=mysql-qdrant-redis is a dual-track code-path label ≠ product stack truth) E2E_PG_IMAGE=pgvector/pgvector:pg16 is a legacy pgvector isolation fixture — isolated test infra narration, NOT stack truth / NOT cutover evidence (product stack pin = ai-docs/delivery/adr-postgres-retained.md: Postgres · PostgresSaver · pgvector). Local green ≠ RAG migrated. releaseEvidence=false · Not HA · 本绿≠已迁 · local green ≠ HA · need multi-instance + fault-inject for releaseEvidence.
E2E_POSTGRES_READY label=boot consecutive=3 attempt=4
E2E isolated PostgreSQL: meetwise-e2e-60925-1791431241089 on 127.0.0.1:57350
E2E_ISO_STACK_NOTE isolated shell = test infrastructure only: isolated test PG ≠ product stack change ≠ cutover evidence; product stack pin = ai-docs/delivery/adr-postgres-retained.md (Postgres retained · PostgresSaver · pgvector). releaseEvidence=false · Not HA.

> @meetwise/db@0.0.0 migrate /Users/miaole/Desktop/golucky/meetwise-line-g7vcalib/packages/db
> tsx src/migrate-cli.ts

migrations: applied=142 skipped=0 rag_control_manifest=not_requested qbank_control_manifest=not_requested runtime_login=not_requested qbank_control_login=not_requested privacy_worker_login=not_requested
E2E_POSTGRES_READY label=post-migrate consecutive=3 attempt=3
E2E_POSTGRES_READY label=pre-prove consecutive=3 attempt=3

> meetwise@0.1.0 e2e:ui /Users/miaole/Desktop/golucky/meetwise-line-g7vcalib
> node scripts/run-e2e-ui.mjs

E2E-UI: 启 api + worker…
E2E-UI: 无 .next/BUILD_ID，先 next build 再 next start…
E2E-UI: 启 web(production next start, :21242)…
E2E-UI: 跑 Playwright 浏览器用例…

Running 2 tests using 1 worker

[g7u-fixture] route_decided observed: 3019ms since wait start, 1706ms wait-anchor offset after publish click, revision_status=route_decided, attempt_outcome=result_validated, decision_created_at=2026-10-08T03:48:17.898Z
  ✓  1 [chromium] › e2e-ui/recruiting-bound.spec.ts:143:1 › C→B: real browser binds application to a new interview, completes it, and front-end finalizes it (1.6m)
[g7u-fixture] route_decided observed: 3021ms since wait start, 1712ms wait-anchor offset after publish click, revision_status=route_decided, attempt_outcome=result_validated, decision_created_at=2026-10-08T03:49:52.016Z
  ✓  2 [mobile] › e2e-ui/recruiting-bound.spec.ts:143:1 › C→B: real browser binds application to a new interview, completes it, and front-end finalizes it (1.3m)

  2 passed (3.0m)
