with-docker-session: docker.sock permission gap in session; re-exec via sg docker (membership already in /etc/group; no grant/chmod/sudo)

> meetwise@0.1.0 uc052:external-sink-async-purge:prove /workspace/meetwise-wt-ar-sink-prove
> node scripts/run-e2e-isolated.mjs uc052:external-sink-async-purge:prove:raw

[R5-MARKED-RED] E2E_ISOLATION_STACK=pgvector-legacy (dual-track; SOLE_STACK=mysql-qdrant-redis is a dual-track code-path label ≠ product stack truth) E2E_PG_IMAGE=pgvector/pgvector:pg16 is a legacy pgvector isolation fixture — isolated test infra narration, NOT stack truth / NOT cutover evidence (product stack pin = ai-docs/delivery/adr-postgres-retained.md: Postgres · PostgresSaver · pgvector). Local green ≠ RAG migrated. releaseEvidence=false · Not HA · 本绿≠已迁 · local green ≠ HA · need multi-instance + fault-inject for releaseEvidence.
E2E_POSTGRES_READY label=boot consecutive=3 attempt=4
E2E isolated PostgreSQL: meetwise-e2e-1589659-1791302749156 on 127.0.0.1:33076
E2E_ISO_STACK_NOTE isolated shell = test infrastructure only: isolated test PG ≠ product stack change ≠ cutover evidence; product stack pin = ai-docs/delivery/adr-postgres-retained.md (Postgres retained · PostgresSaver · pgvector). releaseEvidence=false · Not HA.

> @meetwise/db@0.0.0 migrate /workspace/meetwise-wt-ar-sink-prove/packages/db
> tsx src/migrate-cli.ts

migrations: applied=139 skipped=0 rag_control_manifest=not_requested qbank_control_manifest=not_requested runtime_login=not_requested qbank_control_login=not_requested privacy_worker_login=not_requested
E2E_POSTGRES_READY label=post-migrate consecutive=3 attempt=3
E2E_POSTGRES_READY label=pre-prove consecutive=3 attempt=3

> @meetwise/db@0.0.0 prove:uc052-external-sink-async-purge /workspace/meetwise-wt-ar-sink-prove/packages/db
> tsx test/uc052-external-sink-async-purge.proof.ts

UC052_EXTERNAL_SINK_ASYNC_PURGE_PROVE gitSha=4f631fec2b6e59b025f89642b27757e9735b902f line=AR live=false modelKey=not_loaded env=local_isolated_stub
FAIL  AP-N1-CLASS · wrong=22023:privacy_vendor_evidence_class_mismatch right=42501:permission denied for table privacy_external_purge_evidence classes={"oss":"oss_delete_list_empty_local_stub","redis":"redis_del_exists_empty_local_stub","langfuse":"langfuse_retention_delete_replica_local_stub"}
error: permission denied for table privacy_external_purge_evidence
    at /workspace/meetwise-wt-ar-sink-prove/node_modules/.pnpm/pg@8.22.0/node_modules/pg/lib/client.js:652:17
    at process.processTicksAndRejections (node:internal/process/task_queues:95:5)
    at async recordVendorPurgeEvidence (/workspace/meetwise-wt-ar-sink-prove/packages/db/src/uc052-external-sink-async-purge.ts:166:13)
    at async <anonymous> (/workspace/meetwise-wt-ar-sink-prove/packages/db/src/uc052-external-sink-async-purge.ts:246:26)
    at async asPrivacyWorkerPrincipal (/workspace/meetwise-wt-ar-sink-prove/packages/db/src/principal.ts:968:15)
    at async runExternalSinkAsyncPurgeConfirm (/workspace/meetwise-wt-ar-sink-prove/packages/db/src/uc052-external-sink-async-purge.ts:245:17)
    at async main (/workspace/meetwise-wt-ar-sink-prove/packages/db/test/uc052-external-sink-async-purge.proof.ts:179:18) {
  length: 949,
  severity: 'ERROR',
  code: '42501',
  detail: undefined,
  hint: undefined,
  position: undefined,
  internalPosition: undefined,
  internalQuery: undefined,
  where: 'SQL statement "INSERT INTO privacy_external_purge_evidence(\n' +
    '      request_id, target_id, sink, evidence_class, evidence_hash,\n' +
    '      vendor_operation, verified_absent, environment_class, recorded_by)\n' +
    '  VALUES (\n' +
    '      v_request, p_target, v_sink, p_evidence_class, p_evidence_hash,\n' +
    "      p_vendor_operation, true, 'local_isolated_stub', p_recorded_by)\n" +
    '  ON CONFLICT (target_id) DO UPDATE\n' +
    '     SET evidence_class = EXCLUDED.evidence_class,\n' +
    '         evidence_hash = EXCLUDED.evidence_hash,\n' +
    '         vendor_operation = EXCLUDED.vendor_operation,\n' +
    '         verified_absent = true,\n' +
    "         environment_class = 'local_isolated_stub',\n" +
    '         recorded_by = EXCLUDED.recorded_by,\n' +
    '         created_at = now()\n' +
    '  RETURNING id"\n' +
    'PL/pgSQL function privacy_record_vendor_purge_evidence(uuid,text,text,text,boolean,text) line 33 at SQL statement',
  schema: undefined,
  table: undefined,
  column: undefined,
  dataType: undefined,
  constraint: undefined,
  file: 'aclchk.c',
  line: '2812',
  routine: 'aclcheck_error'
}
 ELIFECYCLE  Command failed with exit code 1.
ISOLATED_POSTGRES_OUTPUT_WITHHELD container=meetwise-e2e-1589659-1791302749156 state_bytes=219 logs_bytes=0
LOCAL_ISOLATED_PROOF_RECEIPT file=.tmp/isolated-proof-receipts/2026-10-06T16-06-00-204Z-1589659-a33b370f-b93b-49c0-a36c-05a7f20f81aa.json release_evidence=false
 ELIFECYCLE  Command failed with exit code 1.
