with-docker-session: docker.sock permission gap in session; re-exec via sg docker (membership already in /etc/group; no grant/chmod/sudo)

> meetwise@0.1.0 uc052:external-sink-async-purge:prove /workspace/meetwise-wt-ar-sink-prove
> node scripts/run-e2e-isolated.mjs uc052:external-sink-async-purge:prove:raw

[R5-MARKED-RED] E2E_ISOLATION_STACK=pgvector-legacy (dual-track; SOLE_STACK=mysql-qdrant-redis is a dual-track code-path label ≠ product stack truth) E2E_PG_IMAGE=pgvector/pgvector:pg16 is a legacy pgvector isolation fixture — isolated test infra narration, NOT stack truth / NOT cutover evidence (product stack pin = ai-docs/delivery/adr-postgres-retained.md: Postgres · PostgresSaver · pgvector). Local green ≠ RAG migrated. releaseEvidence=false · Not HA · 本绿≠已迁 · local green ≠ HA · need multi-instance + fault-inject for releaseEvidence.
E2E_POSTGRES_READY label=boot consecutive=3 attempt=4
E2E isolated PostgreSQL: meetwise-e2e-1595359-1791302843923 on 127.0.0.1:33079
E2E_ISO_STACK_NOTE isolated shell = test infrastructure only: isolated test PG ≠ product stack change ≠ cutover evidence; product stack pin = ai-docs/delivery/adr-postgres-retained.md (Postgres retained · PostgresSaver · pgvector). releaseEvidence=false · Not HA.

> @meetwise/db@0.0.0 migrate /workspace/meetwise-wt-ar-sink-prove/packages/db
> tsx src/migrate-cli.ts

migrations: applied=139 skipped=0 rag_control_manifest=not_requested qbank_control_manifest=not_requested runtime_login=not_requested qbank_control_login=not_requested privacy_worker_login=not_requested
E2E_POSTGRES_READY label=post-migrate consecutive=3 attempt=3
E2E_POSTGRES_READY label=pre-prove consecutive=3 attempt=3

> @meetwise/db@0.0.0 prove:uc052-external-sink-async-purge /workspace/meetwise-wt-ar-sink-prove/packages/db
> tsx test/uc052-external-sink-async-purge.proof.ts

UC052_EXTERNAL_SINK_ASYNC_PURGE_PROVE gitSha=43e14132618db41c67a4ad2ccd1f9b684385cd60 line=AR live=false modelKey=not_loaded env=local_isolated_stub
PASS  AP-N1-CLASS · wrong=22023:privacy_vendor_evidence_class_mismatch right=NO_ERROR classes={"oss":"oss_delete_list_empty_local_stub","redis":"redis_del_exists_empty_local_stub","langfuse":"langfuse_retention_delete_replica_local_stub"}
PASS  AP-PATH-01 · req=completed allErased=true evidence=3 cloudDeleted=false gap64Open=true
PASS  AP-NEG-01 · err=55000:privacy_authorization_resolve_vendor_unproven req=pending_external
PASS  AP-NEG-02 · err=55000:privacy_erasure_request_external_vendor_unproven inTxn=pending_external after=pending_external (NB-3 Ban wash attestation into wipe)
PASS  AP-NEG-03 · err=55000:privacy_external_erase_vendor_unproven status=retention_pending
PASS  AP-NEG-04 · req=pending_external langfuse=failed_cleanup allErased=false
PASS  AP-NEG-05 · req=pending_external allFailed=true
PASS  AP-N3-WIRE · confirmed=true evidenceN=3 (N3: pending→resolve after evidence)
PASS  AP-DEL-01 · httpStatus=503 code=interview_erasure_authorization_not_available
PASS  AP-HONEST-01 · env=local_isolated_stub cloudVendorDeleted=false gap64Open=true (stub≠cloud · :64 OPEN · Ban wash ada604a honesty into wipe)
PASS  C-CASECOUNT · all 10 present
{"line":"AR","gap":"GAP-PRIV-EXTERNAL-SINK-RETENTION","gapStatus":"OPEN","canHonestlyFlip":false,"gitSha":"43e14132618db41c67a4ad2ccd1f9b684385cd60","releaseEvidence":false,"haStatus":"NOT_HA","publicDelete":503,"environmentClass":"local_isolated_stub","cloudVendorDeleted":false,"evidenceClasses":{"oss":"oss_delete_list_empty_local_stub","redis":"redis_del_exists_empty_local_stub","langfuse":"langfuse_retention_delete_replica_local_stub"},"nb3":"external_confirmed≠vendor_deleted","citeHonestyNail":"ada604a","countAsErased":false,"coveredCount":8,"uc052":"partial","cases":{"AP-N1-CLASS":"pass","AP-PATH-01":"pass","AP-NEG-01":"pass","AP-NEG-02":"pass","AP-NEG-03":"pass","AP-NEG-04":"pass","AP-NEG-05":"pass","AP-N3-WIRE":"pass","AP-DEL-01":"pass","AP-HONEST-01":"pass","C-CASECOUNT":"pass"},"details":{"AP-N1-CLASS":"wrong=22023:privacy_vendor_evidence_class_mismatch right=NO_ERROR classes={\"oss\":\"oss_delete_list_empty_local_stub\",\"redis\":\"redis_del_exists_empty_local_stub\",\"langfuse\":\"langfuse_retention_delete_replica_local_stub\"}","AP-PATH-01":"req=completed allErased=true evidence=3 cloudDeleted=false gap64Open=true","AP-NEG-01":"err=55000:privacy_authorization_resolve_vendor_unproven req=pending_external","AP-NEG-02":"err=55000:privacy_erasure_request_external_vendor_unproven inTxn=pending_external after=pending_external (NB-3 Ban wash attestation into wipe)","AP-NEG-03":"err=55000:privacy_external_erase_vendor_unproven status=retention_pending","AP-NEG-04":"req=pending_external langfuse=failed_cleanup allErased=false","AP-NEG-05":"req=pending_external allFailed=true","AP-N3-WIRE":"confirmed=true evidenceN=3 (N3: pending→resolve after evidence)","AP-DEL-01":"httpStatus=503 code=interview_erasure_authorization_not_available","AP-HONEST-01":"env=local_isolated_stub cloudVendorDeleted=false gap64Open=true (stub≠cloud · :64 OPEN · Ban wash ada604a honesty into wipe)","C-CASECOUNT":"all 10 present"},"required":["AP-N1-CLASS","AP-PATH-01","AP-NEG-01","AP-NEG-02","AP-NEG-03","AP-NEG-04","AP-NEG-05","AP-N3-WIRE","AP-DEL-01","AP-HONEST-01"]}

✓ UC052 external sink async-purge prove PASS (stub path evidenced · ≠ cloud wipe · ≠ :64 CLOSED · ≠ covered · DELETE=503)
LOCAL_ISOLATED_PROOF_RECEIPT file=.tmp/isolated-proof-receipts/2026-10-06T16-07-35-365Z-1595359-df673296-29d7-4dc5-b850-c374719da478.json release_evidence=false
