with-docker-session: docker.sock permission gap in session; re-exec via sg docker (membership already in /etc/group; no grant/chmod/sudo)

> meetwise@0.1.0 uc052:internal-erasure:prove /workspace/meetwise-wt-ar-sink-prove
> node scripts/run-e2e-isolated.mjs uc052:internal-erasure:prove:raw

[R5-MARKED-RED] E2E_ISOLATION_STACK=pgvector-legacy (dual-track; SOLE_STACK=mysql-qdrant-redis is a dual-track code-path label ≠ product stack truth) E2E_PG_IMAGE=pgvector/pgvector:pg16 is a legacy pgvector isolation fixture — isolated test infra narration, NOT stack truth / NOT cutover evidence (product stack pin = ai-docs/delivery/adr-postgres-retained.md: Postgres · PostgresSaver · pgvector). Local green ≠ RAG migrated. releaseEvidence=false · Not HA · 本绿≠已迁 · local green ≠ HA · need multi-instance + fault-inject for releaseEvidence.
E2E_POSTGRES_READY label=boot consecutive=3 attempt=4
E2E isolated PostgreSQL: meetwise-e2e-1609177-1791303034030 on 127.0.0.1:33089
E2E_ISO_STACK_NOTE isolated shell = test infrastructure only: isolated test PG ≠ product stack change ≠ cutover evidence; product stack pin = ai-docs/delivery/adr-postgres-retained.md (Postgres retained · PostgresSaver · pgvector). releaseEvidence=false · Not HA.

> @meetwise/db@0.0.0 migrate /workspace/meetwise-wt-ar-sink-prove/packages/db
> tsx src/migrate-cli.ts

migrations: applied=139 skipped=0 rag_control_manifest=not_requested qbank_control_manifest=not_requested runtime_login=not_requested qbank_control_login=not_requested privacy_worker_login=not_requested
E2E_POSTGRES_READY label=post-migrate consecutive=3 attempt=3
E2E_POSTGRES_READY label=pre-prove consecutive=3 attempt=3

> @meetwise/db@0.0.0 prove:uc052-internal-erasure /workspace/meetwise-wt-ar-sink-prove/packages/db
> tsx test/uc052-internal-erasure.proof.ts

UC052_INTERNAL_ERASURE_PROVE gitSha=b0177922f41db212f804c67a861c34c2ab8b8f58 line=B
PASS  NHP-050-FAULT-01 · req=pending_external report=failed event=0 graph=0
PASS  NHP-050-FAULT-01 retry · report=erased req=pending_external
PASS  NHP-050-FAULT-02 · replayed=true sameReq=true idsMatch=true
PASS  NHP-050-FAULT-03 · lateRejected=true req=pending_external
PASS  NHP-050-FAULT-04 · claimRejected=true req=purging localsPending=true ckpt=erased externalsRp=true
PASS  NHP-050-FAULT-05 · second=created sameReq=false ledgerStable=true receipts=3->3 req=pending_external
PASS  NHP-050-NEG-02 · noSnap=true forgedNull=true
PASS  NHP-050-NEG-03 · crossRejected=true bEvents=2
PASS  NHP-050-BOUND-01 · winners=1 a=true b=false eventTargets=1
PASS  NHP-050-NEG-01 · httpStatus=503 grant=false
PASS  HP-050-01 · req=pending_external localsOk=true externalsOk=true
PASS  C-CASECOUNT · all present
{"line":"B","gitSha":"b0177922f41db212f804c67a861c34c2ab8b8f58","releaseEvidence":false,"haStatus":"NOT_HA","cases":{"NHP-050-FAULT-01":"pass","NHP-050-FAULT-02":"pass","NHP-050-FAULT-03":"pass","NHP-050-FAULT-04":"pass","NHP-050-FAULT-05":"pass","NHP-050-NEG-02":"pass","NHP-050-NEG-03":"pass","NHP-050-BOUND-01":"pass","NHP-050-NEG-01":"pass","HP-050-01":"pass","C-CASECOUNT":"pass"},"required":["NHP-050-FAULT-01","NHP-050-FAULT-02","NHP-050-FAULT-03","NHP-050-FAULT-04","NHP-050-FAULT-05","NHP-050-NEG-02","NHP-050-NEG-03","NHP-050-BOUND-01","NHP-050-NEG-01","HP-050-01"],"perSinkSql":{"event":"SELECT count(*) FROM interview_event WHERE stream_key=$interviewId  -- expect 0","ai_graph_run":"SELECT count(*) FROM ai_graph_run WHERE thread_id=$interviewId  -- expect 0","report":"SELECT count(*) FROM ai_report+assessment_report+learning_plan+learning_progress+career_path+question_feedback WHERE interview_id=$interviewId  -- expect 0","checkpoint_rows":"fence-only erased at begin (no physical checkpoint purge this knife)","oss_redis_langfuse":"status='retention_pending' on privacy_deletion_target"}}

✓ UC052 internal erasure prove PASS
LOCAL_ISOLATED_PROOF_RECEIPT file=.tmp/isolated-proof-receipts/2026-10-06T16-10-45-455Z-1609177-77f246d3-3bcc-4124-936e-cbda0f3d934b.json release_evidence=false
