
> meetwise@0.1.0 tenant-wiring-neg:prove /Users/miaole/Desktop/golucky/meetwise-line-priv01wire
> node scripts/run-e2e-isolated.mjs tenant-wiring-neg:prove:raw

[R5-MARKED-RED] E2E_ISOLATION_STACK=pgvector-legacy (dual-track; SOLE_STACK=mysql-qdrant-redis is a dual-track code-path label ≠ product stack truth) E2E_PG_IMAGE=pgvector/pgvector:pg16 is a legacy pgvector isolation fixture — isolated test infra narration, NOT stack truth / NOT cutover evidence (product stack pin = ai-docs/delivery/adr-postgres-retained.md: Postgres · PostgresSaver · pgvector). Local green ≠ RAG migrated. releaseEvidence=false · Not HA · 本绿≠已迁 · local green ≠ HA · need multi-instance + fault-inject for releaseEvidence.
E2E_POSTGRES_READY label=boot consecutive=3 attempt=4
E2E isolated PostgreSQL: meetwise-e2e-91036-1791434143194 on 127.0.0.1:52314
E2E_ISO_STACK_NOTE isolated shell = test infrastructure only: isolated test PG ≠ product stack change ≠ cutover evidence; product stack pin = ai-docs/delivery/adr-postgres-retained.md (Postgres retained · PostgresSaver · pgvector). releaseEvidence=false · Not HA.

> @meetwise/db@0.0.0 migrate /Users/miaole/Desktop/golucky/meetwise-line-priv01wire/packages/db
> tsx src/migrate-cli.ts

migrations: applied=142 skipped=0 rag_control_manifest=not_requested qbank_control_manifest=not_requested runtime_login=not_requested qbank_control_login=not_requested privacy_worker_login=not_requested
E2E_POSTGRES_READY label=post-migrate consecutive=3 attempt=3
E2E_POSTGRES_READY label=pre-prove consecutive=3 attempt=3

> @meetwise/db@0.0.0 prove:tenant-wiring-neg /Users/miaole/Desktop/golucky/meetwise-line-priv01wire/packages/db
> tsx test/tenant-wiring-neg.proof.ts

PASS  N1 cross-owner list isolation: user-b sees none of user-a notifications — userBrows=0
PASS  N1b unreadCount scoped: user-b=0 while user-a=2 — userB=0 userA=2
PASS  N2 cross-owner single-id read: 0 rows (indistinguishable 404 at API) — rowCount=0
PASS  N3 cross-owner single-id write fail-closed: exactly one attempt → false — attempts=1 result=false
PASS  N3b user-a row untouched by cross-owner write
PASS  N4 cross-owner bulk write: user-b marks 0 of user-a rows — marked=0
PASS  N5 RLS root intact: cross-owner impersonating INSERT rejected (42501) — got=42501
PASS  N6 positive control: user-a own-id markNotificationRead → true — result=true
PASS  N7 helper fail-closed: blank/missing owner → tenant_owner_user_id_required — blank=tenant_owner_user_id_required missing=tenant_owner_user_id_required

✓ tenant-wiring cross-owner NEG proof passed (EXIT=0)
LOCAL_ISOLATED_PROOF_RECEIPT file=.tmp/isolated-proof-receipts/2026-10-08T04-35-48-852Z-91036-cd0f1f93-5501-41e3-bd5d-3f4d0d8d48f4.json release_evidence=false
