1791299496915 
1791299496916 > meetwise@0.1.0 uc018:perf-load:prove /workspace/meetwise-wt-an-perf-prove6
1791299496916 > node scripts/run-e2e-isolated.mjs uc018:perf-load:prove:raw
1791299496916 
1791299497038 [R5-MARKED-RED] E2E_ISOLATION_STACK=pgvector-legacy (dual-track; SOLE_STACK=mysql-qdrant-redis is a dual-track code-path label ≠ product stack truth) E2E_PG_IMAGE=pgvector/pgvector:pg16 is a legacy pgvector isolation fixture — isolated test infra narration, NOT stack truth / NOT cutover evidence (product stack pin = ai-docs/delivery/adr-postgres-retained.md: Postgres · PostgresSaver · pgvector). Local green ≠ RAG migrated. releaseEvidence=false · Not HA · 本绿≠已迁 · local green ≠ HA · need multi-instance + fault-inject for releaseEvidence.
1791299497040 E2E_RESOURCE_CAPS target=uc018:perf-load:prove:raw docker_args=--cpus 2 --memory 4g
1791299500927 E2E_POSTGRES_READY label=boot consecutive=3 attempt=4
1791299500927 E2E isolated PostgreSQL: meetwise-e2e-1506028-1791299497035 on 127.0.0.1:33062
1791299500928 E2E_ISO_STACK_NOTE isolated shell = test infrastructure only: isolated test PG ≠ product stack change ≠ cutover evidence; product stack pin = ai-docs/delivery/adr-postgres-retained.md (Postgres retained · PostgresSaver · pgvector). releaseEvidence=false · Not HA.
1791299501836 E2E_POSTGRES_READY label=pre-prove consecutive=3 attempt=3
1791299501954 UC018_CAPS pg container=meetwise-e2e-1506028-1791299497035 NanoCpus=2000000000 Memory=4294967296 ok=true
1791299507806 UC018_CAPS written enforced=true api NanoCpus=2000000000 Memory=4294967296
1791299509720 UC-E2E-018 PERF/LOAD prove · NHP-018-PERF-01 + NHP-018-LOAD-01
1791299509720 NOTE: Method freeze nearest-rank · timeout=10s=error · warmup=10 · runs=3 · caps Docker 2cpu/4GiB
1791299509720 NOTE: local ≠ production capacity ≠ HA · PERF/LOAD partial ≠ UC covered · §1.1 stays partial
1791299510049 fatal: not a git repository: /workspace/projects/meetwise/.git/worktrees/meetwise-wt-an-perf-prove6
1791299510619 PERF run1: p50=22.7 p95=69.1 p99=80.8 err=0 timeout=0 passed=true
1791299510943 LOAD run1: p50=47.6 p95=128.5 p99=145.7 err=0 timeout=0 dblRel=0 stuck=0 stuckGraph=0 passed=true
1791299511373 PERF run2: p50=17.6 p95=52.4 p99=62.3 err=0 timeout=0 passed=true
1791299511640 LOAD run2: p50=30.4 p95=81.3 p99=100.7 err=0 timeout=0 dblRel=0 stuck=0 stuckGraph=0 passed=true
1791299511668 {"event":"db_pool_error","purpose":"default","count":1,"error_name":"error","error_message":"terminating connection due to administrator command"}
1791299511668 {"event":"db_pool_error","purpose":"default","count":2,"error_name":"error","error_message":"terminating connection due to administrator command"}
1791299511669 /workspace/meetwise-wt-an-perf-prove6/node_modules/.pnpm/pg@8.22.0/node_modules/pg/lib/client.js:652
1791299511669           Error.captureStackTrace(err)
1791299511669                 ^
1791299511669 
1791299511669 Error: Client has encountered a connection error and is not queryable
1791299511669     at /workspace/meetwise-wt-an-perf-prove6/node_modules/.pnpm/pg@8.22.0/node_modules/pg/lib/client.js:652:17
1791299511669     at process.processTicksAndRejections (node:internal/process/task_queues:95:5)
1791299511669     at async asPrincipal (file:///workspace/meetwise-wt-an-perf-prove6/packages/db/src/principal.ts:1280:9)
1791299511669     at async seedAbandonTargets (file:///workspace/meetwise-wt-an-perf-prove6/apps/api/test/uc-e2e-018-perf-load.proof.ts:237:9)
1791299511669     at async runPerf (file:///workspace/meetwise-wt-an-perf-prove6/apps/api/test/uc-e2e-018-perf-load.proof.ts:250:17)
1791299511669     at async file:///workspace/meetwise-wt-an-perf-prove6/apps/api/test/uc-e2e-018-perf-load.proof.ts:444:19
1791299511669 
1791299511669 Node.js v20.20.2
1791299513219 ISOLATED_POSTGRES_OUTPUT_WITHHELD container=meetwise-e2e-1506028-1791299497035 state_bytes=229 logs_bytes=1778
1791299514007 LOCAL_ISOLATED_PROOF_RECEIPT file=.tmp/isolated-proof-receipts/2026-10-06T15-11-53-933Z-1506028-78f542c6-74dc-463d-994b-b3d5c7f0c7f8.json release_evidence=false
1791299514030  ELIFECYCLE  Command failed with exit code 1.
