
> meetwise@0.1.0 privacy-authorization:prove /workspace/meetwise-lineB
> node scripts/run-e2e-isolated.mjs privacy-authorization:prove:raw

[R5-MARKED-RED] E2E_ISOLATION_STACK=pgvector-legacy (dual-track; intended sole default=mysql-qdrant-redis) E2E_PG_IMAGE=pgvector/pgvector:pg16 is a legacy pgvector isolation fixture — NOT sole-stack truth (sole stack = MySQL+Qdrant+Redis). Local green ≠ RAG migrated. releaseEvidence=false · Not HA · 本绿≠已迁 · local green ≠ HA · need multi-instance + fault-inject for releaseEvidence.
E2E_POSTGRES_READY label=boot consecutive=3 attempt=4
E2E isolated PostgreSQL: meetwise-e2e-1936193-1790226030285 on 127.0.0.1:33047

> @meetwise/db@0.0.0 migrate /workspace/meetwise-lineB/packages/db
> tsx src/migrate-cli.ts

migrations: applied=134 skipped=0 rag_control_manifest=not_requested qbank_control_manifest=not_requested runtime_login=not_requested qbank_control_login=not_requested privacy_worker_login=not_requested
E2E_POSTGRES_READY label=post-migrate consecutive=3 attempt=3

> @meetwise/db@0.0.0 prove:privacy-authorization /workspace/meetwise-lineB/packages/db
> tsx test/privacy-authorization.proof.ts

Error: connect ECONNREFUSED 127.0.0.1:33047
    at /workspace/meetwise-lineB/node_modules/.pnpm/pg-pool@3.14.0_pg@8.22.0/node_modules/pg-pool/index.js:45:11
    at process.processTicksAndRejections (node:internal/process/task_queues:95:5)
    at async assertIsolatedTestTarget (/workspace/meetwise-lineB/packages/db/src/isolated-test-target.ts:73:18)
    at async main (/workspace/meetwise-lineB/packages/db/test/privacy-authorization.proof.ts:119:3) {
  errno: -111,
  code: 'ECONNREFUSED',
  syscall: 'connect',
  address: '127.0.0.1',
  port: 33047
}
 ELIFECYCLE  Command failed with exit code 1.
ISOLATED_POSTGRES_OUTPUT_WITHHELD container=meetwise-e2e-1936193-1790226030285 state_bytes=29 logs_bytes=29
LOCAL_ISOLATED_PROOF_RECEIPT file=.tmp/isolated-proof-receipts/2026-09-24T05-00-41-708Z-1936193-06f8f294-1e29-4de1-8789-8a7b70087233.json release_evidence=false
 ELIFECYCLE  Command failed with exit code 1.
