=== pnpm install --frozen-lockfile EXIT=0 ===
Scope: all 12 workspace projects
Lockfile is up to date, resolution step is skipped
Progress: resolved 1, reused 0, downloaded 0, added 0
Packages: +606
++++++++++++++++++++++++++++++++++++++++++++++++++++++++++++++++++++++++++++++++
Progress: resolved 606, reused 606, downloaded 0, added 606, done

devDependencies:
+ @types/node 26.0.1
+ dependency-cruiser 18.0.0
+ esbuild 0.28.1
+ tsx 4.22.4
+ turbo 2.10.0
+ typescript 6.0.3

╭ Warning ─────────────────────────────────────────────────────────────────────╮
│                                                                              │
│   Ignored build scripts: @parcel/watcher, @swc/core, esbuild, protobufjs,    │
│   sharp.                                                                     │
│   Run "pnpm approve-builds" to pick which dependencies should be allowed     │
│   to run scripts.                                                            │
│                                                                              │
╰──────────────────────────────────────────────────────────────────────────────╯

Done in 1.8s using pnpm v10.18.0



=== pnpm uc018:abandon:full-e2e:prove EXIT=0 ===

> meetwise@0.1.0 uc018:abandon:full-e2e:prove /workspace/meetwise-lineA-backfill/85d36c7
> E2E_UC018_ABANDON_ONLY=1 node scripts/run-e2e-isolated.mjs e2e:prove

E2E isolated PostgreSQL: meetwise-e2e-1856199-1790224674644 on 127.0.0.1:33017

> @meetwise/db@0.0.0 migrate /workspace/meetwise-lineA-backfill/85d36c7/packages/db
> tsx src/migrate-cli.ts

migrations: applied=134 skipped=0 rag_control_manifest=not_requested qbank_control_manifest=not_requested runtime_login=not_requested qbank_control_login=not_requested privacy_worker_login=not_requested
E2E_FINAL_SUMMARY assertions=14
E2E_REVIEW_CLASS_COUNT count=1
E2E_REVIEW_CODES codes=image_ocr_unavailable
LOCAL_E2E_RECEIPT file=.tmp/e2e-receipts/2026-09-24T04-38-10-672Z-1856199-a29721e0-7168-4871-b046-e1c9814afe32.json release_evidence=false

[R5-MARKED-RED] E2E_ISOLATION_STACK=pgvector-legacy (dual-track; intended sole default=mysql-qdrant-redis) E2E_PG_IMAGE=pgvector/pgvector:pg16 is a legacy pgvector isolation fixture — NOT sole-stack truth (sole stack = MySQL+Qdrant+Redis). Local green ≠ RAG migrated. releaseEvidence=false · Not HA · 本绿≠已迁 · local green ≠ HA · need multi-instance + fault-inject for releaseEvidence.

