=== pnpm install --frozen-lockfile EXIT=0 ===
Scope: all 12 workspace projects
Lockfile is up to date, resolution step is skipped
Progress: resolved 1, reused 0, downloaded 0, added 0
Packages: +606
++++++++++++++++++++++++++++++++++++++++++++++++++++++++++++++++++++++++++++++++
Progress: resolved 606, reused 606, downloaded 0, added 606, done

devDependencies:
+ @types/node 26.0.1
+ dependency-cruiser 18.0.0
+ esbuild 0.28.1
+ tsx 4.22.4
+ turbo 2.10.0
+ typescript 6.0.3

╭ Warning ─────────────────────────────────────────────────────────────────────╮
│                                                                              │
│   Ignored build scripts: @parcel/watcher, @swc/core, esbuild, protobufjs,    │
│   sharp.                                                                     │
│   Run "pnpm approve-builds" to pick which dependencies should be allowed     │
│   to run scripts.                                                            │
│                                                                              │
╰──────────────────────────────────────────────────────────────────────────────╯

Done in 1.8s using pnpm v10.18.0



=== pnpm uc018:ui:prove EXIT=1 ===

> meetwise@0.1.0 uc018:ui:prove /workspace/meetwise-lineA-backfill/e88d386
> E2E_UI_GREP=UC018-UI-abandon E2E_UI_PROJECT=chromium E2E_UI_SKIP_WORKER=1 node scripts/run-e2e-isolated.mjs e2e:ui

E2E isolated PostgreSQL: meetwise-e2e-1852154-1790224576927 on 127.0.0.1:33015

> @meetwise/db@0.0.0 migrate /workspace/meetwise-lineA-backfill/e88d386/packages/db
> tsx src/migrate-cli.ts

migrations: applied=134 skipped=0 rag_control_manifest=not_requested qbank_control_manifest=not_requested runtime_login=not_requested qbank_control_login=not_requested privacy_worker_login=not_requested

> meetwise@0.1.0 e2e:ui /workspace/meetwise-lineA-backfill/e88d386
> node scripts/run-e2e-ui.mjs

E2E-UI: 启 api（skip worker · UC018 UI abandon 专用）…
[api] api on 127.0.0.1:31731
E2E-UI: 启 web(production next start, :31723)…
[web]    ▲ Next.js 15.5.19
[web]    - Local:        http://localhost:31723
   - Network:      http://172.30.0.2:31723

 ✓ Starting...
E2E_FAILURE class=frontend code=web_not_ready
 ELIFECYCLE  Command failed with exit code 1.
 ELIFECYCLE  Command failed with exit code 1.

[R5-MARKED-RED] E2E_ISOLATION_STACK=pgvector-legacy (dual-track; intended sole default=mysql-qdrant-redis) E2E_PG_IMAGE=pgvector/pgvector:pg16 is a legacy pgvector isolation fixture — NOT sole-stack truth (sole stack = MySQL+Qdrant+Redis). Local green ≠ RAG migrated. releaseEvidence=false · Not HA · 本绿≠已迁 · local green ≠ HA · need multi-instance + fault-inject for releaseEvidence.
[web] [Error: Could not find a production build in the '.next' directory. Try building your app with 'next build' before starting the production server. https://nextjs.org/docs/messages/production-start-no-build-id]
E2E_FAILURE class=frontend code=web_not_ready
ISOLATED_POSTGRES_OUTPUT_WITHHELD container=meetwise-e2e-1852154-1790224576927 state_bytes=219 logs_bytes=1659

