CMD_START_UTC=2026-10-08T02:31:35Z
CMD=cd /Users/miaole/Desktop/golucky/meetwise-line-g7v-fix && set -a && source ~/.meetwise-secrets/load-model-api-key.sh && set +a && E2E_UI_GREP='C→B: real browser binds application' pnpm e2e:ui:isolated
CODE_SHA=4faa61ef169ea0b4069f42b8084ad024fae8b784

> meetwise@0.1.0 e2e:ui:isolated /Users/miaole/Desktop/golucky/meetwise-line-g7v-fix
> node scripts/run-e2e-isolated.mjs e2e:ui

[R5-MARKED-RED] E2E_ISOLATION_STACK=pgvector-legacy (dual-track; SOLE_STACK=mysql-qdrant-redis is a dual-track code-path label ≠ product stack truth) E2E_PG_IMAGE=pgvector/pgvector:pg16 is a legacy pgvector isolation fixture — isolated test infra narration, NOT stack truth / NOT cutover evidence (product stack pin = ai-docs/delivery/adr-postgres-retained.md: Postgres · PostgresSaver · pgvector). Local green ≠ RAG migrated. releaseEvidence=false · Not HA · 本绿≠已迁 · local green ≠ HA · need multi-instance + fault-inject for releaseEvidence.
E2E_POSTGRES_READY label=boot consecutive=3 attempt=4
E2E isolated PostgreSQL: meetwise-e2e-40151-1791426695734 on 127.0.0.1:52857
E2E_ISO_STACK_NOTE isolated shell = test infrastructure only: isolated test PG ≠ product stack change ≠ cutover evidence; product stack pin = ai-docs/delivery/adr-postgres-retained.md (Postgres retained · PostgresSaver · pgvector). releaseEvidence=false · Not HA.

> @meetwise/db@0.0.0 migrate /Users/miaole/Desktop/golucky/meetwise-line-g7v-fix/packages/db
> tsx src/migrate-cli.ts

migrations: applied=142 skipped=0 rag_control_manifest=not_requested qbank_control_manifest=not_requested runtime_login=not_requested qbank_control_login=not_requested privacy_worker_login=not_requested
E2E_POSTGRES_READY label=post-migrate consecutive=3 attempt=3
E2E_POSTGRES_READY label=pre-prove consecutive=3 attempt=3

> meetwise@0.1.0 e2e:ui /Users/miaole/Desktop/golucky/meetwise-line-g7v-fix
> node scripts/run-e2e-ui.mjs

E2E-UI: 启 api + worker…
E2E-UI: 无 .next/BUILD_ID，先 next build 再 next start…
E2E-UI: 启 web(production next start, :20480)…
E2E-UI: 跑 Playwright 浏览器用例…

Running 2 tests using 1 worker

[g7u-fixture] route_decided observed: 4018ms since wait start, 974ms wait-anchor offset after publish click, revision_status=route_decided, attempt_outcome=result_validated, decision_created_at=2026-10-08T02:32:27.848Z
  ✓  1 [chromium] › e2e-ui/recruiting-bound.spec.ts:142:1 › C→B: real browser binds application to a new interview, completes it, and front-end finalizes it (1.7m)
[g7u-fixture] route_decided observed: 3017ms since wait start, 1705ms wait-anchor offset after publish click, revision_status=route_decided, attempt_outcome=result_validated, decision_created_at=2026-10-08T02:34:13.114Z
  ✘  2 [mobile] › e2e-ui/recruiting-bound.spec.ts:142:1 › C→B: real browser binds application to a new interview, completes it, and front-end finalizes it (3.4m)


  1) [mobile] › e2e-ui/recruiting-bound.spec.ts:142:1 › C→B: real browser binds application to a new interview, completes it, and front-end finalizes it 

    AggregateError: All promises were rejected

    TimeoutError: locator.waitFor: Timeout 120000ms exceeded.
    Call log:
      - waiting for getByText('报告暂时无法生成') to be visible


      230 |     expect(releasedCopyOnCharged, '第三臂 no_eligible_scored_answer：UI「本次预留额度已释放」文案与已扣费结算（completeInterviewAndConfirm）相悖——C-HA-V1 不作 PASS 容忍面，须升级披露').toBe(false);
      231 |     // 扣费臂（已扣费 · business-events.ts:55 语义「面试已经完成并扣费」）：等报告 worker 异步结算面分臂（实测 ~40s，cap 120s）。
    > 232 |     await Promise.any([page.getByText(REPORT_DOWN_MSG_PART), page.getByText(PRACTICE_FEEDBACK_PART)].map((f) => f.waitFor({ state: 'visible', timeout: 120_000 })));
          |                                                                                                                   ^
      233 |     if (await page.getByText(PRACTICE_FEEDBACK_PART).isVisible()) {
      234 |       // 扣费·报告就绪臂：complete+enqueueReport 成功 → 练习反馈面（仅供个人复盘）。
      235 |       await expect(page.getByText(PRACTICE_FEEDBACK_PART)).toBeVisible();
        at map (/Users/miaole/Desktop/golucky/meetwise-line-g7v-fix/apps/web/e2e-ui/recruiting-bound.spec.ts:232:115)
        at /Users/miaole/Desktop/golucky/meetwise-line-g7v-fix/apps/web/e2e-ui/recruiting-bound.spec.ts:232:102

    TimeoutError: locator.waitFor: Timeout 120000ms exceeded.
    Call log:
      - waiting for getByText('练习完成 · 本次练习反馈') to be visible


      230 |     expect(releasedCopyOnCharged, '第三臂 no_eligible_scored_answer：UI「本次预留额度已释放」文案与已扣费结算（completeInterviewAndConfirm）相悖——C-HA-V1 不作 PASS 容忍面，须升级披露').toBe(false);
      231 |     // 扣费臂（已扣费 · business-events.ts:55 语义「面试已经完成并扣费」）：等报告 worker 异步结算面分臂（实测 ~40s，cap 120s）。
    > 232 |     await Promise.any([page.getByText(REPORT_DOWN_MSG_PART), page.getByText(PRACTICE_FEEDBACK_PART)].map((f) => f.waitFor({ state: 'visible', timeout: 120_000 })));
          |                                                                                                                   ^
      233 |     if (await page.getByText(PRACTICE_FEEDBACK_PART).isVisible()) {
      234 |       // 扣费·报告就绪臂：complete+enqueueReport 成功 → 练习反馈面（仅供个人复盘）。
      235 |       await expect(page.getByText(PRACTICE_FEEDBACK_PART)).toBeVisible();
        at map (/Users/miaole/Desktop/golucky/meetwise-line-g7v-fix/apps/web/e2e-ui/recruiting-bound.spec.ts:232:115)
        at /Users/miaole/Desktop/golucky/meetwise-line-g7v-fix/apps/web/e2e-ui/recruiting-bound.spec.ts:232:102

    attachment #1: screenshot (image/png) ──────────────────────────────────────────────────────────
    test-results/recruiting-bound-C→B-real--daf97--and-front-end-finalizes-it-mobile/test-failed-1.png
    ────────────────────────────────────────────────────────────────────────────────────────────────

    attachment #2: screenshot (image/png) ──────────────────────────────────────────────────────────
    test-results/recruiting-bound-C→B-real--daf97--and-front-end-finalizes-it-mobile/test-failed-2.png
    ────────────────────────────────────────────────────────────────────────────────────────────────

    Error Context: test-results/recruiting-bound-C→B-real--daf97--and-front-end-finalizes-it-mobile/error-context.md

    attachment #4: trace (application/zip) ─────────────────────────────────────────────────────────
    test-results/recruiting-bound-C→B-real--daf97--and-front-end-finalizes-it-mobile/trace.zip
    Usage:

        pnpm exec playwright show-trace test-results/recruiting-bound-C→B-real--daf97--and-front-end-finalizes-it-mobile/trace.zip

    ────────────────────────────────────────────────────────────────────────────────────────────────

  1 failed
    [mobile] › e2e-ui/recruiting-bound.spec.ts:142:1 › C→B: real browser binds application to a new interview, completes it, and front-end finalizes it 
  1 passed (5.1m)
E2E_PROCESS_OUTPUT_WITHHELD process=worker:stderr chunks=3 bytes=214
E2E_PROCESS_OUTPUT_WITHHELD process=worker:stdout chunks=5 bytes=666
E2E_PROCESS_OUTPUT_WITHHELD process=api:stdout chunks=1 bytes=23
E2E_PROCESS_OUTPUT_WITHHELD process=web-build:stdout chunks=16 bytes=4327
E2E_PROCESS_OUTPUT_WITHHELD process=web-build:stderr chunks=3 bytes=1461
E2E_PROCESS_OUTPUT_WITHHELD process=web:stdout chunks=2 bytes=148
E2E_PROCESS_OUTPUT_WITHHELD process=web:stderr chunks=1 bytes=120
E2E_PROCESS_OUTPUT_WITHHELD process=playwright:stdout chunks=11 bytes=6145
E2E_FAILURE class=frontend code=client_exited
E2E_FAILURE class=frontend code=client_exited
 ELIFECYCLE  Command failed with exit code 1.
ISOLATED_POSTGRES_OUTPUT_WITHHELD container=meetwise-e2e-40151-1791426695734 state_bytes=217 logs_bytes=1617
 ELIFECYCLE  Command failed with exit code 1.
MAINPROVE_EXIT=1
CMD_END_UTC=2026-10-08T02:37:29Z
